../Drivers/CMSIS/Include/core_cm4.h:2064:26:ITM_SendChar	16	static,ignoring_inline_asm
../Core/Src/main.c:88:5:absolute	16	static
../Core/Src/main.c:92:6:read_Accel	8	static
../Core/Src/main.c:110:13:func_INACTIVO	16	static
../Core/Src/main.c:121:13:func_ACTIVO	16	static
../Core/Src/main.c:129:12:read_BTN	16	static
../Core/Src/main.c:158:5:main	16	static
../Core/Src/main.c:229:6:SystemClock_Config	88	static
../Core/Src/main.c:275:13:MX_I2C1_Init	8	static
../Core/Src/main.c:309:13:MX_SPI1_Init	8	static
../Core/Src/main.c:347:13:MX_TIM3_Init	56	static
../Core/Src/main.c:402:13:MX_TIM4_Init	32	static
../Core/Src/main.c:447:13:MX_TIM10_Init	8	static
../Core/Src/main.c:478:13:MX_GPIO_Init	48	static
../Core/Src/main.c:515:5:_write	32	static
../Core/Src/main.c:532:6:Error_Handler	4	static,ignoring_inline_asm
