../Drivers/CMSIS/Include/core_cm4.h:2064:26:ITM_SendChar	16	static,ignoring_inline_asm
../Core/Src/main.c:90:5:absolute	16	static
../Core/Src/main.c:94:6:read_Accel	8	static
../Core/Src/main.c:112:13:func_INACTIVO	16	static
../Core/Src/main.c:122:13:func_ACTIVO	16	static
../Core/Src/main.c:129:12:read_BTN	16	static
../Core/Src/main.c:149:6:HAL_GPIO_EXTI_Callback	16	static
../Core/Src/main.c:164:5:main	16	static
../Core/Src/main.c:233:6:SystemClock_Config	88	static
../Core/Src/main.c:279:13:MX_I2C1_Init	8	static
../Core/Src/main.c:313:13:MX_SPI1_Init	8	static
../Core/Src/main.c:351:13:MX_TIM3_Init	56	static
../Core/Src/main.c:406:13:MX_TIM4_Init	32	static
../Core/Src/main.c:451:13:MX_TIM10_Init	8	static
../Core/Src/main.c:482:13:MX_GPIO_Init	48	static
../Core/Src/main.c:519:5:_write	32	static
../Core/Src/main.c:536:6:Error_Handler	4	static,ignoring_inline_asm
