Archive member included to satisfy reference by file (symbol)

C:/ST/STM32CubeIDE_1.16.1/STM32CubeIDE/plugins/com.st.stm32cube.ide.mcu.externaltools.gnu-tools-for-stm32.12.3.rel1.win32_1.0.200.202406191623/tools/bin/../lib/gcc/arm-none-eabi/12.3.1/../../../../arm-none-eabi/lib/thumb/v7e-m+fp/hard\libc_nano.a(libc_a-exit.o)
                              C:/ST/STM32CubeIDE_1.16.1/STM32CubeIDE/plugins/com.st.stm32cube.ide.mcu.externaltools.gnu-tools-for-stm32.12.3.rel1.win32_1.0.200.202406191623/tools/bin/../lib/gcc/arm-none-eabi/12.3.1/../../../../arm-none-eabi/lib/thumb/v7e-m+fp/hard/crt0.o (exit)
C:/ST/STM32CubeIDE_1.16.1/STM32CubeIDE/plugins/com.st.stm32cube.ide.mcu.externaltools.gnu-tools-for-stm32.12.3.rel1.win32_1.0.200.202406191623/tools/bin/../lib/gcc/arm-none-eabi/12.3.1/../../../../arm-none-eabi/lib/thumb/v7e-m+fp/hard\libc_nano.a(libc_a-findfp.o)
                              C:/ST/STM32CubeIDE_1.16.1/STM32CubeIDE/plugins/com.st.stm32cube.ide.mcu.externaltools.gnu-tools-for-stm32.12.3.rel1.win32_1.0.200.202406191623/tools/bin/../lib/gcc/arm-none-eabi/12.3.1/../../../../arm-none-eabi/lib/thumb/v7e-m+fp/hard\libc_nano.a(libc_a-exit.o) (__stdio_exit_handler)
C:/ST/STM32CubeIDE_1.16.1/STM32CubeIDE/plugins/com.st.stm32cube.ide.mcu.externaltools.gnu-tools-for-stm32.12.3.rel1.win32_1.0.200.202406191623/tools/bin/../lib/gcc/arm-none-eabi/12.3.1/../../../../arm-none-eabi/lib/thumb/v7e-m+fp/hard\libc_nano.a(libc_a-fwalk.o)
                              C:/ST/STM32CubeIDE_1.16.1/STM32CubeIDE/plugins/com.st.stm32cube.ide.mcu.externaltools.gnu-tools-for-stm32.12.3.rel1.win32_1.0.200.202406191623/tools/bin/../lib/gcc/arm-none-eabi/12.3.1/../../../../arm-none-eabi/lib/thumb/v7e-m+fp/hard\libc_nano.a(libc_a-findfp.o) (_fwalk_sglue)
C:/ST/STM32CubeIDE_1.16.1/STM32CubeIDE/plugins/com.st.stm32cube.ide.mcu.externaltools.gnu-tools-for-stm32.12.3.rel1.win32_1.0.200.202406191623/tools/bin/../lib/gcc/arm-none-eabi/12.3.1/../../../../arm-none-eabi/lib/thumb/v7e-m+fp/hard\libc_nano.a(libc_a-stdio.o)
                              C:/ST/STM32CubeIDE_1.16.1/STM32CubeIDE/plugins/com.st.stm32cube.ide.mcu.externaltools.gnu-tools-for-stm32.12.3.rel1.win32_1.0.200.202406191623/tools/bin/../lib/gcc/arm-none-eabi/12.3.1/../../../../arm-none-eabi/lib/thumb/v7e-m+fp/hard\libc_nano.a(libc_a-findfp.o) (__sread)
C:/ST/STM32CubeIDE_1.16.1/STM32CubeIDE/plugins/com.st.stm32cube.ide.mcu.externaltools.gnu-tools-for-stm32.12.3.rel1.win32_1.0.200.202406191623/tools/bin/../lib/gcc/arm-none-eabi/12.3.1/../../../../arm-none-eabi/lib/thumb/v7e-m+fp/hard\libc_nano.a(libc_a-memset.o)
                              C:/ST/STM32CubeIDE_1.16.1/STM32CubeIDE/plugins/com.st.stm32cube.ide.mcu.externaltools.gnu-tools-for-stm32.12.3.rel1.win32_1.0.200.202406191623/tools/bin/../lib/gcc/arm-none-eabi/12.3.1/../../../../arm-none-eabi/lib/thumb/v7e-m+fp/hard/crt0.o (memset)
C:/ST/STM32CubeIDE_1.16.1/STM32CubeIDE/plugins/com.st.stm32cube.ide.mcu.externaltools.gnu-tools-for-stm32.12.3.rel1.win32_1.0.200.202406191623/tools/bin/../lib/gcc/arm-none-eabi/12.3.1/../../../../arm-none-eabi/lib/thumb/v7e-m+fp/hard\libc_nano.a(libc_a-closer.o)
                              C:/ST/STM32CubeIDE_1.16.1/STM32CubeIDE/plugins/com.st.stm32cube.ide.mcu.externaltools.gnu-tools-for-stm32.12.3.rel1.win32_1.0.200.202406191623/tools/bin/../lib/gcc/arm-none-eabi/12.3.1/../../../../arm-none-eabi/lib/thumb/v7e-m+fp/hard\libc_nano.a(libc_a-stdio.o) (_close_r)
C:/ST/STM32CubeIDE_1.16.1/STM32CubeIDE/plugins/com.st.stm32cube.ide.mcu.externaltools.gnu-tools-for-stm32.12.3.rel1.win32_1.0.200.202406191623/tools/bin/../lib/gcc/arm-none-eabi/12.3.1/../../../../arm-none-eabi/lib/thumb/v7e-m+fp/hard\libc_nano.a(libc_a-reent.o)
                              C:/ST/STM32CubeIDE_1.16.1/STM32CubeIDE/plugins/com.st.stm32cube.ide.mcu.externaltools.gnu-tools-for-stm32.12.3.rel1.win32_1.0.200.202406191623/tools/bin/../lib/gcc/arm-none-eabi/12.3.1/../../../../arm-none-eabi/lib/thumb/v7e-m+fp/hard\libc_nano.a(libc_a-closer.o) (errno)
C:/ST/STM32CubeIDE_1.16.1/STM32CubeIDE/plugins/com.st.stm32cube.ide.mcu.externaltools.gnu-tools-for-stm32.12.3.rel1.win32_1.0.200.202406191623/tools/bin/../lib/gcc/arm-none-eabi/12.3.1/../../../../arm-none-eabi/lib/thumb/v7e-m+fp/hard\libc_nano.a(libc_a-impure.o)
                              C:/ST/STM32CubeIDE_1.16.1/STM32CubeIDE/plugins/com.st.stm32cube.ide.mcu.externaltools.gnu-tools-for-stm32.12.3.rel1.win32_1.0.200.202406191623/tools/bin/../lib/gcc/arm-none-eabi/12.3.1/../../../../arm-none-eabi/lib/thumb/v7e-m+fp/hard\libc_nano.a(libc_a-reent.o) (_impure_ptr)
C:/ST/STM32CubeIDE_1.16.1/STM32CubeIDE/plugins/com.st.stm32cube.ide.mcu.externaltools.gnu-tools-for-stm32.12.3.rel1.win32_1.0.200.202406191623/tools/bin/../lib/gcc/arm-none-eabi/12.3.1/../../../../arm-none-eabi/lib/thumb/v7e-m+fp/hard\libc_nano.a(libc_a-lseekr.o)
[...]
Memory Configuration

Name             Origin             Length             Attributes
RAM              0x20000000         0x00020000         xrw
FLASH            0x08000000         0x00080000         xr
*default*        0x00000000         0xffffffff

Linker script and memory map

LOAD C:/ST/STM32CubeIDE_1.16.1/STM32CubeIDE/plugins/com.st.stm32cube.ide.mcu.externaltools.gnu-tools-for-stm32.12.3.rel1.win32_1.0.200.202406191623/tools/bin/../lib/gcc/arm-none-eabi/12.3.1/thumb/v7e-m+fp/hard/crti.o
LOAD C:/ST/STM32CubeIDE_1.16.1/STM32CubeIDE/plugins/com.st.stm32cube.ide.mcu.externaltools.gnu-tools-for-stm32.12.3.rel1.win32_1.0.200.202406191623/tools/bin/../lib/gcc/arm-none-eabi/12.3.1/thumb/v7e-m+fp/hard/crtbegin.o
LOAD C:/ST/STM32CubeIDE_1.16.1/STM32CubeIDE/plugins/com.st.stm32cube.ide.mcu.externaltools.gnu-tools-for-stm32.12.3.rel1.win32_1.0.200.202406191623/tools/bin/../lib/gcc/arm-none-eabi/12.3.1/../../../../arm-none-eabi/lib/thumb/v7e-m+fp/hard/crt0.o
LOAD ./Core/Src/main.o
LOAD ./Core/Src/stm32f4xx_hal_msp.o
LOAD ./Core/Src/stm32f4xx_it.o
LOAD ./Core/Src/syscalls.o
LOAD ./Core/Src/sysmem.o
LOAD ./Core/Src/system_stm32f4xx.o
LOAD ./Core/Startup/startup_stm32f411vetx.o
LOAD ./Drivers/STM32F4xx_HAL_Driver/Src/stm32f4xx_hal.o
LOAD ./Drivers/STM32F4xx_HAL_Driver/Src/stm32f4xx_hal_cortex.o
LOAD ./Drivers/STM32F4xx_HAL_Driver/Src/stm32f4xx_hal_dma.o
LOAD ./Drivers/STM32F4xx_HAL_Driver/Src/stm32f4xx_hal_dma_ex.o
LOAD ./Drivers/STM32F4xx_HAL_Driver/Src/stm32f4xx_hal_exti.o
LOAD ./Drivers/STM32F4xx_HAL_Driver/Src/stm32f4xx_hal_flash.o
LOAD ./Drivers/STM32F4xx_HAL_Driver/Src/stm32f4xx_hal_flash_ex.o
LOAD ./Drivers/STM32F4xx_HAL_Driver/Src/stm32f4xx_hal_flash_ramfunc.o
LOAD ./Drivers/STM32F4xx_HAL_Driver/Src/stm32f4xx_hal_gpio.o
LOAD ./Drivers/STM32F4xx_HAL_Driver/Src/stm32f4xx_hal_i2c.o
LOAD ./Drivers/STM32F4xx_HAL_Driver/Src/stm32f4xx_hal_i2c_ex.o
LOAD ./Drivers/STM32F4xx_HAL_Driver/Src/stm32f4xx_hal_pwr.o
LOAD ./Drivers/STM32F4xx_HAL_Driver/Src/stm32f4xx_hal_pwr_ex.o
LOAD ./Drivers/STM32F4xx_HAL_Driver/Src/stm32f4xx_hal_rcc.o
LOAD ./Drivers/STM32F4xx_HAL_Driver/Src/stm32f4xx_hal_rcc_ex.o
LOAD ./Drivers/STM32F4xx_HAL_Driver/Src/stm32f4xx_hal_spi.o
LOAD ./Drivers/STM32F4xx_HAL_Driver/Src/stm32f4xx_hal_tim.o
LOAD ./Drivers/STM32F4xx_HAL_Driver/Src/stm32f4xx_hal_tim_ex.o
START GROUP
LOAD C:/ST/STM32CubeIDE_1.16.1/STM32CubeIDE/plugins/com.st.stm32cube.ide.mcu.externaltools.gnu-tools-for-stm32.12.3.rel1.win32_1.0.200.202406191623/tools/bin/../lib/gcc/arm-none-eabi/12.3.1/../../../../arm-none-eabi/lib/thumb/v7e-m+fp/hard\libc_nano.a
LOAD C:/ST/STM32CubeIDE_1.16.1/STM32CubeIDE/plugins/com.st.stm32cube.ide.mcu.externaltools.gnu-tools-for-stm32.12.3.rel1.win32_1.0.200.202406191623/tools/bin/../lib/gcc/arm-none-eabi/12.3.1/../../../../arm-none-eabi/lib/thumb/v7e-m+fp/hard\libm.a
END GROUP
START GROUP
LOAD C:/ST/STM32CubeIDE_1.16.1/STM32CubeIDE/plugins/com.st.stm32cube.ide.mcu.externaltools.gnu-tools-for-stm32.12.3.rel1.win32_1.0.200.202406191623/tools/bin/../lib/gcc/arm-none-eabi/12.3.1/thumb/v7e-m+fp/hard\libgcc.a
LOAD C:/ST/STM32CubeIDE_1.16.1/STM32CubeIDE/plugins/com.st.stm32cube.ide.mcu.externaltools.gnu-tools-for-stm32.12.3.rel1.win32_1.0.200.202406191623/tools/bin/../lib/gcc/arm-none-eabi/12.3.1/../../../../arm-none-eabi/lib/thumb/v7e-m+fp/hard\libc_nano.a
END GROUP
START GROUP
LOAD C:/ST/STM32CubeIDE_1.16.1/STM32CubeIDE/plugins/com.st.stm32cube.ide.mcu.externaltools.gnu-tools-for-stm32.12.3.rel1.win32_1.0.200.202406191623/tools/bin/../lib/gcc/arm-none-eabi/12.3.1/thumb/v7e-m+fp/hard\libgcc.a
LOAD C:/ST/STM32CubeIDE_1.16.1/STM32CubeIDE/plugins/com.st.stm32cube.ide.mcu.externaltools.gnu-tools-for-stm32.12.3.rel1.win32_1.0.200.202406191623/tools/bin/../lib/gcc/arm-none-eabi/12.3.1/../../../../arm-none-eabi/lib/thumb/v7e-m+fp/hard\libc_nano.a
LOAD C:/ST/STM32CubeIDE_1.16.1/STM32CubeIDE/plugins/com.st.stm32cube.ide.mcu.externaltools.gnu-tools-for-stm32.12.3.rel1.win32_1.0.200.202406191623/tools/bin/../lib/gcc/arm-none-eabi/12.3.1/../../../../arm-none-eabi/lib/thumb/v7e-m+fp/hard\libnosys.a
END GROUP
START GROUP
LOAD C:/ST/STM32CubeIDE_1.16.1/STM32CubeIDE/plugins/com.st.stm32cube.ide.mcu.externaltools.gnu-tools-for-stm32.12.3.rel1.win32_1.0.200.202406191623/tools/bin/../lib/gcc/arm-none-eabi/12.3.1/thumb/v7e-m+fp/hard\libgcc.a
LOAD C:/ST/STM32CubeIDE_1.16.1/STM32CubeIDE/plugins/com.st.stm32cube.ide.mcu.externaltools.gnu-tools-for-stm32.12.3.rel1.win32_1.0.200.202406191623/tools/bin/../lib/gcc/arm-none-eabi/12.3.1/../../../../arm-none-eabi/lib/thumb/v7e-m+fp/hard\libc_nano.a
LOAD C:/ST/STM32CubeIDE_1.16.1/STM32CubeIDE/plugins/com.st.stm32cube.ide.mcu.externaltools.gnu-tools-for-stm32.12.3.rel1.win32_1.0.200.202406191623/tools/bin/../lib/gcc/arm-none-eabi/12.3.1/../../../../arm-none-eabi/lib/thumb/v7e-m+fp/hard\libnosys.a
END GROUP
LOAD C:/ST/STM32CubeIDE_1.16.1/STM32CubeIDE/plugins/com.st.stm32cube.ide.mcu.externaltools.gnu-tools-for-stm32.12.3.rel1.win32_1.0.200.202406191623/tools/bin/../lib/gcc/arm-none-eabi/12.3.1/thumb/v7e-m+fp/hard/crtend.o
LOAD C:/ST/STM32CubeIDE_1.16.1/STM32CubeIDE/plugins/com.st.stm32cube.ide.mcu.externaltools.gnu-tools-for-stm32.12.3.rel1.win32_1.0.200.202406191623/tools/bin/../lib/gcc/arm-none-eabi/12.3.1/thumb/v7e-m+fp/hard/crtn.o
                0x20020000                        _estack = (ORIGIN (RAM) + LENGTH (RAM))
                0x00000200                        _Min_Heap_Size = 0x200
                0x00000400                        _Min_Stack_Size = 0x400

.isr_vector     0x08000000      0x198
                0x08000000                        . = ALIGN (0x4)
 *(.isr_vector)
 .isr_vector    0x08000000      0x198 ./Core/Startup/startup_stm32f411vetx.o
                0x08000000                g_pfnVectors
                0x08000198                        . = ALIGN (0x4)

.text           0x08000198     0x2968
                0x08000198                        . = ALIGN (0x4)
 *(.text)
 .text          0x08000198       0x40 C:/ST/STM32CubeIDE_1.16.1/STM32CubeIDE/plugins/com.st.stm32cube.ide.mcu.externaltools.gnu-tools-for-stm32.12.3.rel1.win32_1.0.200.202406191623/tools/bin/../lib/gcc/arm-none-eabi/12.3.1/thumb/v7e-m+fp/hard/crtbegin.o
 .text          0x080001d8       0x30 C:/ST/STM32CubeIDE_1.16.1/STM32CubeIDE/plugins/com.st.stm32cube.ide.mcu.externaltools.gnu-tools-for-stm32.12.3.rel1.win32_1.0.200.202406191623/tools/bin/../lib/gcc/arm-none-eabi/12.3.1/thumb/v7e-m+fp/hard\libgcc.a(_aeabi_uldivmod.o)
                0x080001d8                __aeabi_uldivmod
 .text          0x08000208      0x2bc C:/ST/STM32CubeIDE_1.16.1/STM32CubeIDE/plugins/com.st.stm32cube.ide.mcu.externaltools.gnu-tools-for-stm32.12.3.rel1.win32_1.0.200.202406191623/tools/bin/../lib/gcc/arm-none-eabi/12.3.1/thumb/v7e-m+fp/hard\libgcc.a(_udivmoddi4.o)
                0x08000208                __udivmoddi4
 .text          0x080004c4        0x4 C:/ST/STM32CubeIDE_1.16.1/STM32CubeIDE/plugins/com.st.stm32cube.ide.mcu.externaltools.gnu-tools-for-stm32.12.3.rel1.win32_1.0.200.202406191623/tools/bin/../lib/gcc/arm-none-eabi/12.3.1/thumb/v7e-m+fp/hard\libgcc.a(_dvmd_tls.o)
                0x080004c4                __aeabi_idiv0
                0x080004c4                __aeabi_ldiv0
 *(.text*)
 .text.main     0x080004c8       0x20 ./Core/Src/main.o
                0x080004c8                main
 .text.SystemClock_Config
                0x080004e8       0xd0 ./Core/Src/main.o
                0x080004e8                SystemClock_Config
 .text.MX_I2C1_Init
                0x080005b8       0x5c ./Core/Src/main.o
 .text.MX_SPI1_Init
                0x08000614       0x6c ./Core/Src/main.o
 .text.MX_TIM4_Init
                0x08000680      0x118 ./Core/Src/main.o
 .text.MX_GPIO_Init
                0x08000798      0x278 ./Core/Src/main.o
 .text.Error_Handler
                0x08000a10        0xc ./Core/Src/main.o
                0x08000a10                Error_Handler
 .text.HAL_MspInit
                0x08000a1c       0x50 ./Core/Src/stm32f4xx_hal_msp.o
                0x08000a1c                HAL_MspInit
 .text.HAL_I2C_MspInit
                0x08000a6c       0x90 ./Core/Src/stm32f4xx_hal_msp.o
                0x08000a6c                HAL_I2C_MspInit
 .text.HAL_SPI_MspInit
                0x08000afc       0x90 ./Core/Src/stm32f4xx_hal_msp.o
                0x08000afc                HAL_SPI_MspInit
 .text.HAL_TIM_Base_MspInit
                0x08000b8c       0x44 ./Core/Src/stm32f4xx_hal_msp.o
                0x08000b8c                HAL_TIM_Base_MspInit
 .text.HAL_TIM_MspPostInit
                0x08000bd0       0xb4 ./Core/Src/stm32f4xx_hal_msp.o
                0x08000bd0                HAL_TIM_MspPostInit
 .text.NMI_Handler
                0x08000c84        0x8 ./Core/Src/stm32f4xx_it.o
                0x08000c84                NMI_Handler
 .text.HardFault_Handler
                0x08000c8c        0x8 ./Core/Src/stm32f4xx_it.o
                0x08000c8c                HardFault_Handler
 .text.MemManage_Handler
                0x08000c94        0x8 ./Core/Src/stm32f4xx_it.o
                0x08000c94                MemManage_Handler
 .text.BusFault_Handler
                0x08000c9c        0x8 ./Core/Src/stm32f4xx_it.o
                0x08000c9c                BusFault_Handler
 .text.UsageFault_Handler
                0x08000ca4        0x8 ./Core/Src/stm32f4xx_it.o
                0x08000ca4                UsageFault_Handler
 .text.SVC_Handler
                0x08000cac        0xe ./Core/Src/stm32f4xx_it.o
                0x08000cac                SVC_Handler
 .text.DebugMon_Handler
                0x08000cba        0xe ./Core/Src/stm32f4xx_it.o
                0x08000cba                DebugMon_Handler
 .text.PendSV_Handler
                0x08000cc8        0xe ./Core/Src/stm32f4xx_it.o
                0x08000cc8                PendSV_Handler
 .text.SysTick_Handler
                0x08000cd6        0xc ./Core/Src/stm32f4xx_it.o
                0x08000cd6                SysTick_Handler
 *fill*         0x08000ce2        0x2 
 .text.SystemInit
                0x08000ce4       0x24 ./Core/Src/system_stm32f4xx.o
                0x08000ce4                SystemInit
 .text.Reset_Handler
                0x08000d08       0x50 ./Core/Startup/startup_stm32f411vetx.o
                0x08000d08                Reset_Handler
 .text.Default_Handler
                0x08000d58        0x2 ./Core/Startup/startup_stm32f411vetx.o
                0x08000d58                RTC_Alarm_IRQHandler
                0x08000d58                EXTI2_IRQHandler
                0x08000d58                SPI4_IRQHandler
                0x08000d58                TIM1_CC_IRQHandler
                0x08000d58                DMA2_Stream5_IRQHandler
                0x08000d58                DMA1_Stream5_IRQHandler
                0x08000d58                PVD_IRQHandler
                0x08000d58                SDIO_IRQHandler
                0x08000d58                TAMP_STAMP_IRQHandler
                0x08000d58                EXTI3_IRQHandler
                0x08000d58                TIM1_UP_TIM10_IRQHandler
                0x08000d58                I2C3_ER_IRQHandler
                0x08000d58                EXTI0_IRQHandler
                0x08000d58                I2C2_EV_IRQHandler
                0x08000d58                DMA1_Stream2_IRQHandler
                0x08000d58                FPU_IRQHandler
                0x08000d58                DMA2_Stream2_IRQHandler
                0x08000d58                SPI1_IRQHandler
                0x08000d58                TIM1_BRK_TIM9_IRQHandler
                0x08000d58                DMA2_Stream3_IRQHandler
                0x08000d58                USART6_IRQHandler
                0x08000d58                DMA2_Stream0_IRQHandler
                0x08000d58                TIM4_IRQHandler
                0x08000d58                I2C1_EV_IRQHandler
                0x08000d58                DMA1_Stream6_IRQHandler
                0x08000d58                DMA1_Stream1_IRQHandler
                0x08000d58                TIM3_IRQHandler
                0x08000d58                RCC_IRQHandler
                0x08000d58                Default_Handler
                0x08000d58                EXTI15_10_IRQHandler
                0x08000d58                ADC_IRQHandler
                0x08000d58                DMA1_Stream7_IRQHandler
                0x08000d58                SPI5_IRQHandler
                0x08000d58                TIM5_IRQHandler
                0x08000d58                DMA2_Stream7_IRQHandler
                0x08000d58                I2C3_EV_IRQHandler
                0x08000d58                EXTI9_5_IRQHandler
                0x08000d58                RTC_WKUP_IRQHandler
                0x08000d58                SPI2_IRQHandler
                0x08000d58                DMA1_Stream0_IRQHandler
                0x08000d58                EXTI4_IRQHandler
                0x08000d58                WWDG_IRQHandler
                0x08000d58                TIM2_IRQHandler
                0x08000d58                OTG_FS_WKUP_IRQHandler
                0x08000d58                TIM1_TRG_COM_TIM11_IRQHandler
                0x08000d58                EXTI1_IRQHandler
                0x08000d58                USART2_IRQHandler
                0x08000d58                I2C2_ER_IRQHandler
                0x08000d58                DMA2_Stream1_IRQHandler
                0x08000d58                FLASH_IRQHandler
                0x08000d58                DMA2_Stream4_IRQHandler
                0x08000d58                USART1_IRQHandler
                0x08000d58                OTG_FS_IRQHandler
                0x08000d58                SPI3_IRQHandler
                0x08000d58                DMA1_Stream4_IRQHandler
                0x08000d58                I2C1_ER_IRQHandler
                0x08000d58                DMA2_Stream6_IRQHandler
                0x08000d58                DMA1_Stream3_IRQHandler
 *fill*         0x08000d5a        0x2 
 .text.HAL_Init
                0x08000d5c       0x44 ./Drivers/STM32F4xx_HAL_Driver/Src/stm32f4xx_hal.o
                0x08000d5c                HAL_Init
 .text.HAL_InitTick
                0x08000da0       0x60 ./Drivers/STM32F4xx_HAL_Driver/Src/stm32f4xx_hal.o
                0x08000da0                HAL_InitTick
 .text.HAL_IncTick
                0x08000e00       0x28 ./Drivers/STM32F4xx_HAL_Driver/Src/stm32f4xx_hal.o
                0x08000e00                HAL_IncTick
 .text.HAL_GetTick
                0x08000e28       0x18 ./Drivers/STM32F4xx_HAL_Driver/Src/stm32f4xx_hal.o
                0x08000e28                HAL_GetTick
 .text.__NVIC_SetPriorityGrouping
                0x08000e40       0x48 ./Drivers/STM32F4xx_HAL_Driver/Src/stm32f4xx_hal_cortex.o
 .text.__NVIC_GetPriorityGrouping
                0x08000e88       0x1c ./Drivers/STM32F4xx_HAL_Driver/Src/stm32f4xx_hal_cortex.o
 .text.__NVIC_SetPriority
                0x08000ea4       0x54 ./Drivers/STM32F4xx_HAL_Driver/Src/stm32f4xx_hal_cortex.o
 .text.NVIC_EncodePriority
                0x08000ef8       0x66 ./Drivers/STM32F4xx_HAL_Driver/Src/stm32f4xx_hal_cortex.o
 *fill*         0x08000f5e        0x2 
 .text.SysTick_Config
                0x08000f60       0x44 ./Drivers/STM32F4xx_HAL_Driver/Src/stm32f4xx_hal_cortex.o
 .text.HAL_NVIC_SetPriorityGrouping
                0x08000fa4       0x16 ./Drivers/STM32F4xx_HAL_Driver/Src/stm32f4xx_hal_cortex.o
                0x08000fa4                HAL_NVIC_SetPriorityGrouping
 .text.HAL_NVIC_SetPriority
                0x08000fba       0x38 ./Drivers/STM32F4xx_HAL_Driver/Src/stm32f4xx_hal_cortex.o
                0x08000fba                HAL_NVIC_SetPriority
 .text.HAL_SYSTICK_Config
                0x08000ff2       0x18 ./Drivers/STM32F4xx_HAL_Driver/Src/stm32f4xx_hal_cortex.o
                0x08000ff2                HAL_SYSTICK_Config
 *fill*         0x0800100a        0x2 
 .text.HAL_GPIO_Init
                0x0800100c      0x308 ./Drivers/STM32F4xx_HAL_Driver/Src/stm32f4xx_hal_gpio.o
                0x0800100c                HAL_GPIO_Init
 .text.HAL_GPIO_WritePin
                0x08001314       0x32 ./Drivers/STM32F4xx_HAL_Driver/Src/stm32f4xx_hal_gpio.o
                0x08001314                HAL_GPIO_WritePin
 *fill*         0x08001346        0x2 
 .text.HAL_I2C_Init
                0x08001348      0x288 ./Drivers/STM32F4xx_HAL_Driver/Src/stm32f4xx_hal_i2c.o
                0x08001348                HAL_I2C_Init
 .text.HAL_RCC_OscConfig
                0x080015d0      0x4f0 ./Drivers/STM32F4xx_HAL_Driver/Src/stm32f4xx_hal_rcc.o
                0x080015d0                HAL_RCC_OscConfig
 .text.HAL_RCC_ClockConfig
                0x08001ac0      0x1cc ./Drivers/STM32F4xx_HAL_Driver/Src/stm32f4xx_hal_rcc.o
                0x08001ac0                HAL_RCC_ClockConfig
 .text.HAL_RCC_GetSysClockFreq
                0x08001c8c      0x20c ./Drivers/STM32F4xx_HAL_Driver/Src/stm32f4xx_hal_rcc.o
                0x08001c8c                HAL_RCC_GetSysClockFreq
 .text.HAL_RCC_GetHCLKFreq
                0x08001e98       0x18 ./Drivers/STM32F4xx_HAL_Driver/Src/stm32f4xx_hal_rcc.o
                0x08001e98                HAL_RCC_GetHCLKFreq
 .text.HAL_RCC_GetPCLK1Freq
                0x08001eb0       0x28 ./Drivers/STM32F4xx_HAL_Driver/Src/stm32f4xx_hal_rcc.o
                0x08001eb0                HAL_RCC_GetPCLK1Freq
 .text.HAL_SPI_Init
                0x08001ed8      0x112 ./Drivers/STM32F4xx_HAL_Driver/Src/stm32f4xx_hal_spi.o
                0x08001ed8                HAL_SPI_Init
 .text.HAL_TIM_Base_Init
                0x08001fea       0x9e ./Drivers/STM32F4xx_HAL_Driver/Src/stm32f4xx_hal_tim.o
                0x08001fea                HAL_TIM_Base_Init
 .text.HAL_TIM_PWM_Init
                0x08002088       0x9e ./Drivers/STM32F4xx_HAL_Driver/Src/stm32f4xx_hal_tim.o
                0x08002088                HAL_TIM_PWM_Init
 .text.HAL_TIM_PWM_MspInit
                0x08002126       0x14 ./Drivers/STM32F4xx_HAL_Driver/Src/stm32f4xx_hal_tim.o
                0x08002126                HAL_TIM_PWM_MspInit
 *fill*         0x0800213a        0x2 
 .text.HAL_TIM_PWM_ConfigChannel
                0x0800213c      0x184 ./Drivers/STM32F4xx_HAL_Driver/Src/stm32f4xx_hal_tim.o
                0x0800213c                HAL_TIM_PWM_ConfigChannel
 .text.HAL_TIM_ConfigClockSource
                0x080022c0      0x18e ./Drivers/STM32F4xx_HAL_Driver/Src/stm32f4xx_hal_tim.o
                0x080022c0                HAL_TIM_ConfigClockSource
 *fill*         0x0800244e        0x2 
 .text.TIM_Base_SetConfig
                0x08002450      0x118 ./Drivers/STM32F4xx_HAL_Driver/Src/stm32f4xx_hal_tim.o
                0x08002450                TIM_Base_SetConfig
 .text.TIM_OC1_SetConfig
                0x08002568       0xcc ./Drivers/STM32F4xx_HAL_Driver/Src/stm32f4xx_hal_tim.o
 .text.TIM_OC2_SetConfig
                0x08002634       0xd8 ./Drivers/STM32F4xx_HAL_Driver/Src/stm32f4xx_hal_tim.o
                0x08002634                TIM_OC2_SetConfig
 .text.TIM_OC3_SetConfig
                0x0800270c       0xd4 ./Drivers/STM32F4xx_HAL_Driver/Src/stm32f4xx_hal_tim.o
 .text.TIM_OC4_SetConfig
                0x080027e0       0xa0 ./Drivers/STM32F4xx_HAL_Driver/Src/stm32f4xx_hal_tim.o
 .text.TIM_TI1_ConfigInputStage
                0x08002880       0x5e ./Drivers/STM32F4xx_HAL_Driver/Src/stm32f4xx_hal_tim.o
 .text.TIM_TI2_ConfigInputStage
                0x080028de       0x60 ./Drivers/STM32F4xx_HAL_Driver/Src/stm32f4xx_hal_tim.o
 .text.TIM_ITRx_SetConfig
                0x0800293e       0x36 ./Drivers/STM32F4xx_HAL_Driver/Src/stm32f4xx_hal_tim.o
 .text.TIM_ETR_SetConfig
                0x08002974       0x40 ./Drivers/STM32F4xx_HAL_Driver/Src/stm32f4xx_hal_tim.o
                0x08002974                TIM_ETR_SetConfig
 .text.HAL_TIMEx_MasterConfigSynchronization
                0x080029b4       0xdc ./Drivers/STM32F4xx_HAL_Driver/Src/stm32f4xx_hal_tim_ex.o
                0x080029b4                HAL_TIMEx_MasterConfigSynchronization
 .text.memset   0x08002a90       0x10 C:/ST/STM32CubeIDE_1.16.1/STM32CubeIDE/plugins/com.st.stm32cube.ide.mcu.externaltools.gnu-tools-for-stm32.12.3.rel1.win32_1.0.200.202406191623/tools/bin/../lib/gcc/arm-none-eabi/12.3.1/../../../../arm-none-eabi/lib/thumb/v7e-m+fp/hard\libc_nano.a(libc_a-memset.o)
                0x08002a90                memset
 .text.__libc_init_array
                0x08002aa0       0x48 C:/ST/STM32CubeIDE_1.16.1/STM32CubeIDE/plugins/com.st.stm32cube.ide.mcu.externaltools.gnu-tools-for-stm32.12.3.rel1.win32_1.0.200.202406191623/tools/bin/../lib/gcc/arm-none-eabi/12.3.1/../../../../arm-none-eabi/lib/thumb/v7e-m+fp/hard\libc_nano.a(libc_a-init.o)
                0x08002aa0                __libc_init_array
 *(.glue_7)
 .glue_7        0x08002ae8        0x0 linker stubs
 *(.glue_7t)
 .glue_7t       0x08002ae8        0x0 linker stubs
 *(.eh_frame)
 .eh_frame      0x08002ae8        0x0 C:/ST/STM32CubeIDE_1.16.1/STM32CubeIDE/plugins/com.st.stm32cube.ide.mcu.externaltools.gnu-tools-for-stm32.12.3.rel1.win32_1.0.200.202406191623/tools/bin/../lib/gcc/arm-none-eabi/12.3.1/thumb/v7e-m+fp/hard/crtbegin.o
 *(.init)
 .init          0x08002ae8        0x4 C:/ST/STM32CubeIDE_1.16.1/STM32CubeIDE/plugins/com.st.stm32cube.ide.mcu.externaltools.gnu-tools-for-stm32.12.3.rel1.win32_1.0.200.202406191623/tools/bin/../lib/gcc/arm-none-eabi/12.3.1/thumb/v7e-m+fp/hard/crti.o
                0x08002ae8                _init
 .init          0x08002aec        0x8 C:/ST/STM32CubeIDE_1.16.1/STM32CubeIDE/plugins/com.st.stm32cube.ide.mcu.externaltools.gnu-tools-for-stm32.12.3.rel1.win32_1.0.200.202406191623/tools/bin/../lib/gcc/arm-none-eabi/12.3.1/thumb/v7e-m+fp/hard/crtn.o
 *(.fini)
 .fini          0x08002af4        0x4 C:/ST/STM32CubeIDE_1.16.1/STM32CubeIDE/plugins/com.st.stm32cube.ide.mcu.externaltools.gnu-tools-for-stm32.12.3.rel1.win32_1.0.200.202406191623/tools/bin/../lib/gcc/arm-none-eabi/12.3.1/thumb/v7e-m+fp/hard/crti.o
                0x08002af4                _fini
 .fini          0x08002af8        0x8 C:/ST/STM32CubeIDE_1.16.1/STM32CubeIDE/plugins/com.st.stm32cube.ide.mcu.externaltools.gnu-tools-for-stm32.12.3.rel1.win32_1.0.200.202406191623/tools/bin/../lib/gcc/arm-none-eabi/12.3.1/thumb/v7e-m+fp/hard/crtn.o
                0x08002b00                        . = ALIGN (0x4)
                0x08002b00                        _etext = .

.vfp11_veneer   0x08002b00        0x0
 .vfp11_veneer  0x08002b00        0x0 linker stubs

.v4_bx          0x08002b00        0x0
 .v4_bx         0x08002b00        0x0 linker stubs

.iplt           0x08002b00        0x0
 .iplt          0x08002b00        0x0 C:/ST/STM32CubeIDE_1.16.1/STM32CubeIDE/plugins/com.st.stm32cube.ide.mcu.externaltools.gnu-tools-for-stm32.12.3.rel1.win32_1.0.200.202406191623/tools/bin/../lib/gcc/arm-none-eabi/12.3.1/thumb/v7e-m+fp/hard/crtbegin.o

.rodata         0x08002b00       0x18
                0x08002b00                        . = ALIGN (0x4)
 *(.rodata)
 *(.rodata*)
 .rodata.AHBPrescTable
                0x08002b00       0x10 ./Core/Src/system_stm32f4xx.o
                0x08002b00                AHBPrescTable
 .rodata.APBPrescTable
                0x08002b10        0x8 ./Core/Src/system_stm32f4xx.o
                0x08002b10                APBPrescTable
                0x08002b18                        . = ALIGN (0x4)

.ARM.extab      0x08002b18        0x0
                0x08002b18                        . = ALIGN (0x4)
 *(.ARM.extab* .gnu.linkonce.armextab.*)
                0x08002b18                        . = ALIGN (0x4)

.ARM            0x08002b18        0x8
                0x08002b18                        . = ALIGN (0x4)
                0x08002b18                        __exidx_start = .
 *(.ARM.exidx*)
 .ARM.exidx     0x08002b18        0x8 C:/ST/STM32CubeIDE_1.16.1/STM32CubeIDE/plugins/com.st.stm32cube.ide.mcu.externaltools.gnu-tools-for-stm32.12.3.rel1.win32_1.0.200.202406191623/tools/bin/../lib/gcc/arm-none-eabi/12.3.1/thumb/v7e-m+fp/hard\libgcc.a(_udivmoddi4.o)
                0x08002b20                        __exidx_end = .
                0x08002b20                        . = ALIGN (0x4)

.preinit_array  0x08002b20        0x0
                0x08002b20                        . = ALIGN (0x4)
                0x08002b20                        PROVIDE (__preinit_array_start = .)
 *(.preinit_array*)
                0x08002b20                        PROVIDE (__preinit_array_end = .)
                0x08002b20                        . = ALIGN (0x4)

.init_array     0x08002b20        0x4
                0x08002b20                        . = ALIGN (0x4)
                0x08002b20                        PROVIDE (__init_array_start = .)
 *(SORT_BY_NAME(.init_array.*))
 *(.init_array*)
 .init_array    0x08002b20        0x4 C:/ST/STM32CubeIDE_1.16.1/STM32CubeIDE/plugins/com.st.stm32cube.ide.mcu.externaltools.gnu-tools-for-stm32.12.3.rel1.win32_1.0.200.202406191623/tools/bin/../lib/gcc/arm-none-eabi/12.3.1/thumb/v7e-m+fp/hard/crtbegin.o
                0x08002b24                        PROVIDE (__init_array_end = .)
                0x08002b24                        . = ALIGN (0x4)

.fini_array     0x08002b24        0x4
                0x08002b24                        . = ALIGN (0x4)
                [!provide]                        PROVIDE (__fini_array_start = .)
 *(SORT_BY_NAME(.fini_array.*))
 *(.fini_array*)
 .fini_array    0x08002b24        0x4 C:/ST/STM32CubeIDE_1.16.1/STM32CubeIDE/plugins/com.st.stm32cube.ide.mcu.externaltools.gnu-tools-for-stm32.12.3.rel1.win32_1.0.200.202406191623/tools/bin/../lib/gcc/arm-none-eabi/12.3.1/thumb/v7e-m+fp/hard/crtbegin.o
                [!provide]                        PROVIDE (__fini_array_end = .)
                0x08002b28                        . = ALIGN (0x4)
                0x08002b28                        _sidata = LOADADDR (.data)

.rel.dyn        0x08002b28        0x0
 .rel.iplt      0x08002b28        0x0 C:/ST/STM32CubeIDE_1.16.1/STM32CubeIDE/plugins/com.st.stm32cube.ide.mcu.externaltools.gnu-tools-for-stm32.12.3.rel1.win32_1.0.200.202406191623/tools/bin/../lib/gcc/arm-none-eabi/12.3.1/thumb/v7e-m+fp/hard/crtbegin.o

.data           0x20000000        0xc load address 0x08002b28
                0x20000000                        . = ALIGN (0x4)
                0x20000000                        _sdata = .
 *(.data)
 *(.data*)
 .data.SystemCoreClock
                0x20000000        0x4 ./Core/Src/system_stm32f4xx.o
                0x20000000                SystemCoreClock
 .data.uwTickPrio
                0x20000004        0x4 ./Drivers/STM32F4xx_HAL_Driver/Src/stm32f4xx_hal.o
                0x20000004                uwTickPrio
 .data.uwTickFreq
                0x20000008        0x1 ./Drivers/STM32F4xx_HAL_Driver/Src/stm32f4xx_hal.o
                0x20000008                uwTickFreq
 *(.RamFunc)
 *(.RamFunc*)
                0x2000000c                        . = ALIGN (0x4)
 *fill*         0x20000009        0x3 
                0x2000000c                        _edata = .

.igot.plt       0x2000000c        0x0 load address 0x08002b34
 .igot.plt      0x2000000c        0x0 C:/ST/STM32CubeIDE_1.16.1/STM32CubeIDE/plugins/com.st.stm32cube.ide.mcu.externaltools.gnu-tools-for-stm32.12.3.rel1.win32_1.0.200.202406191623/tools/bin/../lib/gcc/arm-none-eabi/12.3.1/thumb/v7e-m+fp/hard/crtbegin.o
                0x2000000c                        . = ALIGN (0x4)

.bss            0x2000000c      0x114 load address 0x08002b34
                0x2000000c                        _sbss = .
                0x2000000c                        __bss_start__ = _sbss
 *(.bss)
 .bss           0x2000000c       0x1c C:/ST/STM32CubeIDE_1.16.1/STM32CubeIDE/plugins/com.st.stm32cube.ide.mcu.externaltools.gnu-tools-for-stm32.12.3.rel1.win32_1.0.200.202406191623/tools/bin/../lib/gcc/arm-none-eabi/12.3.1/thumb/v7e-m+fp/hard/crtbegin.o
 *(.bss*)
 .bss.hi2c1     0x20000028       0x54 ./Core/Src/main.o
                0x20000028                hi2c1
 .bss.hspi1     0x2000007c       0x58 ./Core/Src/main.o
                0x2000007c                hspi1
 .bss.htim4     0x200000d4       0x48 ./Core/Src/main.o
                0x200000d4                htim4
 .bss.uwTick    0x2000011c        0x4 ./Drivers/STM32F4xx_HAL_Driver/Src/stm32f4xx_hal.o
                0x2000011c                uwTick
 *(COMMON)
                0x20000120                        . = ALIGN (0x4)
                0x20000120                        _ebss = .
                0x20000120                        __bss_end__ = _ebss

._user_heap_stack
                0x20000120      0x600 load address 0x08002b34
                0x20000120                        . = ALIGN (0x8)
                [!provide]                        PROVIDE (end = .)
                0x20000120                        PROVIDE (_end = .)
                0x20000320                        . = (. + _Min_Heap_Size)
 *fill*         0x20000120      0x200 
                0x20000720                        . = (. + _Min_Stack_Size)
 *fill*         0x20000320      0x400 
                0x20000720                        . = ALIGN (0x8)

/DISCARD/
 libc.a(*)
 libm.a(*)
 libgcc.a(*)

.ARM.attributes
                0x00000000       0x30
 *(.ARM.attributes)
 .ARM.attributes
                0x00000000       0x22 C:/ST/STM32CubeIDE_1.16.1/STM32CubeIDE/plugins/com.st.stm32cube.ide.mcu.externaltools.gnu-tools-for-stm32.12.3.rel1.win32_1.0.200.202406191623/tools/bin/../lib/gcc/arm-none-eabi/12.3.1/thumb/v7e-m+fp/hard/crti.o
 .ARM.attributes
                0x00000022       0x34 C:/ST/STM32CubeIDE_1.16.1/STM32CubeIDE/plugins/com.st.stm32cube.ide.mcu.externaltools.gnu-tools-for-stm32.12.3.rel1.win32_1.0.200.202406191623/tools/bin/../lib/gcc/arm-none-eabi/12.3.1/thumb/v7e-m+fp/hard/crtbegin.o
 .ARM.attributes
                0x00000056       0x34 ./Core/Src/main.o
 .ARM.attributes
                0x0000008a       0x34 ./Core/Src/stm32f4xx_hal_msp.o
 .ARM.attributes
                0x000000be       0x34 ./Core/Src/stm32f4xx_it.o
 .ARM.attributes
                0x000000f2       0x34 ./Core/Src/system_stm32f4xx.o
 .ARM.attributes
                0x00000126       0x21 ./Core/Startup/startup_stm32f411vetx.o
 .ARM.attributes
                0x00000147       0x34 ./Drivers/STM32F4xx_HAL_Driver/Src/stm32f4xx_hal.o
 .ARM.attributes
                0x0000017b       0x34 ./Drivers/STM32F4xx_HAL_Driver/Src/stm32f4xx_hal_cortex.o
 .ARM.attributes
                0x000001af       0x34 ./Drivers/STM32F4xx_HAL_Driver/Src/stm32f4xx_hal_gpio.o
 .ARM.attributes
                0x000001e3       0x34 ./Drivers/STM32F4xx_HAL_Driver/Src/stm32f4xx_hal_i2c.o
 .ARM.attributes
                0x00000217       0x34 ./Drivers/STM32F4xx_HAL_Driver/Src/stm32f4xx_hal_rcc.o
 .ARM.attributes
                0x0000024b       0x34 ./Drivers/STM32F4xx_HAL_Driver/Src/stm32f4xx_hal_spi.o
 .ARM.attributes
                0x0000027f       0x34 ./Drivers/STM32F4xx_HAL_Driver/Src/stm32f4xx_hal_tim.o
 .ARM.attributes
                0x000002b3       0x34 ./Drivers/STM32F4xx_HAL_Driver/Src/stm32f4xx_hal_tim_ex.o
 .ARM.attributes
                0x000002e7       0x34 C:/ST/STM32CubeIDE_1.16.1/STM32CubeIDE/plugins/com.st.stm32cube.ide.mcu.externaltools.gnu-tools-for-stm32.12.3.rel1.win32_1.0.200.202406191623/tools/bin/../lib/gcc/arm-none-eabi/12.3.1/../../../../arm-none-eabi/lib/thumb/v7e-m+fp/hard\libc_nano.a(libc_a-memset.o)
 .ARM.attributes
                0x0000031b       0x34 C:/ST/STM32CubeIDE_1.16.1/STM32CubeIDE/plugins/com.st.stm32cube.ide.mcu.externaltools.gnu-tools-for-stm32.12.3.rel1.win32_1.0.200.202406191623/tools/bin/../lib/gcc/arm-none-eabi/12.3.1/../../../../arm-none-eabi/lib/thumb/v7e-m+fp/hard\libc_nano.a(libc_a-init.o)
 .ARM.attributes
                0x0000034f       0x22 C:/ST/STM32CubeIDE_1.16.1/STM32CubeIDE/plugins/com.st.stm32cube.ide.mcu.externaltools.gnu-tools-for-stm32.12.3.rel1.win32_1.0.200.202406191623/tools/bin/../lib/gcc/arm-none-eabi/12.3.1/thumb/v7e-m+fp/hard\libgcc.a(_aeabi_uldivmod.o)
 .ARM.attributes
                0x00000371       0x34 C:/ST/STM32CubeIDE_1.16.1/STM32CubeIDE/plugins/com.st.stm32cube.ide.mcu.externaltools.gnu-tools-for-stm32.12.3.rel1.win32_1.0.200.202406191623/tools/bin/../lib/gcc/arm-none-eabi/12.3.1/thumb/v7e-m+fp/hard\libgcc.a(_udivmoddi4.o)
 .ARM.attributes
                0x000003a5       0x22 C:/ST/STM32CubeIDE_1.16.1/STM32CubeIDE/plugins/com.st.stm32cube.ide.mcu.externaltools.gnu-tools-for-stm32.12.3.rel1.win32_1.0.200.202406191623/tools/bin/../lib/gcc/arm-none-eabi/12.3.1/thumb/v7e-m+fp/hard\libgcc.a(_dvmd_tls.o)
 .ARM.attributes
                0x000003c7       0x22 C:/ST/STM32CubeIDE_1.16.1/STM32CubeIDE/plugins/com.st.stm32cube.ide.mcu.externaltools.gnu-tools-for-stm32.12.3.rel1.win32_1.0.200.202406191623/tools/bin/../lib/gcc/arm-none-eabi/12.3.1/thumb/v7e-m+fp/hard/crtn.o
OUTPUT(p1_vibrationsensor.elf elf32-littlearm)
LOAD linker stubs
LOAD C:/ST/STM32CubeIDE_1.16.1/STM32CubeIDE/plugins/com.st.stm32cube.ide.mcu.externaltools.gnu-tools-for-stm32.12.3.rel1.win32_1.0.200.202406191623/tools/bin/../lib/gcc/arm-none-eabi/12.3.1/../../../../arm-none-eabi/lib/thumb/v7e-m+fp/hard\libc.a
LOAD C:/ST/STM32CubeIDE_1.16.1/STM32CubeIDE/plugins/com.st.stm32cube.ide.mcu.externaltools.gnu-tools-for-stm32.12.3.rel1.win32_1.0.200.202406191623/tools/bin/../lib/gcc/arm-none-eabi/12.3.1/../../../../arm-none-eabi/lib/thumb/v7e-m+fp/hard\libm.a
LOAD C:/ST/STM32CubeIDE_1.16.1/STM32CubeIDE/plugins/com.st.stm32cube.ide.mcu.externaltools.gnu-tools-for-stm32.12.3.rel1.win32_1.0.200.202406191623/tools/bin/../lib/gcc/arm-none-eabi/12.3.1/thumb/v7e-m+fp/hard\libgcc.a

.debug_info     0x00000000     0xc912
 .debug_info    0x00000000     0x1465 ./Core/Src/main.o
 .debug_info    0x00001465     0x10c4 ./Core/Src/stm32f4xx_hal_msp.o
 .debug_info    0x00002529      0x112 ./Core/Src/stm32f4xx_it.o
 .debug_info    0x0000263b      0x53e ./Core/Src/system_stm32f4xx.o
 .debug_info    0x00002b79       0x30 ./Core/Startup/startup_stm32f411vetx.o
 .debug_info    0x00002ba9      0x8c4 ./Drivers/STM32F4xx_HAL_Driver/Src/stm32f4xx_hal.o
 .debug_info    0x0000346d      0xcfc ./Drivers/STM32F4xx_HAL_Driver/Src/stm32f4xx_hal_cortex.o
 .debug_info    0x00004169      0x6f9 ./Drivers/STM32F4xx_HAL_Driver/Src/stm32f4xx_hal_gpio.o
 .debug_info    0x00004862     0x2426 ./Drivers/STM32F4xx_HAL_Driver/Src/stm32f4xx_hal_i2c.o
 .debug_info    0x00006c88      0x8f0 ./Drivers/STM32F4xx_HAL_Driver/Src/stm32f4xx_hal_rcc.o
 .debug_info    0x00007578     0x1530 ./Drivers/STM32F4xx_HAL_Driver/Src/stm32f4xx_hal_spi.o
 .debug_info    0x00008aa8     0x2996 ./Drivers/STM32F4xx_HAL_Driver/Src/stm32f4xx_hal_tim.o
 .debug_info    0x0000b43e     0x14d4 ./Drivers/STM32F4xx_HAL_Driver/Src/stm32f4xx_hal_tim_ex.o

.debug_abbrev   0x00000000     0x1a97
 .debug_abbrev  0x00000000      0x287 ./Core/Src/main.o
 .debug_abbrev  0x00000287      0x21b ./Core/Src/stm32f4xx_hal_msp.o
 .debug_abbrev  0x000004a2       0x73 ./Core/Src/stm32f4xx_it.o
 .debug_abbrev  0x00000515      0x11a ./Core/Src/system_stm32f4xx.o
 .debug_abbrev  0x0000062f       0x24 ./Core/Startup/startup_stm32f411vetx.o
 .debug_abbrev  0x00000653      0x24b ./Drivers/STM32F4xx_HAL_Driver/Src/stm32f4xx_hal.o
 .debug_abbrev  0x0000089e      0x31d ./Drivers/STM32F4xx_HAL_Driver/Src/stm32f4xx_hal_cortex.o
 .debug_abbrev  0x00000bbb      0x1d3 ./Drivers/STM32F4xx_HAL_Driver/Src/stm32f4xx_hal_gpio.o
 .debug_abbrev  0x00000d8e      0x2bc ./Drivers/STM32F4xx_HAL_Driver/Src/stm32f4xx_hal_i2c.o
 .debug_abbrev  0x0000104a      0x2b6 ./Drivers/STM32F4xx_HAL_Driver/Src/stm32f4xx_hal_rcc.o
 .debug_abbrev  0x00001300      0x276 ./Drivers/STM32F4xx_HAL_Driver/Src/stm32f4xx_hal_spi.o
 .debug_abbrev  0x00001576      0x28b ./Drivers/STM32F4xx_HAL_Driver/Src/stm32f4xx_hal_tim.o
 .debug_abbrev  0x00001801      0x296 ./Drivers/STM32F4xx_HAL_Driver/Src/stm32f4xx_hal_tim_ex.o

.debug_aranges  0x00000000      0xe08
 .debug_aranges
                0x00000000       0x50 ./Core/Src/main.o
 .debug_aranges
                0x00000050       0x58 ./Core/Src/stm32f4xx_hal_msp.o
 .debug_aranges
                0x000000a8       0x60 ./Core/Src/stm32f4xx_it.o
 .debug_aranges
                0x00000108       0x28 ./Core/Src/system_stm32f4xx.o
 .debug_aranges
                0x00000130       0x28 ./Core/Startup/startup_stm32f411vetx.o
 .debug_aranges
                0x00000158       0xf0 ./Drivers/STM32F4xx_HAL_Driver/Src/stm32f4xx_hal.o
 .debug_aranges
                0x00000248      0x130 ./Drivers/STM32F4xx_HAL_Driver/Src/stm32f4xx_hal_cortex.o
 .debug_aranges
                0x00000378       0x58 ./Drivers/STM32F4xx_HAL_Driver/Src/stm32f4xx_hal_gpio.o
 .debug_aranges
                0x000003d0      0x2a8 ./Drivers/STM32F4xx_HAL_Driver/Src/stm32f4xx_hal_i2c.o
 .debug_aranges
                0x00000678       0x88 ./Drivers/STM32F4xx_HAL_Driver/Src/stm32f4xx_hal_rcc.o
 .debug_aranges
                0x00000700      0x1d0 ./Drivers/STM32F4xx_HAL_Driver/Src/stm32f4xx_hal_spi.o
 .debug_aranges
                0x000008d0      0x3d0 ./Drivers/STM32F4xx_HAL_Driver/Src/stm32f4xx_hal_tim.o
 .debug_aranges
                0x00000ca0      0x168 ./Drivers/STM32F4xx_HAL_Driver/Src/stm32f4xx_hal_tim_ex.o

.debug_rnglists
                0x00000000      0xb0e
 .debug_rnglists
                0x00000000       0x3a ./Core/Src/main.o
 .debug_rnglists
                0x0000003a       0x40 ./Core/Src/stm32f4xx_hal_msp.o
 .debug_rnglists
                0x0000007a       0x43 ./Core/Src/stm32f4xx_it.o
 .debug_rnglists
                0x000000bd       0x1a ./Core/Src/system_stm32f4xx.o
 .debug_rnglists
                0x000000d7       0x19 ./Core/Startup/startup_stm32f411vetx.o
 .debug_rnglists
                0x000000f0       0xaf ./Drivers/STM32F4xx_HAL_Driver/Src/stm32f4xx_hal.o
 .debug_rnglists
                0x0000019f       0xe0 ./Drivers/STM32F4xx_HAL_Driver/Src/stm32f4xx_hal_cortex.o
 .debug_rnglists
                0x0000027f       0x3f ./Drivers/STM32F4xx_HAL_Driver/Src/stm32f4xx_hal_gpio.o
 .debug_rnglists
                0x000002be      0x23c ./Drivers/STM32F4xx_HAL_Driver/Src/stm32f4xx_hal_i2c.o
 .debug_rnglists
                0x000004fa       0x66 ./Drivers/STM32F4xx_HAL_Driver/Src/stm32f4xx_hal_rcc.o
 .debug_rnglists
                0x00000560      0x16f ./Drivers/STM32F4xx_HAL_Driver/Src/stm32f4xx_hal_spi.o
 .debug_rnglists
                0x000006cf      0x31a ./Drivers/STM32F4xx_HAL_Driver/Src/stm32f4xx_hal_tim.o
 .debug_rnglists
                0x000009e9      0x125 ./Drivers/STM32F4xx_HAL_Driver/Src/stm32f4xx_hal_tim_ex.o

.debug_macro    0x00000000    0x1686c
 .debug_macro   0x00000000      0x235 ./Core/Src/main.o
 .debug_macro   0x00000235      0xab4 ./Core/Src/main.o
 .debug_macro   0x00000ce9      0x2a1 ./Core/Src/main.o
 .debug_macro   0x00000f8a       0x2e ./Core/Src/main.o
 .debug_macro   0x00000fb8       0x28 ./Core/Src/main.o
 .debug_macro   0x00000fe0       0x22 ./Core/Src/main.o
 .debug_macro   0x00001002       0x8e ./Core/Src/main.o
 .debug_macro   0x00001090       0x51 ./Core/Src/main.o
 .debug_macro   0x000010e1      0x103 ./Core/Src/main.o
 .debug_macro   0x000011e4       0x6a ./Core/Src/main.o
 .debug_macro   0x0000124e      0x1df ./Core/Src/main.o
 .debug_macro   0x0000142d       0x1c ./Core/Src/main.o
 .debug_macro   0x00001449       0x22 ./Core/Src/main.o
 .debug_macro   0x0000146b       0xfb ./Core/Src/main.o
 .debug_macro   0x00001566     0x1011 ./Core/Src/main.o
 .debug_macro   0x00002577      0x11f ./Core/Src/main.o
 .debug_macro   0x00002696     0xb953 ./Core/Src/main.o
 .debug_macro   0x0000dfe9       0x6d ./Core/Src/main.o
 .debug_macro   0x0000e056     0x369a ./Core/Src/main.o
 .debug_macro   0x000116f0      0x189 ./Core/Src/main.o
 .debug_macro   0x00011879       0x5c ./Core/Src/main.o
 .debug_macro   0x000118d5      0x45c ./Core/Src/main.o
 .debug_macro   0x00011d31      0x9e9 ./Core/Src/main.o
 .debug_macro   0x0001271a      0x115 ./Core/Src/main.o
 .debug_macro   0x0001282f      0x11b ./Core/Src/main.o
 .debug_macro   0x0001294a       0xa5 ./Core/Src/main.o
 .debug_macro   0x000129ef      0x15f ./Core/Src/main.o
 .debug_macro   0x00012b4e      0x287 ./Core/Src/main.o
 .debug_macro   0x00012dd5       0x5f ./Core/Src/main.o
 .debug_macro   0x00012e34      0x236 ./Core/Src/main.o
 .debug_macro   0x0001306a      0x132 ./Core/Src/main.o
 .debug_macro   0x0001319c      0x264 ./Core/Src/main.o
 .debug_macro   0x00013400       0x2e ./Core/Src/main.o
 .debug_macro   0x0001342e      0x1b5 ./Core/Src/main.o
 .debug_macro   0x000135e3       0x22 ./Core/Src/main.o
 .debug_macro   0x00013605       0xd6 ./Core/Src/main.o
 .debug_macro   0x000136db      0x127 ./Core/Src/main.o
 .debug_macro   0x00013802       0x85 ./Core/Src/main.o
 .debug_macro   0x00013887       0x89 ./Core/Src/main.o
 .debug_macro   0x00013910      0x225 ./Core/Src/main.o
 .debug_macro   0x00013b35      0x8ed ./Core/Src/main.o
 .debug_macro   0x00014422       0x47 ./Core/Src/main.o
 .debug_macro   0x00014469      0x126 ./Core/Src/main.o
 .debug_macro   0x0001458f      0x19e ./Core/Src/main.o
 .debug_macro   0x0001472d      0x24f ./Core/Src/main.o
 .debug_macro   0x0001497c      0x44d ./Core/Src/main.o
 .debug_macro   0x00014dc9      0x4a6 ./Core/Src/main.o
 .debug_macro   0x0001526f      0x1f6 ./Core/Src/stm32f4xx_hal_msp.o
 .debug_macro   0x00015465      0x200 ./Core/Src/stm32f4xx_it.o
 .debug_macro   0x00015665      0x1e7 ./Core/Src/system_stm32f4xx.o
 .debug_macro   0x0001584c      0x247 ./Drivers/STM32F4xx_HAL_Driver/Src/stm32f4xx_hal.o
 .debug_macro   0x00015a93      0x1e7 ./Drivers/STM32F4xx_HAL_Driver/Src/stm32f4xx_hal_cortex.o
 .debug_macro   0x00015c7a      0x1ed ./Drivers/STM32F4xx_HAL_Driver/Src/stm32f4xx_hal_gpio.o
 .debug_macro   0x00015e67      0x235 ./Drivers/STM32F4xx_HAL_Driver/Src/stm32f4xx_hal_i2c.o
 .debug_macro   0x0001609c      0x20b ./Drivers/STM32F4xx_HAL_Driver/Src/stm32f4xx_hal_rcc.o
 .debug_macro   0x000162a7      0x1f6 ./Drivers/STM32F4xx_HAL_Driver/Src/stm32f4xx_hal_spi.o
 .debug_macro   0x0001649d      0x1e8 ./Drivers/STM32F4xx_HAL_Driver/Src/stm32f4xx_hal_tim.o
 .debug_macro   0x00016685      0x1e7 ./Drivers/STM32F4xx_HAL_Driver/Src/stm32f4xx_hal_tim_ex.o

.debug_line     0x00000000    0x10069
 .debug_line    0x00000000      0xc78 ./Core/Src/main.o
 .debug_line    0x00000c78      0x893 ./Core/Src/stm32f4xx_hal_msp.o
 .debug_line    0x0000150b      0x841 ./Core/Src/stm32f4xx_it.o
 .debug_line    0x00001d4c      0x803 ./Core/Src/system_stm32f4xx.o
 .debug_line    0x0000254f       0x7a ./Core/Startup/startup_stm32f411vetx.o
 .debug_line    0x000025c9      0xa6c ./Drivers/STM32F4xx_HAL_Driver/Src/stm32f4xx_hal.o
 .debug_line    0x00003035      0xd5e ./Drivers/STM32F4xx_HAL_Driver/Src/stm32f4xx_hal_cortex.o
 .debug_line    0x00003d93      0xbbc ./Drivers/STM32F4xx_HAL_Driver/Src/stm32f4xx_hal_gpio.o
 .debug_line    0x0000494f     0x3bb2 ./Drivers/STM32F4xx_HAL_Driver/Src/stm32f4xx_hal_i2c.o
 .debug_line    0x00008501      0xdf7 ./Drivers/STM32F4xx_HAL_Driver/Src/stm32f4xx_hal_rcc.o
 .debug_line    0x000092f8     0x1d8a ./Drivers/STM32F4xx_HAL_Driver/Src/stm32f4xx_hal_spi.o
 .debug_line    0x0000b082     0x35ea ./Drivers/STM32F4xx_HAL_Driver/Src/stm32f4xx_hal_tim.o
 .debug_line    0x0000e66c     0x19fd ./Drivers/STM32F4xx_HAL_Driver/Src/stm32f4xx_hal_tim_ex.o

.debug_str      0x00000000    0x90762
 .debug_str     0x00000000    0x8d1d6 ./Core/Src/main.o
                              0x8d56b (size before relaxing)
 .debug_str     0x0008d1d6       0xe2 ./Core/Src/stm32f4xx_hal_msp.o
                              0x89319 (size before relaxing)
 .debug_str     0x0008d2b8       0xc9 ./Core/Src/stm32f4xx_it.o
                              0x887b4 (size before relaxing)
 .debug_str     0x0008d381       0xdb ./Core/Src/system_stm32f4xx.o
                              0x881f8 (size before relaxing)
 .debug_str     0x0008d45c       0x44 ./Core/Startup/startup_stm32f411vetx.o
                                 0x8f (size before relaxing)
 .debug_str     0x0008d4a0      0x943 ./Drivers/STM32F4xx_HAL_Driver/Src/stm32f4xx_hal.o
                              0x88c24 (size before relaxing)
 .debug_str     0x0008dde3      0x392 ./Drivers/STM32F4xx_HAL_Driver/Src/stm32f4xx_hal_cortex.o
                              0x8898e (size before relaxing)
 .debug_str     0x0008e175      0x121 ./Drivers/STM32F4xx_HAL_Driver/Src/stm32f4xx_hal_gpio.o
                              0x88373 (size before relaxing)
 .debug_str     0x0008e296      0xb5d ./Drivers/STM32F4xx_HAL_Driver/Src/stm32f4xx_hal_i2c.o
                              0x89209 (size before relaxing)
 .debug_str     0x0008edf3      0x213 ./Drivers/STM32F4xx_HAL_Driver/Src/stm32f4xx_hal_rcc.o
                              0x8862c (size before relaxing)
 .debug_str     0x0008f006      0x560 ./Drivers/STM32F4xx_HAL_Driver/Src/stm32f4xx_hal_spi.o
                              0x88aa4 (size before relaxing)
 .debug_str     0x0008f566      0xd69 ./Drivers/STM32F4xx_HAL_Driver/Src/stm32f4xx_hal_tim.o
                              0x89570 (size before relaxing)
 .debug_str     0x000902cf      0x493 ./Drivers/STM32F4xx_HAL_Driver/Src/stm32f4xx_hal_tim_ex.o
                              0x88d7c (size before relaxing)

.comment        0x00000000       0x43
 .comment       0x00000000       0x43 ./Core/Src/main.o
                                 0x44 (size before relaxing)
 .comment       0x00000043       0x44 ./Core/Src/stm32f4xx_hal_msp.o
 .comment       0x00000043       0x44 ./Core/Src/stm32f4xx_it.o
 .comment       0x00000043       0x44 ./Core/Src/system_stm32f4xx.o
 .comment       0x00000043       0x44 ./Drivers/STM32F4xx_HAL_Driver/Src/stm32f4xx_hal.o
 .comment       0x00000043       0x44 ./Drivers/STM32F4xx_HAL_Driver/Src/stm32f4xx_hal_cortex.o
 .comment       0x00000043       0x44 ./Drivers/STM32F4xx_HAL_Driver/Src/stm32f4xx_hal_gpio.o
 .comment       0x00000043       0x44 ./Drivers/STM32F4xx_HAL_Driver/Src/stm32f4xx_hal_i2c.o
 .comment       0x00000043       0x44 ./Drivers/STM32F4xx_HAL_Driver/Src/stm32f4xx_hal_rcc.o
 .comment       0x00000043       0x44 ./Drivers/STM32F4xx_HAL_Driver/Src/stm32f4xx_hal_spi.o
 .comment       0x00000043       0x44 ./Drivers/STM32F4xx_HAL_Driver/Src/stm32f4xx_hal_tim.o
 .comment       0x00000043       0x44 ./Drivers/STM32F4xx_HAL_Driver/Src/stm32f4xx_hal_tim_ex.o

.debug_frame    0x00000000     0x3c84
 .debug_frame   0x00000000       0xec ./Core/Src/main.o
 .debug_frame   0x000000ec      0x138 ./Core/Src/stm32f4xx_hal_msp.o
 .debug_frame   0x00000224      0x104 ./Core/Src/stm32f4xx_it.o
 .debug_frame   0x00000328       0x58 ./Core/Src/system_stm32f4xx.o
 .debug_frame   0x00000380      0x374 ./Drivers/STM32F4xx_HAL_Driver/Src/stm32f4xx_hal.o
 .debug_frame   0x000006f4      0x508 ./Drivers/STM32F4xx_HAL_Driver/Src/stm32f4xx_hal_cortex.o
 .debug_frame   0x00000bfc      0x14c ./Drivers/STM32F4xx_HAL_Driver/Src/stm32f4xx_hal_gpio.o
 .debug_frame   0x00000d48      0xc84 ./Drivers/STM32F4xx_HAL_Driver/Src/stm32f4xx_hal_i2c.o
 .debug_frame   0x000019cc      0x1f4 ./Drivers/STM32F4xx_HAL_Driver/Src/stm32f4xx_hal_rcc.o
 .debug_frame   0x00001bc0      0x828 ./Drivers/STM32F4xx_HAL_Driver/Src/stm32f4xx_hal_spi.o
 .debug_frame   0x000023e8     0x11b8 ./Drivers/STM32F4xx_HAL_Driver/Src/stm32f4xx_hal_tim.o
 .debug_frame   0x000035a0      0x638 ./Drivers/STM32F4xx_HAL_Driver/Src/stm32f4xx_hal_tim_ex.o
 .debug_frame   0x00003bd8       0x20 C:/ST/STM32CubeIDE_1.16.1/STM32CubeIDE/plugins/com.st.stm32cube.ide.mcu.externaltools.gnu-tools-for-stm32.12.3.rel1.win32_1.0.200.202406191623/tools/bin/../lib/gcc/arm-none-eabi/12.3.1/../../../../arm-none-eabi/lib/thumb/v7e-m+fp/hard\libc_nano.a(libc_a-memset.o)
 .debug_frame   0x00003bf8       0x2c C:/ST/STM32CubeIDE_1.16.1/STM32CubeIDE/plugins/com.st.stm32cube.ide.mcu.externaltools.gnu-tools-for-stm32.12.3.rel1.win32_1.0.200.202406191623/tools/bin/../lib/gcc/arm-none-eabi/12.3.1/../../../../arm-none-eabi/lib/thumb/v7e-m+fp/hard\libc_nano.a(libc_a-init.o)
 .debug_frame   0x00003c24       0x2c C:/ST/STM32CubeIDE_1.16.1/STM32CubeIDE/plugins/com.st.stm32cube.ide.mcu.externaltools.gnu-tools-for-stm32.12.3.rel1.win32_1.0.200.202406191623/tools/bin/../lib/gcc/arm-none-eabi/12.3.1/thumb/v7e-m+fp/hard\libgcc.a(_aeabi_uldivmod.o)
 .debug_frame   0x00003c50       0x34 C:/ST/STM32CubeIDE_1.16.1/STM32CubeIDE/plugins/com.st.stm32cube.ide.mcu.externaltools.gnu-tools-for-stm32.12.3.rel1.win32_1.0.200.202406191623/tools/bin/../lib/gcc/arm-none-eabi/12.3.1/thumb/v7e-m+fp/hard\libgcc.a(_udivmoddi4.o)

.debug_line_str
                0x00000000       0x73
 .debug_line_str
                0x00000000       0x73 ./Core/Startup/startup_stm32f411vetx.o
