../Drivers/CMSIS/Include/core_cm4.h:2064:26:ITM_SendChar	16	static,ignoring_inline_asm
../Core/Src/main.c:109:12:encender	16	static
../Core/Src/main.c:113:12:apagar	16	static
../Core/Src/main.c:117:6:func_LED_Activo	16	static
../Core/Src/main.c:121:6:func_LED_Inactivo	16	static
../Core/Src/main.c:140:5:main	16	static
../Core/Src/main.c:240:6:SystemClock_Config	88	static
../Core/Src/main.c:287:13:MX_I2C1_Init	8	static
../Core/Src/main.c:321:13:MX_SPI1_Init	8	static
../Core/Src/main.c:359:13:MX_TIM4_Init	64	static
../Core/Src/main.c:422:13:MX_GPIO_Init	48	static
../Core/Src/main.c:455:5:__io_putchar	16	static
../Core/Src/main.c:460:6:HAL_GPIO_EXTI_Callback	16	static
../Core/Src/main.c:474:6:StartDefaultTask	16	static
../Core/Src/main.c:497:6:HAL_TIM_PeriodElapsedCallback	16	static
../Core/Src/main.c:514:6:Error_Handler	4	static,ignoring_inline_asm
