../Drivers/CMSIS/Include/core_cm4.h:2064:26:ITM_SendChar	16	static,ignoring_inline_asm
../Core/Src/main.c:141:12:encender	16	static
../Core/Src/main.c:145:12:apagar	16	static
../Core/Src/main.c:149:6:func_LED_Activo	16	static
../Core/Src/main.c:153:6:func_LED_Inactivo	16	static
../Core/Src/main.c:172:5:main	8	static
../Core/Src/main.c:284:6:SystemClock_Config	88	static
../Core/Src/main.c:331:13:MX_I2C1_Init	8	static
../Core/Src/main.c:365:13:MX_SPI1_Init	8	static
../Core/Src/main.c:403:13:MX_TIM4_Init	64	static
../Core/Src/main.c:466:13:MX_GPIO_Init	48	static
../Core/Src/main.c:503:5:__io_putchar	16	static
../Core/Src/main.c:508:6:HAL_GPIO_EXTI_Callback	16	static
../Core/Src/main.c:521:6:StartDefaultTask	16	static
../Core/Src/main.c:546:6:HAL_TIM_PeriodElapsedCallback	16	static
../Core/Src/main.c:563:6:Error_Handler	4	static,ignoring_inline_asm
