Archive member included to satisfy reference by file (symbol)

C:/ST/STM32CubeIDE_1.16.1/STM32CubeIDE/plugins/com.st.stm32cube.ide.mcu.externaltools.gnu-tools-for-stm32.12.3.rel1.win32_1.0.200.202406191623/tools/bin/../lib/gcc/arm-none-eabi/12.3.1/../../../../arm-none-eabi/lib/thumb/v7e-m+fp/hard\libc_nano.a(libc_a-exit.o)
                              C:/ST/STM32CubeIDE_1.16.1/STM32CubeIDE/plugins/com.st.stm32cube.ide.mcu.externaltools.gnu-tools-for-stm32.12.3.rel1.win32_1.0.200.202406191623/tools/bin/../lib/gcc/arm-none-eabi/12.3.1/../../../../arm-none-eabi/lib/thumb/v7e-m+fp/hard/crt0.o (exit)
C:/ST/STM32CubeIDE_1.16.1/STM32CubeIDE/plugins/com.st.stm32cube.ide.mcu.externaltools.gnu-tools-for-stm32.12.3.rel1.win32_1.0.200.202406191623/tools/bin/../lib/gcc/arm-none-eabi/12.3.1/../../../../arm-none-eabi/lib/thumb/v7e-m+fp/hard\libc_nano.a(libc_a-malloc.o)
                              ./Core/Src/fsm.o (malloc)
C:/ST/STM32CubeIDE_1.16.1/STM32CubeIDE/plugins/com.st.stm32cube.ide.mcu.externaltools.gnu-tools-for-stm32.12.3.rel1.win32_1.0.200.202406191623/tools/bin/../lib/gcc/arm-none-eabi/12.3.1/../../../../arm-none-eabi/lib/thumb/v7e-m+fp/hard\libc_nano.a(libc_a-mallocr.o)
                              C:/ST/STM32CubeIDE_1.16.1/STM32CubeIDE/plugins/com.st.stm32cube.ide.mcu.externaltools.gnu-tools-for-stm32.12.3.rel1.win32_1.0.200.202406191623/tools/bin/../lib/gcc/arm-none-eabi/12.3.1/../../../../arm-none-eabi/lib/thumb/v7e-m+fp/hard\libc_nano.a(libc_a-malloc.o) (_malloc_r)
C:/ST/STM32CubeIDE_1.16.1/STM32CubeIDE/plugins/com.st.stm32cube.ide.mcu.externaltools.gnu-tools-for-stm32.12.3.rel1.win32_1.0.200.202406191623/tools/bin/../lib/gcc/arm-none-eabi/12.3.1/../../../../arm-none-eabi/lib/thumb/v7e-m+fp/hard\libc_nano.a(libc_a-mlock.o)
                              C:/ST/STM32CubeIDE_1.16.1/STM32CubeIDE/plugins/com.st.stm32cube.ide.mcu.externaltools.gnu-tools-for-stm32.12.3.rel1.win32_1.0.200.202406191623/tools/bin/../lib/gcc/arm-none-eabi/12.3.1/../../../../arm-none-eabi/lib/thumb/v7e-m+fp/hard\libc_nano.a(libc_a-mallocr.o) (__malloc_lock)
C:/ST/STM32CubeIDE_1.16.1/STM32CubeIDE/plugins/com.st.stm32cube.ide.mcu.externaltools.gnu-tools-for-stm32.12.3.rel1.win32_1.0.200.202406191623/tools/bin/../lib/gcc/arm-none-eabi/12.3.1/../../../../arm-none-eabi/lib/thumb/v7e-m+fp/hard\libc_nano.a(libc_a-findfp.o)
                              ./Middlewares/Third_Party/FreeRTOS/Source/tasks.o (__sf)
C:/ST/STM32CubeIDE_1.16.1/STM32CubeIDE/plugins/com.st.stm32cube.ide.mcu.externaltools.gnu-tools-for-stm32.12.3.rel1.win32_1.0.200.202406191623/tools/bin/../lib/gcc/arm-none-eabi/12.3.1/../../../../arm-none-eabi/lib/thumb/v7e-m+fp/hard\libc_nano.a(libc_a-fwalk.o)
                              C:/ST/STM32CubeIDE_1.16.1/STM32CubeIDE/plugins/com.st.stm32cube.ide.mcu.externaltools.gnu-tools-for-stm32.12.3.rel1.win32_1.0.200.202406191623/tools/bin/../lib/gcc/arm-none-eabi/12.3.1/../../../../arm-none-eabi/lib/thumb/v7e-m+fp/hard\libc_nano.a(libc_a-findfp.o) (_fwalk_sglue)
C:/ST/STM32CubeIDE_1.16.1/STM32CubeIDE/plugins/com.st.stm32cube.ide.mcu.externaltools.gnu-tools-for-stm32.12.3.rel1.win32_1.0.200.202406191623/tools/bin/../lib/gcc/arm-none-eabi/12.3.1/../../../../arm-none-eabi/lib/thumb/v7e-m+fp/hard\libc_nano.a(libc_a-printf.o)
                              ./Core/Src/tasks.o (printf)
C:/ST/STM32CubeIDE_1.16.1/STM32CubeIDE/plugins/com.st.stm32cube.ide.mcu.externaltools.gnu-tools-for-stm32.12.3.rel1.win32_1.0.200.202406191623/tools/bin/../lib/gcc/arm-none-eabi/12.3.1/../../../../arm-none-eabi/lib/thumb/v7e-m+fp/hard\libc_nano.a(libc_a-sprintf.o)
                              ./Middlewares/Third_Party/FreeRTOS/Source/tasks.o (sprintf)
C:/ST/STM32CubeIDE_1.16.1/STM32CubeIDE/plugins/com.st.stm32cube.ide.mcu.externaltools.gnu-tools-for-stm32.12.3.rel1.win32_1.0.200.202406191623/tools/bin/../lib/gcc/arm-none-eabi/12.3.1/../../../../arm-none-eabi/lib/thumb/v7e-m+fp/hard\libc_nano.a(libc_a-stdio.o)
                              C:/ST/STM32CubeIDE_1.16.1/STM32CubeIDE/plugins/com.st.stm32cube.ide.mcu.externaltools.gnu-tools-for-stm32.12.3.rel1.win32_1.0.200.202406191623/tools/bin/../lib/gcc/arm-none-eabi/12.3.1/../../../../arm-none-eabi/lib/thumb/v7e-m+fp/hard\libc_nano.a(libc_a-findfp.o) (__sread)
C:/ST/STM32CubeIDE_1.16.1/STM32CubeIDE/plugins/com.st.stm32cube.ide.mcu.externaltools.gnu-tools-for-stm32.12.3.rel1.win32_1.0.200.202406191623/tools/bin/../lib/gcc/arm-none-eabi/12.3.1/../../../../arm-none-eabi/lib/thumb/v7e-m+fp/hard\libc_nano.a(libc_a-memset.o)
                              C:/ST/STM32CubeIDE_1.16.1/STM32CubeIDE/plugins/com.st.stm32cube.ide.mcu.externaltools.gnu-tools-for-stm32.12.3.rel1.win32_1.0.200.202406191623/tools/bin/../lib/gcc/arm-none-eabi/12.3.1/../../../../arm-none-eabi/lib/thumb/v7e-m+fp/hard/crt0.o (memset)
[...]
Memory Configuration

Name             Origin             Length             Attributes
RAM              0x20000000         0x00020000         xrw
FLASH            0x08000000         0x00080000         xr
*default*        0x00000000         0xffffffff

Linker script and memory map

LOAD C:/ST/STM32CubeIDE_1.16.1/STM32CubeIDE/plugins/com.st.stm32cube.ide.mcu.externaltools.gnu-tools-for-stm32.12.3.rel1.win32_1.0.200.202406191623/tools/bin/../lib/gcc/arm-none-eabi/12.3.1/thumb/v7e-m+fp/hard/crti.o
LOAD C:/ST/STM32CubeIDE_1.16.1/STM32CubeIDE/plugins/com.st.stm32cube.ide.mcu.externaltools.gnu-tools-for-stm32.12.3.rel1.win32_1.0.200.202406191623/tools/bin/../lib/gcc/arm-none-eabi/12.3.1/thumb/v7e-m+fp/hard/crtbegin.o
LOAD C:/ST/STM32CubeIDE_1.16.1/STM32CubeIDE/plugins/com.st.stm32cube.ide.mcu.externaltools.gnu-tools-for-stm32.12.3.rel1.win32_1.0.200.202406191623/tools/bin/../lib/gcc/arm-none-eabi/12.3.1/../../../../arm-none-eabi/lib/thumb/v7e-m+fp/hard/crt0.o
LOAD ./Components/cs43l22/cs43l22.o
LOAD ./Components/dp83848/dp83848.o
LOAD ./Components/exc7200/exc7200.o
LOAD ./Components/ft3x67/ft3x67.o
LOAD ./Components/ft6x06/ft6x06.o
LOAD ./Components/i3g4250d/i3g4250d.o
LOAD ./Components/ili9325/ili9325.o
LOAD ./Components/ili9341/ili9341.o
LOAD ./Components/l3gd20/l3gd20.o
LOAD ./Components/lan8742/lan8742.o
LOAD ./Components/lis302dl/lis302dl.o
LOAD ./Components/lis3dsh/lis3dsh.o
LOAD ./Components/ls016b8uy/ls016b8uy.o
LOAD ./Components/lsm303agr/lsm303agr.o
LOAD ./Components/lsm303dlhc/lsm303dlhc.o
LOAD ./Components/mfxstm32l152/mfxstm32l152.o
LOAD ./Components/nt35510/nt35510.o
LOAD ./Components/otm8009a/otm8009a.o
LOAD ./Components/ov2640/ov2640.o
LOAD ./Components/ov5640/ov5640.o
LOAD ./Components/s5k5cag/s5k5cag.o
LOAD ./Components/st7735/st7735.o
LOAD ./Components/st7789h2/st7789h2.o
LOAD ./Components/stmpe1600/stmpe1600.o
LOAD ./Components/stmpe811/stmpe811.o
LOAD ./Components/ts3510/ts3510.o
LOAD ./Components/wm8994/wm8994.o
LOAD ./Core/Src/freertos.o
LOAD ./Core/Src/fsm.o
LOAD ./Core/Src/main.o
LOAD ./Core/Src/stm32f4xx_hal_msp.o
LOAD ./Core/Src/stm32f4xx_hal_timebase_tim.o
LOAD ./Core/Src/stm32f4xx_it.o
LOAD ./Core/Src/syscalls.o
LOAD ./Core/Src/sysmem.o
LOAD ./Core/Src/system_stm32f4xx.o
LOAD ./Core/Src/tasks.o
LOAD ./Core/Startup/startup_stm32f411vetx.o
LOAD ./Drivers/STM32F4xx_HAL_Driver/Src/stm32f4xx_hal.o
LOAD ./Drivers/STM32F4xx_HAL_Driver/Src/stm32f4xx_hal_cortex.o
LOAD ./Drivers/STM32F4xx_HAL_Driver/Src/stm32f4xx_hal_dma.o
LOAD ./Drivers/STM32F4xx_HAL_Driver/Src/stm32f4xx_hal_dma_ex.o
LOAD ./Drivers/STM32F4xx_HAL_Driver/Src/stm32f4xx_hal_exti.o
LOAD ./Drivers/STM32F4xx_HAL_Driver/Src/stm32f4xx_hal_flash.o
LOAD ./Drivers/STM32F4xx_HAL_Driver/Src/stm32f4xx_hal_flash_ex.o
LOAD ./Drivers/STM32F4xx_HAL_Driver/Src/stm32f4xx_hal_flash_ramfunc.o
LOAD ./Drivers/STM32F4xx_HAL_Driver/Src/stm32f4xx_hal_gpio.o
LOAD ./Drivers/STM32F4xx_HAL_Driver/Src/stm32f4xx_hal_i2c.o
LOAD ./Drivers/STM32F4xx_HAL_Driver/Src/stm32f4xx_hal_i2c_ex.o
LOAD ./Drivers/STM32F4xx_HAL_Driver/Src/stm32f4xx_hal_pwr.o
LOAD ./Drivers/STM32F4xx_HAL_Driver/Src/stm32f4xx_hal_pwr_ex.o
LOAD ./Drivers/STM32F4xx_HAL_Driver/Src/stm32f4xx_hal_rcc.o
LOAD ./Drivers/STM32F4xx_HAL_Driver/Src/stm32f4xx_hal_rcc_ex.o
LOAD ./Drivers/STM32F4xx_HAL_Driver/Src/stm32f4xx_hal_spi.o
LOAD ./Drivers/STM32F4xx_HAL_Driver/Src/stm32f4xx_hal_tim.o
LOAD ./Drivers/STM32F4xx_HAL_Driver/Src/stm32f4xx_hal_tim_ex.o
LOAD ./Middlewares/Third_Party/FreeRTOS/Source/CMSIS_RTOS_V2/cmsis_os2.o
LOAD ./Middlewares/Third_Party/FreeRTOS/Source/croutine.o
LOAD ./Middlewares/Third_Party/FreeRTOS/Source/event_groups.o
LOAD ./Middlewares/Third_Party/FreeRTOS/Source/list.o
LOAD ./Middlewares/Third_Party/FreeRTOS/Source/queue.o
LOAD ./Middlewares/Third_Party/FreeRTOS/Source/stream_buffer.o
LOAD ./Middlewares/Third_Party/FreeRTOS/Source/tasks.o
LOAD ./Middlewares/Third_Party/FreeRTOS/Source/timers.o
LOAD ./Middlewares/Third_Party/FreeRTOS/Source/portable/GCC/ARM_CM4F/port.o
LOAD ./Middlewares/Third_Party/FreeRTOS/Source/portable/MemMang/heap_1.o
LOAD ./STM32F411E-Discovery/stm32f411e_discovery.o
LOAD ./STM32F411E-Discovery/stm32f411e_discovery_accelerometer.o
LOAD ./STM32F411E-Discovery/stm32f411e_discovery_gyroscope.o
LOAD ./STM32F411E-Discovery/stm32f411e_discovery_magnetometer.o
LOAD ../Middlewares/ST/ARM/DSP/Lib\libarm_cortexM4lf_math.a
START GROUP
LOAD C:/ST/STM32CubeIDE_1.16.1/STM32CubeIDE/plugins/com.st.stm32cube.ide.mcu.externaltools.gnu-tools-for-stm32.12.3.rel1.win32_1.0.200.202406191623/tools/bin/../lib/gcc/arm-none-eabi/12.3.1/../../../../arm-none-eabi/lib/thumb/v7e-m+fp/hard\libc_nano.a
LOAD C:/ST/STM32CubeIDE_1.16.1/STM32CubeIDE/plugins/com.st.stm32cube.ide.mcu.externaltools.gnu-tools-for-stm32.12.3.rel1.win32_1.0.200.202406191623/tools/bin/../lib/gcc/arm-none-eabi/12.3.1/../../../../arm-none-eabi/lib/thumb/v7e-m+fp/hard\libm.a
END GROUP
START GROUP
LOAD C:/ST/STM32CubeIDE_1.16.1/STM32CubeIDE/plugins/com.st.stm32cube.ide.mcu.externaltools.gnu-tools-for-stm32.12.3.rel1.win32_1.0.200.202406191623/tools/bin/../lib/gcc/arm-none-eabi/12.3.1/thumb/v7e-m+fp/hard\libgcc.a
LOAD C:/ST/STM32CubeIDE_1.16.1/STM32CubeIDE/plugins/com.st.stm32cube.ide.mcu.externaltools.gnu-tools-for-stm32.12.3.rel1.win32_1.0.200.202406191623/tools/bin/../lib/gcc/arm-none-eabi/12.3.1/../../../../arm-none-eabi/lib/thumb/v7e-m+fp/hard\libc_nano.a
END GROUP
START GROUP
LOAD C:/ST/STM32CubeIDE_1.16.1/STM32CubeIDE/plugins/com.st.stm32cube.ide.mcu.externaltools.gnu-tools-for-stm32.12.3.rel1.win32_1.0.200.202406191623/tools/bin/../lib/gcc/arm-none-eabi/12.3.1/thumb/v7e-m+fp/hard\libgcc.a
LOAD C:/ST/STM32CubeIDE_1.16.1/STM32CubeIDE/plugins/com.st.stm32cube.ide.mcu.externaltools.gnu-tools-for-stm32.12.3.rel1.win32_1.0.200.202406191623/tools/bin/../lib/gcc/arm-none-eabi/12.3.1/../../../../arm-none-eabi/lib/thumb/v7e-m+fp/hard\libc_nano.a
LOAD C:/ST/STM32CubeIDE_1.16.1/STM32CubeIDE/plugins/com.st.stm32cube.ide.mcu.externaltools.gnu-tools-for-stm32.12.3.rel1.win32_1.0.200.202406191623/tools/bin/../lib/gcc/arm-none-eabi/12.3.1/../../../../arm-none-eabi/lib/thumb/v7e-m+fp/hard\libnosys.a
END GROUP
START GROUP
LOAD C:/ST/STM32CubeIDE_1.16.1/STM32CubeIDE/plugins/com.st.stm32cube.ide.mcu.externaltools.gnu-tools-for-stm32.12.3.rel1.win32_1.0.200.202406191623/tools/bin/../lib/gcc/arm-none-eabi/12.3.1/thumb/v7e-m+fp/hard\libgcc.a
LOAD C:/ST/STM32CubeIDE_1.16.1/STM32CubeIDE/plugins/com.st.stm32cube.ide.mcu.externaltools.gnu-tools-for-stm32.12.3.rel1.win32_1.0.200.202406191623/tools/bin/../lib/gcc/arm-none-eabi/12.3.1/../../../../arm-none-eabi/lib/thumb/v7e-m+fp/hard\libc_nano.a
LOAD C:/ST/STM32CubeIDE_1.16.1/STM32CubeIDE/plugins/com.st.stm32cube.ide.mcu.externaltools.gnu-tools-for-stm32.12.3.rel1.win32_1.0.200.202406191623/tools/bin/../lib/gcc/arm-none-eabi/12.3.1/../../../../arm-none-eabi/lib/thumb/v7e-m+fp/hard\libnosys.a
END GROUP
LOAD C:/ST/STM32CubeIDE_1.16.1/STM32CubeIDE/plugins/com.st.stm32cube.ide.mcu.externaltools.gnu-tools-for-stm32.12.3.rel1.win32_1.0.200.202406191623/tools/bin/../lib/gcc/arm-none-eabi/12.3.1/thumb/v7e-m+fp/hard/crtend.o
LOAD C:/ST/STM32CubeIDE_1.16.1/STM32CubeIDE/plugins/com.st.stm32cube.ide.mcu.externaltools.gnu-tools-for-stm32.12.3.rel1.win32_1.0.200.202406191623/tools/bin/../lib/gcc/arm-none-eabi/12.3.1/thumb/v7e-m+fp/hard/crtn.o
                0x20020000                        _estack = (ORIGIN (RAM) + LENGTH (RAM))
                0x00000200                        _Min_Heap_Size = 0x200
                0x00000400                        _Min_Stack_Size = 0x400

.isr_vector     0x08000000      0x198
                0x08000000                        . = ALIGN (0x4)
 *(.isr_vector)
 .isr_vector    0x08000000      0x198 ./Core/Startup/startup_stm32f411vetx.o
                0x08000000                g_pfnVectors
                0x08000198                        . = ALIGN (0x4)

.text           0x080001a0     0x9ad8
                0x080001a0                        . = ALIGN (0x4)
 *(.text)
 .text          0x080001a0       0x40 C:/ST/STM32CubeIDE_1.16.1/STM32CubeIDE/plugins/com.st.stm32cube.ide.mcu.externaltools.gnu-tools-for-stm32.12.3.rel1.win32_1.0.200.202406191623/tools/bin/../lib/gcc/arm-none-eabi/12.3.1/thumb/v7e-m+fp/hard/crtbegin.o
 .text          0x080001e0       0xa0 C:/ST/STM32CubeIDE_1.16.1/STM32CubeIDE/plugins/com.st.stm32cube.ide.mcu.externaltools.gnu-tools-for-stm32.12.3.rel1.win32_1.0.200.202406191623/tools/bin/../lib/gcc/arm-none-eabi/12.3.1/../../../../arm-none-eabi/lib/thumb/v7e-m+fp/hard\libc_nano.a(libc_a-memchr.o)
                0x080001e0                memchr
 .text          0x08000280       0x30 C:/ST/STM32CubeIDE_1.16.1/STM32CubeIDE/plugins/com.st.stm32cube.ide.mcu.externaltools.gnu-tools-for-stm32.12.3.rel1.win32_1.0.200.202406191623/tools/bin/../lib/gcc/arm-none-eabi/12.3.1/thumb/v7e-m+fp/hard\libgcc.a(_aeabi_uldivmod.o)
                0x08000280                __aeabi_uldivmod
 .text          0x080002b0      0x2bc C:/ST/STM32CubeIDE_1.16.1/STM32CubeIDE/plugins/com.st.stm32cube.ide.mcu.externaltools.gnu-tools-for-stm32.12.3.rel1.win32_1.0.200.202406191623/tools/bin/../lib/gcc/arm-none-eabi/12.3.1/thumb/v7e-m+fp/hard\libgcc.a(_udivmoddi4.o)
                0x080002b0                __udivmoddi4
 .text          0x0800056c        0x4 C:/ST/STM32CubeIDE_1.16.1/STM32CubeIDE/plugins/com.st.stm32cube.ide.mcu.externaltools.gnu-tools-for-stm32.12.3.rel1.win32_1.0.200.202406191623/tools/bin/../lib/gcc/arm-none-eabi/12.3.1/thumb/v7e-m+fp/hard\libgcc.a(_dvmd_tls.o)
                0x0800056c                __aeabi_idiv0
                0x0800056c                __aeabi_ldiv0
 *(.text*)
 .text.LSM303AGR_AccInit
                0x08000570       0x3a ./Components/lsm303agr/lsm303agr.o
                0x08000570                LSM303AGR_AccInit
 .text.LSM303AGR_AccDeInit
                0x080005aa        0xe ./Components/lsm303agr/lsm303agr.o
                0x080005aa                LSM303AGR_AccDeInit
 .text.LSM303AGR_AccReadID
                0x080005b8       0x24 ./Components/lsm303agr/lsm303agr.o
                0x080005b8                LSM303AGR_AccReadID
 .text.LSM303AGR_AccRebootCmd
                0x080005dc       0x2e ./Components/lsm303agr/lsm303agr.o
                0x080005dc                LSM303AGR_AccRebootCmd
 .text.LSM303AGR_AccFilterConfig
                0x0800060a       0x3a ./Components/lsm303agr/lsm303agr.o
                0x0800060a                LSM303AGR_AccFilterConfig
 .text.LSM303AGR_AccFilterCmd
                0x08000644       0x3a ./Components/lsm303agr/lsm303agr.o
                0x08000644                LSM303AGR_AccFilterCmd
 .text.LSM303AGR_AccReadXYZ
                0x0800067e      0x190 ./Components/lsm303agr/lsm303agr.o
                0x0800067e                LSM303AGR_AccReadXYZ
 .text.LSM303AGR_AccFilterClickCmd
                0x0800080e       0x3e ./Components/lsm303agr/lsm303agr.o
                0x0800080e                LSM303AGR_AccFilterClickCmd
 .text.LSM303AGR_AccIT1Enable
                0x0800084c       0x36 ./Components/lsm303agr/lsm303agr.o
                0x0800084c                LSM303AGR_AccIT1Enable
 .text.LSM303AGR_AccClickITEnable
                0x08000882       0x72 ./Components/lsm303agr/lsm303agr.o
                0x08000882                LSM303AGR_AccClickITEnable
 .text.LSM303AGR_AccZClickITConfig
                0x080008f4       0x1e ./Components/lsm303agr/lsm303agr.o
                0x080008f4                LSM303AGR_AccZClickITConfig
 .text.LSM303DLHC_AccInit
                0x08000912       0x3e ./Components/lsm303dlhc/lsm303dlhc.o
                0x08000912                LSM303DLHC_AccInit
 .text.LSM303DLHC_AccDeInit
                0x08000950        0xe ./Components/lsm303dlhc/lsm303dlhc.o
                0x08000950                LSM303DLHC_AccDeInit
 .text.LSM303DLHC_AccReadID
                0x0800095e       0x24 ./Components/lsm303dlhc/lsm303dlhc.o
                0x0800095e                LSM303DLHC_AccReadID
 .text.LSM303DLHC_AccRebootCmd
                0x08000982       0x2e ./Components/lsm303dlhc/lsm303dlhc.o
                0x08000982                LSM303DLHC_AccRebootCmd
 .text.LSM303DLHC_AccFilterConfig
                0x080009b0       0x3a ./Components/lsm303dlhc/lsm303dlhc.o
                0x080009b0                LSM303DLHC_AccFilterConfig
 .text.LSM303DLHC_AccFilterCmd
                0x080009ea       0x3a ./Components/lsm303dlhc/lsm303dlhc.o
                0x080009ea                LSM303DLHC_AccFilterCmd
 .text.LSM303DLHC_AccReadXYZ
                0x08000a24      0x190 ./Components/lsm303dlhc/lsm303dlhc.o
                0x08000a24                LSM303DLHC_AccReadXYZ
 .text.LSM303DLHC_AccFilterClickCmd
                0x08000bb4       0x3e ./Components/lsm303dlhc/lsm303dlhc.o
                0x08000bb4                LSM303DLHC_AccFilterClickCmd
 .text.LSM303DLHC_AccIT1Enable
                0x08000bf2       0x36 ./Components/lsm303dlhc/lsm303dlhc.o
                0x08000bf2                LSM303DLHC_AccIT1Enable
 .text.LSM303DLHC_AccClickITEnable
                0x08000c28       0x72 ./Components/lsm303dlhc/lsm303dlhc.o
                0x08000c28                LSM303DLHC_AccClickITEnable
 .text.LSM303DLHC_AccZClickITConfig
                0x08000c9a       0x1e ./Components/lsm303dlhc/lsm303dlhc.o
                0x08000c9a                LSM303DLHC_AccZClickITConfig
 .text.configureTimerForRunTimeStats
                0x08000cb8       0x34 ./Core/Src/freertos.o
                0x08000cb8                configureTimerForRunTimeStats
 .text.getRunTimeCounterValue
                0x08000cec       0x18 ./Core/Src/freertos.o
                0x08000cec                getRunTimeCounterValue
 .text.fsm_new  0x08000d04       0x24 ./Core/Src/fsm.o
                0x08000d04                fsm_new
 .text.fsm_init
                0x08000d28       0x24 ./Core/Src/fsm.o
                0x08000d28                fsm_init
 .text.ITM_SendChar
                0x08000d4c       0x4e ./Core/Src/main.o
 *fill*         0x08000d9a        0x2 
 .text.encender
                0x08000d9c       0x1c ./Core/Src/main.o
 .text.apagar   0x08000db8       0x28 ./Core/Src/main.o
 .text.func_LED_Activo
                0x08000de0       0x20 ./Core/Src/main.o
                0x08000de0                func_LED_Activo
 .text.func_LED_Inactivo
                0x08000e00       0x20 ./Core/Src/main.o
                0x08000e00                func_LED_Inactivo
 .text.main     0x08000e20      0x140 ./Core/Src/main.o
                0x08000e20                main
 .text.SystemClock_Config
                0x08000f60       0xd4 ./Core/Src/main.o
                0x08000f60                SystemClock_Config
 .text.MX_I2C1_Init
                0x08001034       0x5c ./Core/Src/main.o
 .text.MX_SPI1_Init
                0x08001090       0x6c ./Core/Src/main.o
 .text.MX_TIM4_Init
                0x080010fc      0x100 ./Core/Src/main.o
 .text.MX_GPIO_Init
                0x080011fc       0xf0 ./Core/Src/main.o
 .text.__io_putchar
                0x080012ec       0x1a ./Core/Src/main.o
                0x080012ec                __io_putchar
 *fill*         0x08001306        0x2 
 .text.HAL_GPIO_EXTI_Callback
                0x08001308       0x20 ./Core/Src/main.o
                0x08001308                HAL_GPIO_EXTI_Callback
 .text.StartDefaultTask
                0x08001328       0x50 ./Core/Src/main.o
                0x08001328                StartDefaultTask
 .text.HAL_TIM_PeriodElapsedCallback
                0x08001378       0x24 ./Core/Src/main.o
                0x08001378                HAL_TIM_PeriodElapsedCallback
 .text.Error_Handler
                0x0800139c        0xc ./Core/Src/main.o
                0x0800139c                Error_Handler
 .text.HAL_MspInit
                0x080013a8       0x58 ./Core/Src/stm32f4xx_hal_msp.o
                0x080013a8                HAL_MspInit
 .text.HAL_I2C_MspInit
                0x08001400       0x90 ./Core/Src/stm32f4xx_hal_msp.o
                0x08001400                HAL_I2C_MspInit
 .text.HAL_I2C_MspDeInit
                0x08001490       0x44 ./Core/Src/stm32f4xx_hal_msp.o
                0x08001490                HAL_I2C_MspDeInit
 .text.HAL_SPI_MspInit
                0x080014d4       0x90 ./Core/Src/stm32f4xx_hal_msp.o
                0x080014d4                HAL_SPI_MspInit
 .text.HAL_TIM_Base_MspInit
                0x08001564       0x44 ./Core/Src/stm32f4xx_hal_msp.o
                0x08001564                HAL_TIM_Base_MspInit
 .text.HAL_TIM_MspPostInit
                0x080015a8       0x74 ./Core/Src/stm32f4xx_hal_msp.o
                0x080015a8                HAL_TIM_MspPostInit
 .text.HAL_InitTick
                0x0800161c       0xe8 ./Core/Src/stm32f4xx_hal_timebase_tim.o
                0x0800161c                HAL_InitTick
 .text.NMI_Handler
                0x08001704        0x8 ./Core/Src/stm32f4xx_it.o
                0x08001704                NMI_Handler
 .text.HardFault_Handler
                0x0800170c        0x8 ./Core/Src/stm32f4xx_it.o
                0x0800170c                HardFault_Handler
 .text.MemManage_Handler
                0x08001714        0x8 ./Core/Src/stm32f4xx_it.o
                0x08001714                MemManage_Handler
 .text.BusFault_Handler
                0x0800171c        0x8 ./Core/Src/stm32f4xx_it.o
                0x0800171c                BusFault_Handler
 .text.UsageFault_Handler
                0x08001724        0x8 ./Core/Src/stm32f4xx_it.o
                0x08001724                UsageFault_Handler
 .text.DebugMon_Handler
                0x0800172c        0xe ./Core/Src/stm32f4xx_it.o
                0x0800172c                DebugMon_Handler
 .text.EXTI0_IRQHandler
                0x0800173a        0xe ./Core/Src/stm32f4xx_it.o
                0x0800173a                EXTI0_IRQHandler
 .text.TIM1_UP_TIM10_IRQHandler
                0x08001748       0x14 ./Core/Src/stm32f4xx_it.o
                0x08001748                TIM1_UP_TIM10_IRQHandler
 .text._read    0x0800175c       0x3a ./Core/Src/syscalls.o
                0x0800175c                _read
 .text._write   0x08001796       0x38 ./Core/Src/syscalls.o
                0x08001796                _write
 .text._close   0x080017ce       0x18 ./Core/Src/syscalls.o
                0x080017ce                _close
 .text._fstat   0x080017e6       0x20 ./Core/Src/syscalls.o
                0x080017e6                _fstat
 .text._isatty  0x08001806       0x16 ./Core/Src/syscalls.o
                0x08001806                _isatty
 .text._lseek   0x0800181c       0x1a ./Core/Src/syscalls.o
                0x0800181c                _lseek
 *fill*         0x08001836        0x2 
 .text._sbrk    0x08001838       0x6c ./Core/Src/sysmem.o
                0x08001838                _sbrk
 .text.SystemInit
                0x080018a4       0x24 ./Core/Src/system_stm32f4xx.o
                0x080018a4                SystemInit
 .text.absolute
                0x080018c8       0x2a ./Core/Src/tasks.o
                0x080018c8                absolute
 *fill*         0x080018f2        0x2 
 .text.tk_BlinkBlue
                0x080018f4       0x3c ./Core/Src/tasks.o
                0x080018f4                tk_BlinkBlue
 .text.tk_ReadAccel
                0x08001930       0xc0 ./Core/Src/tasks.o
                0x08001930                tk_ReadAccel
 .text.tk_ReadMagnet
                0x080019f0       0xc0 ./Core/Src/tasks.o
                0x080019f0                tk_ReadMagnet
 .text.tk_WriteLED
                0x08001ab0      0x2a4 ./Core/Src/tasks.o
                0x08001ab0                tk_WriteLED
 .text.Reset_Handler
                0x08001d54       0x50 ./Core/Startup/startup_stm32f411vetx.o
                0x08001d54                Reset_Handler
 .text.Default_Handler
                0x08001da4        0x2 ./Core/Startup/startup_stm32f411vetx.o
                0x08001da4                RTC_Alarm_IRQHandler
                0x08001da4                EXTI2_IRQHandler
                0x08001da4                SPI4_IRQHandler
                0x08001da4                TIM1_CC_IRQHandler
                0x08001da4                DMA2_Stream5_IRQHandler
                0x08001da4                DMA1_Stream5_IRQHandler
                0x08001da4                PVD_IRQHandler
                0x08001da4                SDIO_IRQHandler
                0x08001da4                TAMP_STAMP_IRQHandler
                0x08001da4                EXTI3_IRQHandler
                0x08001da4                I2C3_ER_IRQHandler
                0x08001da4                I2C2_EV_IRQHandler
                0x08001da4                DMA1_Stream2_IRQHandler
                0x08001da4                FPU_IRQHandler
                0x08001da4                DMA2_Stream2_IRQHandler
                0x08001da4                SPI1_IRQHandler
                0x08001da4                TIM1_BRK_TIM9_IRQHandler
                0x08001da4                DMA2_Stream3_IRQHandler
                0x08001da4                USART6_IRQHandler
                0x08001da4                DMA2_Stream0_IRQHandler
                0x08001da4                TIM4_IRQHandler
                0x08001da4                I2C1_EV_IRQHandler
                0x08001da4                DMA1_Stream6_IRQHandler
                0x08001da4                DMA1_Stream1_IRQHandler
                0x08001da4                TIM3_IRQHandler
                0x08001da4                RCC_IRQHandler
                0x08001da4                Default_Handler
                0x08001da4                EXTI15_10_IRQHandler
                0x08001da4                ADC_IRQHandler
                0x08001da4                DMA1_Stream7_IRQHandler
                0x08001da4                SPI5_IRQHandler
                0x08001da4                TIM5_IRQHandler
                0x08001da4                DMA2_Stream7_IRQHandler
                0x08001da4                I2C3_EV_IRQHandler
                0x08001da4                EXTI9_5_IRQHandler
                0x08001da4                RTC_WKUP_IRQHandler
                0x08001da4                SPI2_IRQHandler
                0x08001da4                DMA1_Stream0_IRQHandler
                0x08001da4                EXTI4_IRQHandler
                0x08001da4                WWDG_IRQHandler
                0x08001da4                TIM2_IRQHandler
                0x08001da4                OTG_FS_WKUP_IRQHandler
                0x08001da4                TIM1_TRG_COM_TIM11_IRQHandler
                0x08001da4                EXTI1_IRQHandler
                0x08001da4                USART2_IRQHandler
                0x08001da4                I2C2_ER_IRQHandler
                0x08001da4                DMA2_Stream1_IRQHandler
                0x08001da4                FLASH_IRQHandler
                0x08001da4                DMA2_Stream4_IRQHandler
                0x08001da4                USART1_IRQHandler
                0x08001da4                OTG_FS_IRQHandler
                0x08001da4                SPI3_IRQHandler
                0x08001da4                DMA1_Stream4_IRQHandler
                0x08001da4                I2C1_ER_IRQHandler
                0x08001da4                DMA2_Stream6_IRQHandler
                0x08001da4                DMA1_Stream3_IRQHandler
 *fill*         0x08001da6        0x2 
 .text.HAL_Init
                0x08001da8       0x44 ./Drivers/STM32F4xx_HAL_Driver/Src/stm32f4xx_hal.o
                0x08001da8                HAL_Init
 .text.HAL_IncTick
                0x08001dec       0x28 ./Drivers/STM32F4xx_HAL_Driver/Src/stm32f4xx_hal.o
                0x08001dec                HAL_IncTick
 .text.HAL_GetTick
                0x08001e14       0x18 ./Drivers/STM32F4xx_HAL_Driver/Src/stm32f4xx_hal.o
                0x08001e14                HAL_GetTick
 .text.__NVIC_SetPriorityGrouping
                0x08001e2c       0x48 ./Drivers/STM32F4xx_HAL_Driver/Src/stm32f4xx_hal_cortex.o
 .text.__NVIC_GetPriorityGrouping
                0x08001e74       0x1c ./Drivers/STM32F4xx_HAL_Driver/Src/stm32f4xx_hal_cortex.o
 .text.__NVIC_EnableIRQ
                0x08001e90       0x3c ./Drivers/STM32F4xx_HAL_Driver/Src/stm32f4xx_hal_cortex.o
 .text.__NVIC_SetPriority
                0x08001ecc       0x54 ./Drivers/STM32F4xx_HAL_Driver/Src/stm32f4xx_hal_cortex.o
 .text.NVIC_EncodePriority
                0x08001f20       0x66 ./Drivers/STM32F4xx_HAL_Driver/Src/stm32f4xx_hal_cortex.o
 .text.HAL_NVIC_SetPriorityGrouping
                0x08001f86       0x16 ./Drivers/STM32F4xx_HAL_Driver/Src/stm32f4xx_hal_cortex.o
                0x08001f86                HAL_NVIC_SetPriorityGrouping
 .text.HAL_NVIC_SetPriority
                0x08001f9c       0x38 ./Drivers/STM32F4xx_HAL_Driver/Src/stm32f4xx_hal_cortex.o
                0x08001f9c                HAL_NVIC_SetPriority
 .text.HAL_NVIC_EnableIRQ
                0x08001fd4       0x1c ./Drivers/STM32F4xx_HAL_Driver/Src/stm32f4xx_hal_cortex.o
                0x08001fd4                HAL_NVIC_EnableIRQ
 .text.HAL_GPIO_Init
                0x08001ff0      0x308 ./Drivers/STM32F4xx_HAL_Driver/Src/stm32f4xx_hal_gpio.o
                0x08001ff0                HAL_GPIO_Init
 .text.HAL_GPIO_DeInit
                0x080022f8      0x1c8 ./Drivers/STM32F4xx_HAL_Driver/Src/stm32f4xx_hal_gpio.o
                0x080022f8                HAL_GPIO_DeInit
 .text.HAL_GPIO_WritePin
                0x080024c0       0x32 ./Drivers/STM32F4xx_HAL_Driver/Src/stm32f4xx_hal_gpio.o
                0x080024c0                HAL_GPIO_WritePin
 .text.HAL_GPIO_TogglePin
                0x080024f2       0x34 ./Drivers/STM32F4xx_HAL_Driver/Src/stm32f4xx_hal_gpio.o
                0x080024f2                HAL_GPIO_TogglePin
 *fill*         0x08002526        0x2 
 .text.HAL_GPIO_EXTI_IRQHandler
                0x08002528       0x30 ./Drivers/STM32F4xx_HAL_Driver/Src/stm32f4xx_hal_gpio.o
                0x08002528                HAL_GPIO_EXTI_IRQHandler
 .text.HAL_I2C_Init
                0x08002558      0x288 ./Drivers/STM32F4xx_HAL_Driver/Src/stm32f4xx_hal_i2c.o
                0x08002558                HAL_I2C_Init
 .text.HAL_I2C_DeInit
                0x080027e0       0x5e ./Drivers/STM32F4xx_HAL_Driver/Src/stm32f4xx_hal_i2c.o
                0x080027e0                HAL_I2C_DeInit
 *fill*         0x0800283e        0x2 
 .text.HAL_I2C_Mem_Write
                0x08002840      0x1f4 ./Drivers/STM32F4xx_HAL_Driver/Src/stm32f4xx_hal_i2c.o
                0x08002840                HAL_I2C_Mem_Write
 .text.HAL_I2C_Mem_Read
                0x08002a34      0x464 ./Drivers/STM32F4xx_HAL_Driver/Src/stm32f4xx_hal_i2c.o
                0x08002a34                HAL_I2C_Mem_Read
 .text.HAL_I2C_GetState
                0x08002e98       0x1c ./Drivers/STM32F4xx_HAL_Driver/Src/stm32f4xx_hal_i2c.o
                0x08002e98                HAL_I2C_GetState
 .text.I2C_RequestMemoryWrite
                0x08002eb4      0x12c ./Drivers/STM32F4xx_HAL_Driver/Src/stm32f4xx_hal_i2c.o
 .text.I2C_RequestMemoryRead
                0x08002fe0      0x1d0 ./Drivers/STM32F4xx_HAL_Driver/Src/stm32f4xx_hal_i2c.o
 .text.I2C_WaitOnFlagUntilTimeout
                0x080031b0       0xf4 ./Drivers/STM32F4xx_HAL_Driver/Src/stm32f4xx_hal_i2c.o
 .text.I2C_WaitOnMasterAddressFlagUntilTimeout
                0x080032a4      0x140 ./Drivers/STM32F4xx_HAL_Driver/Src/stm32f4xx_hal_i2c.o
 .text.I2C_WaitOnTXEFlagUntilTimeout
                0x080033e4       0x90 ./Drivers/STM32F4xx_HAL_Driver/Src/stm32f4xx_hal_i2c.o
 .text.I2C_WaitOnBTFFlagUntilTimeout
                0x08003474       0x90 ./Drivers/STM32F4xx_HAL_Driver/Src/stm32f4xx_hal_i2c.o
 .text.I2C_WaitOnRXNEFlagUntilTimeout
                0x08003504       0xba ./Drivers/STM32F4xx_HAL_Driver/Src/stm32f4xx_hal_i2c.o
 .text.I2C_IsAcknowledgeFailed
                0x080035be       0x5e ./Drivers/STM32F4xx_HAL_Driver/Src/stm32f4xx_hal_i2c.o
 .text.HAL_RCC_OscConfig
                0x0800361c      0x4f0 ./Drivers/STM32F4xx_HAL_Driver/Src/stm32f4xx_hal_rcc.o
                0x0800361c                HAL_RCC_OscConfig
 .text.HAL_RCC_ClockConfig
                0x08003b0c      0x1cc ./Drivers/STM32F4xx_HAL_Driver/Src/stm32f4xx_hal_rcc.o
                0x08003b0c                HAL_RCC_ClockConfig
 .text.HAL_RCC_GetSysClockFreq
                0x08003cd8      0x20c ./Drivers/STM32F4xx_HAL_Driver/Src/stm32f4xx_hal_rcc.o
                0x08003cd8                HAL_RCC_GetSysClockFreq
 .text.HAL_RCC_GetHCLKFreq
                0x08003ee4       0x18 ./Drivers/STM32F4xx_HAL_Driver/Src/stm32f4xx_hal_rcc.o
                0x08003ee4                HAL_RCC_GetHCLKFreq
 .text.HAL_RCC_GetPCLK1Freq
                0x08003efc       0x28 ./Drivers/STM32F4xx_HAL_Driver/Src/stm32f4xx_hal_rcc.o
                0x08003efc                HAL_RCC_GetPCLK1Freq
 .text.HAL_RCC_GetPCLK2Freq
                0x08003f24       0x28 ./Drivers/STM32F4xx_HAL_Driver/Src/stm32f4xx_hal_rcc.o
                0x08003f24                HAL_RCC_GetPCLK2Freq
 .text.HAL_RCC_GetClockConfig
                0x08003f4c       0x64 ./Drivers/STM32F4xx_HAL_Driver/Src/stm32f4xx_hal_rcc.o
                0x08003f4c                HAL_RCC_GetClockConfig
 .text.HAL_SPI_Init
                0x08003fb0      0x112 ./Drivers/STM32F4xx_HAL_Driver/Src/stm32f4xx_hal_spi.o
                0x08003fb0                HAL_SPI_Init
 .text.HAL_TIM_Base_Init
                0x080040c2       0x9e ./Drivers/STM32F4xx_HAL_Driver/Src/stm32f4xx_hal_tim.o
                0x080040c2                HAL_TIM_Base_Init
 .text.HAL_TIM_Base_Start_IT
                0x08004160       0xc4 ./Drivers/STM32F4xx_HAL_Driver/Src/stm32f4xx_hal_tim.o
                0x08004160                HAL_TIM_Base_Start_IT
 .text.HAL_TIM_PWM_Init
                0x08004224       0x9e ./Drivers/STM32F4xx_HAL_Driver/Src/stm32f4xx_hal_tim.o
                0x08004224                HAL_TIM_PWM_Init
 .text.HAL_TIM_PWM_MspInit
                0x080042c2       0x14 ./Drivers/STM32F4xx_HAL_Driver/Src/stm32f4xx_hal_tim.o
                0x080042c2                HAL_TIM_PWM_MspInit
 *fill*         0x080042d6        0x2 
 .text.HAL_TIM_PWM_Start
                0x080042d8      0x160 ./Drivers/STM32F4xx_HAL_Driver/Src/stm32f4xx_hal_tim.o
                0x080042d8                HAL_TIM_PWM_Start
 .text.HAL_TIM_IRQHandler
                0x08004438      0x1e0 ./Drivers/STM32F4xx_HAL_Driver/Src/stm32f4xx_hal_tim.o
                0x08004438                HAL_TIM_IRQHandler
 .text.HAL_TIM_PWM_ConfigChannel
                0x08004618      0x184 ./Drivers/STM32F4xx_HAL_Driver/Src/stm32f4xx_hal_tim.o
                0x08004618                HAL_TIM_PWM_ConfigChannel
 .text.HAL_TIM_ConfigClockSource
                0x0800479c      0x18e ./Drivers/STM32F4xx_HAL_Driver/Src/stm32f4xx_hal_tim.o
                0x0800479c                HAL_TIM_ConfigClockSource
 .text.HAL_TIM_OC_DelayElapsedCallback
                0x0800492a       0x14 ./Drivers/STM32F4xx_HAL_Driver/Src/stm32f4xx_hal_tim.o
                0x0800492a                HAL_TIM_OC_DelayElapsedCallback
 .text.HAL_TIM_IC_CaptureCallback
                0x0800493e       0x14 ./Drivers/STM32F4xx_HAL_Driver/Src/stm32f4xx_hal_tim.o
                0x0800493e                HAL_TIM_IC_CaptureCallback
 .text.HAL_TIM_PWM_PulseFinishedCallback
                0x08004952       0x14 ./Drivers/STM32F4xx_HAL_Driver/Src/stm32f4xx_hal_tim.o
                0x08004952                HAL_TIM_PWM_PulseFinishedCallback
 .text.HAL_TIM_TriggerCallback
                0x08004966       0x14 ./Drivers/STM32F4xx_HAL_Driver/Src/stm32f4xx_hal_tim.o
                0x08004966                HAL_TIM_TriggerCallback
 *fill*         0x0800497a        0x2 
 .text.TIM_Base_SetConfig
                0x0800497c      0x118 ./Drivers/STM32F4xx_HAL_Driver/Src/stm32f4xx_hal_tim.o
                0x0800497c                TIM_Base_SetConfig
 .text.TIM_OC1_SetConfig
                0x08004a94       0xcc ./Drivers/STM32F4xx_HAL_Driver/Src/stm32f4xx_hal_tim.o
 .text.TIM_OC2_SetConfig
                0x08004b60       0xd8 ./Drivers/STM32F4xx_HAL_Driver/Src/stm32f4xx_hal_tim.o
                0x08004b60                TIM_OC2_SetConfig
 .text.TIM_OC3_SetConfig
                0x08004c38       0xd4 ./Drivers/STM32F4xx_HAL_Driver/Src/stm32f4xx_hal_tim.o
 .text.TIM_OC4_SetConfig
                0x08004d0c       0xa0 ./Drivers/STM32F4xx_HAL_Driver/Src/stm32f4xx_hal_tim.o
 .text.TIM_TI1_ConfigInputStage
                0x08004dac       0x5e ./Drivers/STM32F4xx_HAL_Driver/Src/stm32f4xx_hal_tim.o
 .text.TIM_TI2_ConfigInputStage
                0x08004e0a       0x60 ./Drivers/STM32F4xx_HAL_Driver/Src/stm32f4xx_hal_tim.o
 .text.TIM_ITRx_SetConfig
                0x08004e6a       0x36 ./Drivers/STM32F4xx_HAL_Driver/Src/stm32f4xx_hal_tim.o
 .text.TIM_ETR_SetConfig
                0x08004ea0       0x40 ./Drivers/STM32F4xx_HAL_Driver/Src/stm32f4xx_hal_tim.o
                0x08004ea0                TIM_ETR_SetConfig
 .text.TIM_CCxChannelCmd
                0x08004ee0       0x4a ./Drivers/STM32F4xx_HAL_Driver/Src/stm32f4xx_hal_tim.o
                0x08004ee0                TIM_CCxChannelCmd
 *fill*         0x08004f2a        0x2 
 .text.HAL_TIMEx_MasterConfigSynchronization
                0x08004f2c       0xdc ./Drivers/STM32F4xx_HAL_Driver/Src/stm32f4xx_hal_tim_ex.o
                0x08004f2c                HAL_TIMEx_MasterConfigSynchronization
 .text.HAL_TIMEx_CommutCallback
                0x08005008       0x14 ./Drivers/STM32F4xx_HAL_Driver/Src/stm32f4xx_hal_tim_ex.o
                0x08005008                HAL_TIMEx_CommutCallback
 .text.HAL_TIMEx_BreakCallback
                0x0800501c       0x14 ./Drivers/STM32F4xx_HAL_Driver/Src/stm32f4xx_hal_tim_ex.o
                0x0800501c                HAL_TIMEx_BreakCallback
 .text.__NVIC_SetPriority
                0x08005030       0x54 ./Middlewares/Third_Party/FreeRTOS/Source/CMSIS_RTOS_V2/cmsis_os2.o
 .text.SysTick_Handler
                0x08005084       0x20 ./Middlewares/Third_Party/FreeRTOS/Source/CMSIS_RTOS_V2/cmsis_os2.o
                0x08005084                SysTick_Handler
 .text.SVC_Setup
                0x080050a4       0x12 ./Middlewares/Third_Party/FreeRTOS/Source/CMSIS_RTOS_V2/cmsis_os2.o
 *fill*         0x080050b6        0x2 
 .text.osKernelInitialize
                0x080050b8       0x48 ./Middlewares/Third_Party/FreeRTOS/Source/CMSIS_RTOS_V2/cmsis_os2.o
                0x080050b8                osKernelInitialize
 .text.osKernelStart
                0x08005100       0x4c ./Middlewares/Third_Party/FreeRTOS/Source/CMSIS_RTOS_V2/cmsis_os2.o
                0x08005100                osKernelStart
 .text.osThreadNew
                0x0800514c      0x124 ./Middlewares/Third_Party/FreeRTOS/Source/CMSIS_RTOS_V2/cmsis_os2.o
                0x0800514c                osThreadNew
 .text.osDelay  0x08005270       0x36 ./Middlewares/Third_Party/FreeRTOS/Source/CMSIS_RTOS_V2/cmsis_os2.o
                0x08005270                osDelay
 .text.osMutexNew
                0x080052a6      0x10c ./Middlewares/Third_Party/FreeRTOS/Source/CMSIS_RTOS_V2/cmsis_os2.o
                0x080052a6                osMutexNew
 .text.osMutexAcquire
                0x080053b2       0x96 ./Middlewares/Third_Party/FreeRTOS/Source/CMSIS_RTOS_V2/cmsis_os2.o
                0x080053b2                osMutexAcquire
 .text.osMutexRelease
                0x08005448       0x7a ./Middlewares/Third_Party/FreeRTOS/Source/CMSIS_RTOS_V2/cmsis_os2.o
                0x08005448                osMutexRelease
 .text.osSemaphoreNew
                0x080054c2      0x112 ./Middlewares/Third_Party/FreeRTOS/Source/CMSIS_RTOS_V2/cmsis_os2.o
                0x080054c2                osSemaphoreNew
 .text.osSemaphoreAcquire
                0x080055d4       0xa4 ./Middlewares/Third_Party/FreeRTOS/Source/CMSIS_RTOS_V2/cmsis_os2.o
                0x080055d4                osSemaphoreAcquire
 .text.osSemaphoreRelease
                0x08005678       0x88 ./Middlewares/Third_Party/FreeRTOS/Source/CMSIS_RTOS_V2/cmsis_os2.o
                0x08005678                osSemaphoreRelease
 .text.vApplicationGetIdleTaskMemory
                0x08005700       0x34 ./Middlewares/Third_Party/FreeRTOS/Source/CMSIS_RTOS_V2/cmsis_os2.o
                0x08005700                vApplicationGetIdleTaskMemory
 .text.vApplicationGetTimerTaskMemory
                0x08005734       0x34 ./Middlewares/Third_Party/FreeRTOS/Source/CMSIS_RTOS_V2/cmsis_os2.o
                0x08005734                vApplicationGetTimerTaskMemory
 .text.vListInitialise
                0x08005768       0x40 ./Middlewares/Third_Party/FreeRTOS/Source/list.o
                0x08005768                vListInitialise
 .text.vListInitialiseItem
                0x080057a8       0x1a ./Middlewares/Third_Party/FreeRTOS/Source/list.o
                0x080057a8                vListInitialiseItem
 .text.vListInsertEnd
                0x080057c2       0x48 ./Middlewares/Third_Party/FreeRTOS/Source/list.o
                0x080057c2                vListInsertEnd
 .text.vListInsert
                0x0800580a       0x72 ./Middlewares/Third_Party/FreeRTOS/Source/list.o
                0x0800580a                vListInsert
 .text.uxListRemove
                0x0800587c       0x54 ./Middlewares/Third_Party/FreeRTOS/Source/list.o
                0x0800587c                uxListRemove
 .text.xQueueGenericReset
                0x080058d0       0xd4 ./Middlewares/Third_Party/FreeRTOS/Source/queue.o
                0x080058d0                xQueueGenericReset
 .text.xQueueGenericCreateStatic
                0x080059a4       0xfa ./Middlewares/Third_Party/FreeRTOS/Source/queue.o
                0x080059a4                xQueueGenericCreateStatic
 .text.xQueueGenericCreate
                0x08005a9e       0x76 ./Middlewares/Third_Party/FreeRTOS/Source/queue.o
                0x08005a9e                xQueueGenericCreate
 .text.prvInitialiseNewQueue
                0x08005b14       0x46 ./Middlewares/Third_Party/FreeRTOS/Source/queue.o
 .text.prvInitialiseMutex
                0x08005b5a       0x34 ./Middlewares/Third_Party/FreeRTOS/Source/queue.o
 .text.xQueueCreateMutex
                0x08005b8e       0x30 ./Middlewares/Third_Party/FreeRTOS/Source/queue.o
                0x08005b8e                xQueueCreateMutex
 .text.xQueueCreateMutexStatic
                0x08005bbe       0x36 ./Middlewares/Third_Party/FreeRTOS/Source/queue.o
                0x08005bbe                xQueueCreateMutexStatic
 .text.xQueueGiveMutexRecursive
                0x08005bf4       0x6a ./Middlewares/Third_Party/FreeRTOS/Source/queue.o
                0x08005bf4                xQueueGiveMutexRecursive
 .text.xQueueTakeMutexRecursive
                0x08005c5e       0x6e ./Middlewares/Third_Party/FreeRTOS/Source/queue.o
                0x08005c5e                xQueueTakeMutexRecursive
 .text.xQueueCreateCountingSemaphoreStatic
                0x08005ccc       0x72 ./Middlewares/Third_Party/FreeRTOS/Source/queue.o
                0x08005ccc                xQueueCreateCountingSemaphoreStatic
 .text.xQueueCreateCountingSemaphore
                0x08005d3e       0x6a ./Middlewares/Third_Party/FreeRTOS/Source/queue.o
                0x08005d3e                xQueueCreateCountingSemaphore
 .text.xQueueGenericSend
                0x08005da8      0x204 ./Middlewares/Third_Party/FreeRTOS/Source/queue.o
                0x08005da8                xQueueGenericSend
 .text.xQueueGenericSendFromISR
                0x08005fac      0x13c ./Middlewares/Third_Party/FreeRTOS/Source/queue.o
                0x08005fac                xQueueGenericSendFromISR
 .text.xQueueGiveFromISR
                0x080060e8      0x120 ./Middlewares/Third_Party/FreeRTOS/Source/queue.o
                0x080060e8                xQueueGiveFromISR
 .text.xQueueReceive
                0x08006208      0x1c4 ./Middlewares/Third_Party/FreeRTOS/Source/queue.o
                0x08006208                xQueueReceive
 .text.xQueueSemaphoreTake
                0x080063cc      0x220 ./Middlewares/Third_Party/FreeRTOS/Source/queue.o
                0x080063cc                xQueueSemaphoreTake
 .text.xQueueReceiveFromISR
                0x080065ec      0x104 ./Middlewares/Third_Party/FreeRTOS/Source/queue.o
                0x080065ec                xQueueReceiveFromISR
 .text.vQueueDelete
                0x080066f0       0x48 ./Middlewares/Third_Party/FreeRTOS/Source/queue.o
                0x080066f0                vQueueDelete
 .text.prvGetDisinheritPriorityAfterTimeout
                0x08006738       0x30 ./Middlewares/Third_Party/FreeRTOS/Source/queue.o
 .text.prvCopyDataToQueue
                0x08006768       0xd4 ./Middlewares/Third_Party/FreeRTOS/Source/queue.o
 .text.prvCopyDataFromQueue
                0x0800683c       0x4c ./Middlewares/Third_Party/FreeRTOS/Source/queue.o
 .text.prvUnlockQueue
                0x08006888       0xa4 ./Middlewares/Third_Party/FreeRTOS/Source/queue.o
 .text.prvIsQueueEmpty
                0x0800692c       0x2c ./Middlewares/Third_Party/FreeRTOS/Source/queue.o
 .text.prvIsQueueFull
                0x08006958       0x30 ./Middlewares/Third_Party/FreeRTOS/Source/queue.o
 .text.vQueueAddToRegistry
                0x08006988       0x54 ./Middlewares/Third_Party/FreeRTOS/Source/queue.o
                0x08006988                vQueueAddToRegistry
 .text.vQueueUnregisterQueue
                0x080069dc       0x54 ./Middlewares/Third_Party/FreeRTOS/Source/queue.o
                0x080069dc                vQueueUnregisterQueue
 .text.vQueueWaitForMessageRestricted
                0x08006a30       0x68 ./Middlewares/Third_Party/FreeRTOS/Source/queue.o
                0x08006a30                vQueueWaitForMessageRestricted
 .text.xTaskCreateStatic
                0x08006a98       0xc0 ./Middlewares/Third_Party/FreeRTOS/Source/tasks.o
                0x08006a98                xTaskCreateStatic
 .text.xTaskCreate
                0x08006b58       0x8a ./Middlewares/Third_Party/FreeRTOS/Source/tasks.o
                0x08006b58                xTaskCreate
 *fill*         0x08006be2        0x2 
 .text.prvInitialiseNewTask
                0x08006be4      0x15c ./Middlewares/Third_Party/FreeRTOS/Source/tasks.o
 .text.prvAddNewTaskToReadyList
                0x08006d40       0xe0 ./Middlewares/Third_Party/FreeRTOS/Source/tasks.o
 .text.vTaskDelay
                0x08006e20       0x6c ./Middlewares/Third_Party/FreeRTOS/Source/tasks.o
                0x08006e20                vTaskDelay
 .text.vTaskStartScheduler
                0x08006e8c       0xe4 ./Middlewares/Third_Party/FreeRTOS/Source/tasks.o
                0x08006e8c                vTaskStartScheduler
 .text.vTaskSuspendAll
                0x08006f70       0x1c ./Middlewares/Third_Party/FreeRTOS/Source/tasks.o
                0x08006f70                vTaskSuspendAll
 .text.xTaskResumeAll
                0x08006f8c      0x13c ./Middlewares/Third_Party/FreeRTOS/Source/tasks.o
                0x08006f8c                xTaskResumeAll
 .text.xTaskGetTickCount
                0x080070c8       0x20 ./Middlewares/Third_Party/FreeRTOS/Source/tasks.o
                0x080070c8                xTaskGetTickCount
 .text.xTaskIncrementTick
                0x080070e8      0x174 ./Middlewares/Third_Party/FreeRTOS/Source/tasks.o
                0x080070e8                xTaskIncrementTick
 .text.vTaskSwitchContext
                0x0800725c      0x100 ./Middlewares/Third_Party/FreeRTOS/Source/tasks.o
                0x0800725c                vTaskSwitchContext
 .text.vTaskPlaceOnEventList
                0x0800735c       0x4c ./Middlewares/Third_Party/FreeRTOS/Source/tasks.o
                0x0800735c                vTaskPlaceOnEventList
 .text.vTaskPlaceOnEventListRestricted
                0x080073a8       0x58 ./Middlewares/Third_Party/FreeRTOS/Source/tasks.o
                0x080073a8                vTaskPlaceOnEventListRestricted
 .text.xTaskRemoveFromEventList
                0x08007400       0xc8 ./Middlewares/Third_Party/FreeRTOS/Source/tasks.o
                0x08007400                xTaskRemoveFromEventList
 .text.vTaskInternalSetTimeOutState
                0x080074c8       0x2c ./Middlewares/Third_Party/FreeRTOS/Source/tasks.o
                0x080074c8                vTaskInternalSetTimeOutState
 .text.xTaskCheckForTimeOut
                0x080074f4       0xc8 ./Middlewares/Third_Party/FreeRTOS/Source/tasks.o
                0x080074f4                xTaskCheckForTimeOut
 .text.vTaskMissedYield
                0x080075bc       0x18 ./Middlewares/Third_Party/FreeRTOS/Source/tasks.o
                0x080075bc                vTaskMissedYield
 .text.prvIdleTask
                0x080075d4       0x30 ./Middlewares/Third_Party/FreeRTOS/Source/tasks.o
 .text.prvInitialiseTaskLists
                0x08007604       0x80 ./Middlewares/Third_Party/FreeRTOS/Source/tasks.o
 .text.prvCheckTasksWaitingTermination
                0x08007684       0x5c ./Middlewares/Third_Party/FreeRTOS/Source/tasks.o
 .text.prvDeleteTCB
                0x080076e0       0x6a ./Middlewares/Third_Party/FreeRTOS/Source/tasks.o
 *fill*         0x0800774a        0x2 
 .text.prvResetNextTaskUnblockTime
                0x0800774c       0x40 ./Middlewares/Third_Party/FreeRTOS/Source/tasks.o
 .text.xTaskGetCurrentTaskHandle
                0x0800778c       0x20 ./Middlewares/Third_Party/FreeRTOS/Source/tasks.o
                0x0800778c                xTaskGetCurrentTaskHandle
 .text.xTaskGetSchedulerState
                0x080077ac       0x3c ./Middlewares/Third_Party/FreeRTOS/Source/tasks.o
                0x080077ac                xTaskGetSchedulerState
 .text.xTaskPriorityInherit
                0x080077e8       0xd0 ./Middlewares/Third_Party/FreeRTOS/Source/tasks.o
                0x080077e8                xTaskPriorityInherit
 .text.xTaskPriorityDisinherit
                0x080078b8       0xe0 ./Middlewares/Third_Party/FreeRTOS/Source/tasks.o
                0x080078b8                xTaskPriorityDisinherit
 .text.vTaskPriorityDisinheritAfterTimeout
                0x08007998      0x108 ./Middlewares/Third_Party/FreeRTOS/Source/tasks.o
                0x08007998                vTaskPriorityDisinheritAfterTimeout
 .text.pvTaskIncrementMutexHeldCount
                0x08007aa0       0x28 ./Middlewares/Third_Party/FreeRTOS/Source/tasks.o
                0x08007aa0                pvTaskIncrementMutexHeldCount
 .text.prvAddCurrentTaskToDelayedList
                0x08007ac8       0xa8 ./Middlewares/Third_Party/FreeRTOS/Source/tasks.o
 .text.xTimerCreateTimerTask
                0x08007b70       0x94 ./Middlewares/Third_Party/FreeRTOS/Source/timers.o
                0x08007b70                xTimerCreateTimerTask
 .text.xTimerGenericCommand
                0x08007c04       0x9c ./Middlewares/Third_Party/FreeRTOS/Source/timers.o
                0x08007c04                xTimerGenericCommand
 .text.prvProcessExpiredTimer
                0x08007ca0       0x9c ./Middlewares/Third_Party/FreeRTOS/Source/timers.o
 .text.prvTimerTask
                0x08007d3c       0x26 ./Middlewares/Third_Party/FreeRTOS/Source/timers.o
 *fill*         0x08007d62        0x2 
 .text.prvProcessTimerOrBlockTask
                0x08007d64       0x9c ./Middlewares/Third_Party/FreeRTOS/Source/timers.o
 .text.prvGetNextExpireTime
                0x08007e00       0x48 ./Middlewares/Third_Party/FreeRTOS/Source/timers.o
 .text.prvSampleTimeNow
                0x08007e48       0x40 ./Middlewares/Third_Party/FreeRTOS/Source/timers.o
 .text.prvInsertTimerInActiveList
                0x08007e88       0x84 ./Middlewares/Third_Party/FreeRTOS/Source/timers.o
 .text.prvProcessReceivedCommands
                0x08007f0c      0x1cc ./Middlewares/Third_Party/FreeRTOS/Source/timers.o
 .text.prvSwitchTimerLists
                0x080080d8       0xcc ./Middlewares/Third_Party/FreeRTOS/Source/timers.o
 .text.prvCheckForValidListAndQueue
                0x080081a4       0x80 ./Middlewares/Third_Party/FreeRTOS/Source/timers.o
 .text.pxPortInitialiseStack
                0x08008224       0x68 ./Middlewares/Third_Party/FreeRTOS/Source/portable/GCC/ARM_CM4F/port.o
                0x08008224                pxPortInitialiseStack
 .text.prvTaskExitError
                0x0800828c       0x5c ./Middlewares/Third_Party/FreeRTOS/Source/portable/GCC/ARM_CM4F/port.o
 *fill*         0x080082e8        0x8 
 .text.SVC_Handler
                0x080082f0       0x28 ./Middlewares/Third_Party/FreeRTOS/Source/portable/GCC/ARM_CM4F/port.o
                0x080082f0                SVC_Handler
 .text.prvPortStartFirstTask
                0x08008318       0x28 ./Middlewares/Third_Party/FreeRTOS/Source/portable/GCC/ARM_CM4F/port.o
 .text.xPortStartScheduler
                0x08008340      0x148 ./Middlewares/Third_Party/FreeRTOS/Source/portable/GCC/ARM_CM4F/port.o
                0x08008340                xPortStartScheduler
 .text.vPortEnterCritical
                0x08008488       0x64 ./Middlewares/Third_Party/FreeRTOS/Source/portable/GCC/ARM_CM4F/port.o
                0x08008488                vPortEnterCritical
 .text.vPortExitCritical
                0x080084ec       0x54 ./Middlewares/Third_Party/FreeRTOS/Source/portable/GCC/ARM_CM4F/port.o
                0x080084ec                vPortExitCritical
 .text.PendSV_Handler
                0x08008540       0x68 ./Middlewares/Third_Party/FreeRTOS/Source/portable/GCC/ARM_CM4F/port.o
                0x08008540                PendSV_Handler
 .text.xPortSysTickHandler
                0x080085a8       0x44 ./Middlewares/Third_Party/FreeRTOS/Source/portable/GCC/ARM_CM4F/port.o
                0x080085a8                xPortSysTickHandler
 .text.vPortSetupTimerInterrupt
                0x080085ec       0x48 ./Middlewares/Third_Party/FreeRTOS/Source/portable/GCC/ARM_CM4F/port.o
                0x080085ec                vPortSetupTimerInterrupt
 .text.vPortEnableVFP
                0x08008634       0x14 ./Middlewares/Third_Party/FreeRTOS/Source/portable/GCC/ARM_CM4F/port.o
 .text.vPortValidateInterruptPriority
                0x08008648       0x84 ./Middlewares/Third_Party/FreeRTOS/Source/portable/GCC/ARM_CM4F/port.o
                0x08008648                vPortValidateInterruptPriority
 .text.pvPortMalloc
                0x080086cc       0x8c ./Middlewares/Third_Party/FreeRTOS/Source/portable/MemMang/heap_1.o
                0x080086cc                pvPortMalloc
 .text.vPortFree
                0x08008758       0x32 ./Middlewares/Third_Party/FreeRTOS/Source/portable/MemMang/heap_1.o
                0x08008758                vPortFree
 *fill*         0x0800878a        0x2 
 .text.I2Cx_Init
                0x0800878c       0x64 ./STM32F411E-Discovery/stm32f411e_discovery.o
 .text.I2Cx_WriteData
                0x080087f0       0x50 ./STM32F411E-Discovery/stm32f411e_discovery.o
 .text.I2Cx_ReadData
                0x08008840       0x58 ./STM32F411E-Discovery/stm32f411e_discovery.o
 .text.I2Cx_Error
                0x08008898       0x18 ./STM32F411E-Discovery/stm32f411e_discovery.o
 .text.I2Cx_MspInit
                0x080088b0       0xac ./STM32F411E-Discovery/stm32f411e_discovery.o
 .text.COMPASSACCELERO_IO_Init
                0x0800895c       0x50 ./STM32F411E-Discovery/stm32f411e_discovery.o
                0x0800895c                COMPASSACCELERO_IO_Init
 .text.COMPASSACCELERO_IO_ITConfig
                0x080089ac       0x60 ./STM32F411E-Discovery/stm32f411e_discovery.o
                0x080089ac                COMPASSACCELERO_IO_ITConfig
 .text.COMPASSACCELERO_IO_Write
                0x08008a0c       0x26 ./STM32F411E-Discovery/stm32f411e_discovery.o
                0x08008a0c                COMPASSACCELERO_IO_Write
 .text.COMPASSACCELERO_IO_Read
                0x08008a32       0x26 ./STM32F411E-Discovery/stm32f411e_discovery.o
                0x08008a32                COMPASSACCELERO_IO_Read
 .text.BSP_ACCELERO_Init
                0x08008a58      0x184 ./STM32F411E-Discovery/stm32f411e_discovery_accelerometer.o
                0x08008a58                BSP_ACCELERO_Init
 .text.BSP_ACCELERO_GetXYZ
                0x08008bdc       0x58 ./STM32F411E-Discovery/stm32f411e_discovery_accelerometer.o
                0x08008bdc                BSP_ACCELERO_GetXYZ
 .text.LSM303AGR_MagInit
                0x08008c34       0x16 ./STM32F411E-Discovery/stm32f411e_discovery_magnetometer.o
                0x08008c34                LSM303AGR_MagInit
 .text.LSM303AGR_MagReadXYZ
                0x08008c4a       0x9a ./STM32F411E-Discovery/stm32f411e_discovery_magnetometer.o
                0x08008c4a                LSM303AGR_MagReadXYZ
 .text.malloc   0x08008ce4       0x10 C:/ST/STM32CubeIDE_1.16.1/STM32CubeIDE/plugins/com.st.stm32cube.ide.mcu.externaltools.gnu-tools-for-stm32.12.3.rel1.win32_1.0.200.202406191623/tools/bin/../lib/gcc/arm-none-eabi/12.3.1/../../../../arm-none-eabi/lib/thumb/v7e-m+fp/hard\libc_nano.a(libc_a-malloc.o)
                0x08008ce4                malloc
 .text.sbrk_aligned
                0x08008cf4       0x44 C:/ST/STM32CubeIDE_1.16.1/STM32CubeIDE/plugins/com.st.stm32cube.ide.mcu.externaltools.gnu-tools-for-stm32.12.3.rel1.win32_1.0.200.202406191623/tools/bin/../lib/gcc/arm-none-eabi/12.3.1/../../../../arm-none-eabi/lib/thumb/v7e-m+fp/hard\libc_nano.a(libc_a-mallocr.o)
 .text._malloc_r
                0x08008d38      0x100 C:/ST/STM32CubeIDE_1.16.1/STM32CubeIDE/plugins/com.st.stm32cube.ide.mcu.externaltools.gnu-tools-for-stm32.12.3.rel1.win32_1.0.200.202406191623/tools/bin/../lib/gcc/arm-none-eabi/12.3.1/../../../../arm-none-eabi/lib/thumb/v7e-m+fp/hard\libc_nano.a(libc_a-mallocr.o)
                0x08008d38                _malloc_r
 .text.__malloc_lock
                0x08008e38        0xc C:/ST/STM32CubeIDE_1.16.1/STM32CubeIDE/plugins/com.st.stm32cube.ide.mcu.externaltools.gnu-tools-for-stm32.12.3.rel1.win32_1.0.200.202406191623/tools/bin/../lib/gcc/arm-none-eabi/12.3.1/../../../../arm-none-eabi/lib/thumb/v7e-m+fp/hard\libc_nano.a(libc_a-mlock.o)
                0x08008e38                __malloc_lock
 .text.__malloc_unlock
                0x08008e44        0xc C:/ST/STM32CubeIDE_1.16.1/STM32CubeIDE/plugins/com.st.stm32cube.ide.mcu.externaltools.gnu-tools-for-stm32.12.3.rel1.win32_1.0.200.202406191623/tools/bin/../lib/gcc/arm-none-eabi/12.3.1/../../../../arm-none-eabi/lib/thumb/v7e-m+fp/hard\libc_nano.a(libc_a-mlock.o)
                0x08008e44                __malloc_unlock
 .text.std      0x08008e50       0x6c C:/ST/STM32CubeIDE_1.16.1/STM32CubeIDE/plugins/com.st.stm32cube.ide.mcu.externaltools.gnu-tools-for-stm32.12.3.rel1.win32_1.0.200.202406191623/tools/bin/../lib/gcc/arm-none-eabi/12.3.1/../../../../arm-none-eabi/lib/thumb/v7e-m+fp/hard\libc_nano.a(libc_a-findfp.o)
 .text.stdio_exit_handler
                0x08008ebc       0x18 C:/ST/STM32CubeIDE_1.16.1/STM32CubeIDE/plugins/com.st.stm32cube.ide.mcu.externaltools.gnu-tools-for-stm32.12.3.rel1.win32_1.0.200.202406191623/tools/bin/../lib/gcc/arm-none-eabi/12.3.1/../../../../arm-none-eabi/lib/thumb/v7e-m+fp/hard\libc_nano.a(libc_a-findfp.o)
 .text.cleanup_stdio
                0x08008ed4       0x40 C:/ST/STM32CubeIDE_1.16.1/STM32CubeIDE/plugins/com.st.stm32cube.ide.mcu.externaltools.gnu-tools-for-stm32.12.3.rel1.win32_1.0.200.202406191623/tools/bin/../lib/gcc/arm-none-eabi/12.3.1/../../../../arm-none-eabi/lib/thumb/v7e-m+fp/hard\libc_nano.a(libc_a-findfp.o)
 .text.global_stdio_init.part.0
                0x08008f14       0x3c C:/ST/STM32CubeIDE_1.16.1/STM32CubeIDE/plugins/com.st.stm32cube.ide.mcu.externaltools.gnu-tools-for-stm32.12.3.rel1.win32_1.0.200.202406191623/tools/bin/../lib/gcc/arm-none-eabi/12.3.1/../../../../arm-none-eabi/lib/thumb/v7e-m+fp/hard\libc_nano.a(libc_a-findfp.o)
 .text.__sfp_lock_acquire
                0x08008f50        0xc C:/ST/STM32CubeIDE_1.16.1/STM32CubeIDE/plugins/com.st.stm32cube.ide.mcu.externaltools.gnu-tools-for-stm32.12.3.rel1.win32_1.0.200.202406191623/tools/bin/../lib/gcc/arm-none-eabi/12.3.1/../../../../arm-none-eabi/lib/thumb/v7e-m+fp/hard\libc_nano.a(libc_a-findfp.o)
                0x08008f50                __sfp_lock_acquire
 .text.__sfp_lock_release
                0x08008f5c        0xc C:/ST/STM32CubeIDE_1.16.1/STM32CubeIDE/plugins/com.st.stm32cube.ide.mcu.externaltools.gnu-tools-for-stm32.12.3.rel1.win32_1.0.200.202406191623/tools/bin/../lib/gcc/arm-none-eabi/12.3.1/../../../../arm-none-eabi/lib/thumb/v7e-m+fp/hard\libc_nano.a(libc_a-findfp.o)
                0x08008f5c                __sfp_lock_release
 .text.__sinit  0x08008f68       0x30 C:/ST/STM32CubeIDE_1.16.1/STM32CubeIDE/plugins/com.st.stm32cube.ide.mcu.externaltools.gnu-tools-for-stm32.12.3.rel1.win32_1.0.200.202406191623/tools/bin/../lib/gcc/arm-none-eabi/12.3.1/../../../../arm-none-eabi/lib/thumb/v7e-m+fp/hard\libc_nano.a(libc_a-findfp.o)
                0x08008f68                __sinit
 .text._fwalk_sglue
                0x08008f98       0x3c C:/ST/STM32CubeIDE_1.16.1/STM32CubeIDE/plugins/com.st.stm32cube.ide.mcu.externaltools.gnu-tools-for-stm32.12.3.rel1.win32_1.0.200.202406191623/tools/bin/../lib/gcc/arm-none-eabi/12.3.1/../../../../arm-none-eabi/lib/thumb/v7e-m+fp/hard\libc_nano.a(libc_a-fwalk.o)
                0x08008f98                _fwalk_sglue
 .text.printf   0x08008fd4       0x24 C:/ST/STM32CubeIDE_1.16.1/STM32CubeIDE/plugins/com.st.stm32cube.ide.mcu.externaltools.gnu-tools-for-stm32.12.3.rel1.win32_1.0.200.202406191623/tools/bin/../lib/gcc/arm-none-eabi/12.3.1/../../../../arm-none-eabi/lib/thumb/v7e-m+fp/hard\libc_nano.a(libc_a-printf.o)
                0x08008fd4                iprintf
                0x08008fd4                printf
 .text.__sread  0x08008ff8       0x22 C:/ST/STM32CubeIDE_1.16.1/STM32CubeIDE/plugins/com.st.stm32cube.ide.mcu.externaltools.gnu-tools-for-stm32.12.3.rel1.win32_1.0.200.202406191623/tools/bin/../lib/gcc/arm-none-eabi/12.3.1/../../../../arm-none-eabi/lib/thumb/v7e-m+fp/hard\libc_nano.a(libc_a-stdio.o)
                0x08008ff8                __sread
 .text.__swrite
                0x0800901a       0x38 C:/ST/STM32CubeIDE_1.16.1/STM32CubeIDE/plugins/com.st.stm32cube.ide.mcu.externaltools.gnu-tools-for-stm32.12.3.rel1.win32_1.0.200.202406191623/tools/bin/../lib/gcc/arm-none-eabi/12.3.1/../../../../arm-none-eabi/lib/thumb/v7e-m+fp/hard\libc_nano.a(libc_a-stdio.o)
                0x0800901a                __swrite
 .text.__sseek  0x08009052       0x24 C:/ST/STM32CubeIDE_1.16.1/STM32CubeIDE/plugins/com.st.stm32cube.ide.mcu.externaltools.gnu-tools-for-stm32.12.3.rel1.win32_1.0.200.202406191623/tools/bin/../lib/gcc/arm-none-eabi/12.3.1/../../../../arm-none-eabi/lib/thumb/v7e-m+fp/hard\libc_nano.a(libc_a-stdio.o)
                0x08009052                __sseek
 .text.__sclose
                0x08009076        0x8 C:/ST/STM32CubeIDE_1.16.1/STM32CubeIDE/plugins/com.st.stm32cube.ide.mcu.externaltools.gnu-tools-for-stm32.12.3.rel1.win32_1.0.200.202406191623/tools/bin/../lib/gcc/arm-none-eabi/12.3.1/../../../../arm-none-eabi/lib/thumb/v7e-m+fp/hard\libc_nano.a(libc_a-stdio.o)
                0x08009076                __sclose
 .text.memset   0x0800907e       0x10 C:/ST/STM32CubeIDE_1.16.1/STM32CubeIDE/plugins/com.st.stm32cube.ide.mcu.externaltools.gnu-tools-for-stm32.12.3.rel1.win32_1.0.200.202406191623/tools/bin/../lib/gcc/arm-none-eabi/12.3.1/../../../../arm-none-eabi/lib/thumb/v7e-m+fp/hard\libc_nano.a(libc_a-memset.o)
                0x0800907e                memset
 *fill*         0x0800908e        0x2 
 .text._close_r
                0x08009090       0x20 C:/ST/STM32CubeIDE_1.16.1/STM32CubeIDE/plugins/com.st.stm32cube.ide.mcu.externaltools.gnu-tools-for-stm32.12.3.rel1.win32_1.0.200.202406191623/tools/bin/../lib/gcc/arm-none-eabi/12.3.1/../../../../arm-none-eabi/lib/thumb/v7e-m+fp/hard\libc_nano.a(libc_a-closer.o)
                0x08009090                _close_r
 .text._reclaim_reent
                0x080090b0       0xac C:/ST/STM32CubeIDE_1.16.1/STM32CubeIDE/plugins/com.st.stm32cube.ide.mcu.externaltools.gnu-tools-for-stm32.12.3.rel1.win32_1.0.200.202406191623/tools/bin/../lib/gcc/arm-none-eabi/12.3.1/../../../../arm-none-eabi/lib/thumb/v7e-m+fp/hard\libc_nano.a(libc_a-reent.o)
                0x080090b0                _reclaim_reent
 .text._lseek_r
                0x0800915c       0x24 C:/ST/STM32CubeIDE_1.16.1/STM32CubeIDE/plugins/com.st.stm32cube.ide.mcu.externaltools.gnu-tools-for-stm32.12.3.rel1.win32_1.0.200.202406191623/tools/bin/../lib/gcc/arm-none-eabi/12.3.1/../../../../arm-none-eabi/lib/thumb/v7e-m+fp/hard\libc_nano.a(libc_a-lseekr.o)
                0x0800915c                _lseek_r
 .text._read_r  0x08009180       0x24 C:/ST/STM32CubeIDE_1.16.1/STM32CubeIDE/plugins/com.st.stm32cube.ide.mcu.externaltools.gnu-tools-for-stm32.12.3.rel1.win32_1.0.200.202406191623/tools/bin/../lib/gcc/arm-none-eabi/12.3.1/../../../../arm-none-eabi/lib/thumb/v7e-m+fp/hard\libc_nano.a(libc_a-readr.o)
                0x08009180                _read_r
 .text._sbrk_r  0x080091a4       0x20 C:/ST/STM32CubeIDE_1.16.1/STM32CubeIDE/plugins/com.st.stm32cube.ide.mcu.externaltools.gnu-tools-for-stm32.12.3.rel1.win32_1.0.200.202406191623/tools/bin/../lib/gcc/arm-none-eabi/12.3.1/../../../../arm-none-eabi/lib/thumb/v7e-m+fp/hard\libc_nano.a(libc_a-sbrkr.o)
                0x080091a4                _sbrk_r
 .text._write_r
                0x080091c4       0x24 C:/ST/STM32CubeIDE_1.16.1/STM32CubeIDE/plugins/com.st.stm32cube.ide.mcu.externaltools.gnu-tools-for-stm32.12.3.rel1.win32_1.0.200.202406191623/tools/bin/../lib/gcc/arm-none-eabi/12.3.1/../../../../arm-none-eabi/lib/thumb/v7e-m+fp/hard\libc_nano.a(libc_a-writer.o)
                0x080091c4                _write_r
 .text.__errno  0x080091e8        0xc C:/ST/STM32CubeIDE_1.16.1/STM32CubeIDE/plugins/com.st.stm32cube.ide.mcu.externaltools.gnu-tools-for-stm32.12.3.rel1.win32_1.0.200.202406191623/tools/bin/../lib/gcc/arm-none-eabi/12.3.1/../../../../arm-none-eabi/lib/thumb/v7e-m+fp/hard\libc_nano.a(libc_a-errno.o)
                0x080091e8                __errno
 .text.__libc_init_array
                0x080091f4       0x48 C:/ST/STM32CubeIDE_1.16.1/STM32CubeIDE/plugins/com.st.stm32cube.ide.mcu.externaltools.gnu-tools-for-stm32.12.3.rel1.win32_1.0.200.202406191623/tools/bin/../lib/gcc/arm-none-eabi/12.3.1/../../../../arm-none-eabi/lib/thumb/v7e-m+fp/hard\libc_nano.a(libc_a-init.o)
                0x080091f4                __libc_init_array
 .text.__retarget_lock_init_recursive
                0x0800923c        0x2 C:/ST/STM32CubeIDE_1.16.1/STM32CubeIDE/plugins/com.st.stm32cube.ide.mcu.externaltools.gnu-tools-for-stm32.12.3.rel1.win32_1.0.200.202406191623/tools/bin/../lib/gcc/arm-none-eabi/12.3.1/../../../../arm-none-eabi/lib/thumb/v7e-m+fp/hard\libc_nano.a(libc_a-lock.o)
                0x0800923c                __retarget_lock_init_recursive
 .text.__retarget_lock_acquire_recursive
                0x0800923e        0x2 C:/ST/STM32CubeIDE_1.16.1/STM32CubeIDE/plugins/com.st.stm32cube.ide.mcu.externaltools.gnu-tools-for-stm32.12.3.rel1.win32_1.0.200.202406191623/tools/bin/../lib/gcc/arm-none-eabi/12.3.1/../../../../arm-none-eabi/lib/thumb/v7e-m+fp/hard\libc_nano.a(libc_a-lock.o)
                0x0800923e                __retarget_lock_acquire_recursive
 .text.__retarget_lock_release_recursive
                0x08009240        0x2 C:/ST/STM32CubeIDE_1.16.1/STM32CubeIDE/plugins/com.st.stm32cube.ide.mcu.externaltools.gnu-tools-for-stm32.12.3.rel1.win32_1.0.200.202406191623/tools/bin/../lib/gcc/arm-none-eabi/12.3.1/../../../../arm-none-eabi/lib/thumb/v7e-m+fp/hard\libc_nano.a(libc_a-lock.o)
                0x08009240                __retarget_lock_release_recursive
 .text.memcpy   0x08009242       0x1c C:/ST/STM32CubeIDE_1.16.1/STM32CubeIDE/plugins/com.st.stm32cube.ide.mcu.externaltools.gnu-tools-for-stm32.12.3.rel1.win32_1.0.200.202406191623/tools/bin/../lib/gcc/arm-none-eabi/12.3.1/../../../../arm-none-eabi/lib/thumb/v7e-m+fp/hard\libc_nano.a(libc_a-memcpy-stub.o)
                0x08009242                memcpy
 *fill*         0x0800925e        0x2 
 .text._free_r  0x08009260       0x94 C:/ST/STM32CubeIDE_1.16.1/STM32CubeIDE/plugins/com.st.stm32cube.ide.mcu.externaltools.gnu-tools-for-stm32.12.3.rel1.win32_1.0.200.202406191623/tools/bin/../lib/gcc/arm-none-eabi/12.3.1/../../../../arm-none-eabi/lib/thumb/v7e-m+fp/hard\libc_nano.a(libc_a-freer.o)
                0x08009260                _free_r
 .text.__sfputc_r
                0x080092f4       0x2e C:/ST/STM32CubeIDE_1.16.1/STM32CubeIDE/plugins/com.st.stm32cube.ide.mcu.externaltools.gnu-tools-for-stm32.12.3.rel1.win32_1.0.200.202406191623/tools/bin/../lib/gcc/arm-none-eabi/12.3.1/../../../../arm-none-eabi/lib/thumb/v7e-m+fp/hard\libc_nano.a(libc_a-nano-vfprintf.o)
 .text.__sfputs_r
                0x08009322       0x24 C:/ST/STM32CubeIDE_1.16.1/STM32CubeIDE/plugins/com.st.stm32cube.ide.mcu.externaltools.gnu-tools-for-stm32.12.3.rel1.win32_1.0.200.202406191623/tools/bin/../lib/gcc/arm-none-eabi/12.3.1/../../../../arm-none-eabi/lib/thumb/v7e-m+fp/hard\libc_nano.a(libc_a-nano-vfprintf.o)
                0x08009322                __sfputs_r
 *fill*         0x08009346        0x2 
 .text._vfprintf_r
                0x08009348      0x230 C:/ST/STM32CubeIDE_1.16.1/STM32CubeIDE/plugins/com.st.stm32cube.ide.mcu.externaltools.gnu-tools-for-stm32.12.3.rel1.win32_1.0.200.202406191623/tools/bin/../lib/gcc/arm-none-eabi/12.3.1/../../../../arm-none-eabi/lib/thumb/v7e-m+fp/hard\libc_nano.a(libc_a-nano-vfprintf.o)
                0x08009348                _vfprintf_r
                0x08009348                _vfiprintf_r
 .text._printf_common
                0x08009578       0xda C:/ST/STM32CubeIDE_1.16.1/STM32CubeIDE/plugins/com.st.stm32cube.ide.mcu.externaltools.gnu-tools-for-stm32.12.3.rel1.win32_1.0.200.202406191623/tools/bin/../lib/gcc/arm-none-eabi/12.3.1/../../../../arm-none-eabi/lib/thumb/v7e-m+fp/hard\libc_nano.a(libc_a-nano-vfprintf_i.o)
                0x08009578                _printf_common
 *fill*         0x08009652        0x2 
 .text._printf_i
                0x08009654      0x240 C:/ST/STM32CubeIDE_1.16.1/STM32CubeIDE/plugins/com.st.stm32cube.ide.mcu.externaltools.gnu-tools-for-stm32.12.3.rel1.win32_1.0.200.202406191623/tools/bin/../lib/gcc/arm-none-eabi/12.3.1/../../../../arm-none-eabi/lib/thumb/v7e-m+fp/hard\libc_nano.a(libc_a-nano-vfprintf_i.o)
                0x08009654                _printf_i
 .text.__sflush_r
                0x08009894      0x108 C:/ST/STM32CubeIDE_1.16.1/STM32CubeIDE/plugins/com.st.stm32cube.ide.mcu.externaltools.gnu-tools-for-stm32.12.3.rel1.win32_1.0.200.202406191623/tools/bin/../lib/gcc/arm-none-eabi/12.3.1/../../../../arm-none-eabi/lib/thumb/v7e-m+fp/hard\libc_nano.a(libc_a-fflush.o)
                0x08009894                __sflush_r
 .text._fflush_r
                0x0800999c       0x50 C:/ST/STM32CubeIDE_1.16.1/STM32CubeIDE/plugins/com.st.stm32cube.ide.mcu.externaltools.gnu-tools-for-stm32.12.3.rel1.win32_1.0.200.202406191623/tools/bin/../lib/gcc/arm-none-eabi/12.3.1/../../../../arm-none-eabi/lib/thumb/v7e-m+fp/hard\libc_nano.a(libc_a-fflush.o)
                0x0800999c                _fflush_r
 .text.__swbuf_r
                0x080099ec       0x7c C:/ST/STM32CubeIDE_1.16.1/STM32CubeIDE/plugins/com.st.stm32cube.ide.mcu.externaltools.gnu-tools-for-stm32.12.3.rel1.win32_1.0.200.202406191623/tools/bin/../lib/gcc/arm-none-eabi/12.3.1/../../../../arm-none-eabi/lib/thumb/v7e-m+fp/hard\libc_nano.a(libc_a-wbuf.o)
                0x080099ec                __swbuf_r
 .text.__swsetup_r
                0x08009a68       0xac C:/ST/STM32CubeIDE_1.16.1/STM32CubeIDE/plugins/com.st.stm32cube.ide.mcu.externaltools.gnu-tools-for-stm32.12.3.rel1.win32_1.0.200.202406191623/tools/bin/../lib/gcc/arm-none-eabi/12.3.1/../../../../arm-none-eabi/lib/thumb/v7e-m+fp/hard\libc_nano.a(libc_a-wsetup.o)
                0x08009a68                __swsetup_r
 .text.__swhatbuf_r
                0x08009b14       0x4c C:/ST/STM32CubeIDE_1.16.1/STM32CubeIDE/plugins/com.st.stm32cube.ide.mcu.externaltools.gnu-tools-for-stm32.12.3.rel1.win32_1.0.200.202406191623/tools/bin/../lib/gcc/arm-none-eabi/12.3.1/../../../../arm-none-eabi/lib/thumb/v7e-m+fp/hard\libc_nano.a(libc_a-makebuf.o)
                0x08009b14                __swhatbuf_r
 .text.__smakebuf_r
                0x08009b60       0x78 C:/ST/STM32CubeIDE_1.16.1/STM32CubeIDE/plugins/com.st.stm32cube.ide.mcu.externaltools.gnu-tools-for-stm32.12.3.rel1.win32_1.0.200.202406191623/tools/bin/../lib/gcc/arm-none-eabi/12.3.1/../../../../arm-none-eabi/lib/thumb/v7e-m+fp/hard\libc_nano.a(libc_a-makebuf.o)
                0x08009b60                __smakebuf_r
 .text._fstat_r
                0x08009bd8       0x24 C:/ST/STM32CubeIDE_1.16.1/STM32CubeIDE/plugins/com.st.stm32cube.ide.mcu.externaltools.gnu-tools-for-stm32.12.3.rel1.win32_1.0.200.202406191623/tools/bin/../lib/gcc/arm-none-eabi/12.3.1/../../../../arm-none-eabi/lib/thumb/v7e-m+fp/hard\libc_nano.a(libc_a-fstatr.o)
                0x08009bd8                _fstat_r
 .text._isatty_r
                0x08009bfc       0x20 C:/ST/STM32CubeIDE_1.16.1/STM32CubeIDE/plugins/com.st.stm32cube.ide.mcu.externaltools.gnu-tools-for-stm32.12.3.rel1.win32_1.0.200.202406191623/tools/bin/../lib/gcc/arm-none-eabi/12.3.1/../../../../arm-none-eabi/lib/thumb/v7e-m+fp/hard\libc_nano.a(libc_a-isattyr.o)
                0x08009bfc                _isatty_r
 .text.sqrtf    0x08009c1c       0x3c C:/ST/STM32CubeIDE_1.16.1/STM32CubeIDE/plugins/com.st.stm32cube.ide.mcu.externaltools.gnu-tools-for-stm32.12.3.rel1.win32_1.0.200.202406191623/tools/bin/../lib/gcc/arm-none-eabi/12.3.1/../../../../arm-none-eabi/lib/thumb/v7e-m+fp/hard\libm.a(libm_a-wf_sqrt.o)
                0x08009c1c                sqrtf
 .text.__ieee754_sqrtf
                0x08009c58        0x6 C:/ST/STM32CubeIDE_1.16.1/STM32CubeIDE/plugins/com.st.stm32cube.ide.mcu.externaltools.gnu-tools-for-stm32.12.3.rel1.win32_1.0.200.202406191623/tools/bin/../lib/gcc/arm-none-eabi/12.3.1/../../../../arm-none-eabi/lib/thumb/v7e-m+fp/hard\libm.a(libm_a-ef_sqrt.o)
                0x08009c58                __ieee754_sqrtf
 *(.glue_7)
 .glue_7        0x08009c5e        0x0 linker stubs
 *(.glue_7t)
 .glue_7t       0x08009c5e        0x0 linker stubs
 *(.eh_frame)
 *fill*         0x08009c5e        0x2 
 .eh_frame      0x08009c60        0x0 C:/ST/STM32CubeIDE_1.16.1/STM32CubeIDE/plugins/com.st.stm32cube.ide.mcu.externaltools.gnu-tools-for-stm32.12.3.rel1.win32_1.0.200.202406191623/tools/bin/../lib/gcc/arm-none-eabi/12.3.1/thumb/v7e-m+fp/hard/crtbegin.o
 *(.init)
 .init          0x08009c60        0x4 C:/ST/STM32CubeIDE_1.16.1/STM32CubeIDE/plugins/com.st.stm32cube.ide.mcu.externaltools.gnu-tools-for-stm32.12.3.rel1.win32_1.0.200.202406191623/tools/bin/../lib/gcc/arm-none-eabi/12.3.1/thumb/v7e-m+fp/hard/crti.o
                0x08009c60                _init
 .init          0x08009c64        0x8 C:/ST/STM32CubeIDE_1.16.1/STM32CubeIDE/plugins/com.st.stm32cube.ide.mcu.externaltools.gnu-tools-for-stm32.12.3.rel1.win32_1.0.200.202406191623/tools/bin/../lib/gcc/arm-none-eabi/12.3.1/thumb/v7e-m+fp/hard/crtn.o
 *(.fini)
 .fini          0x08009c6c        0x4 C:/ST/STM32CubeIDE_1.16.1/STM32CubeIDE/plugins/com.st.stm32cube.ide.mcu.externaltools.gnu-tools-for-stm32.12.3.rel1.win32_1.0.200.202406191623/tools/bin/../lib/gcc/arm-none-eabi/12.3.1/thumb/v7e-m+fp/hard/crti.o
                0x08009c6c                _fini
 .fini          0x08009c70        0x8 C:/ST/STM32CubeIDE_1.16.1/STM32CubeIDE/plugins/com.st.stm32cube.ide.mcu.externaltools.gnu-tools-for-stm32.12.3.rel1.win32_1.0.200.202406191623/tools/bin/../lib/gcc/arm-none-eabi/12.3.1/thumb/v7e-m+fp/hard/crtn.o
                0x08009c78                        . = ALIGN (0x4)
                0x08009c78                        _etext = .

.vfp11_veneer   0x08009c78        0x0
 .vfp11_veneer  0x08009c78        0x0 linker stubs

.v4_bx          0x08009c78        0x0
 .v4_bx         0x08009c78        0x0 linker stubs

.iplt           0x08009c78        0x0
 .iplt          0x08009c78        0x0 C:/ST/STM32CubeIDE_1.16.1/STM32CubeIDE/plugins/com.st.stm32cube.ide.mcu.externaltools.gnu-tools-for-stm32.12.3.rel1.win32_1.0.200.202406191623/tools/bin/../lib/gcc/arm-none-eabi/12.3.1/thumb/v7e-m+fp/hard/crtbegin.o

.rodata         0x08009c78      0x1fc
                0x08009c78                        . = ALIGN (0x4)
 *(.rodata)
 .rodata        0x08009c78       0x71 ./Core/Src/main.o
 *fill*         0x08009ce9        0x3 
 .rodata        0x08009cec        0x4 ./Core/Src/tasks.o
 .rodata        0x08009cf0       0x30 ./Middlewares/Third_Party/FreeRTOS/Source/tasks.o
 .rodata        0x08009d20        0xd ./Middlewares/Third_Party/FreeRTOS/Source/timers.o
 *(.rodata*)
 *fill*         0x08009d2d        0x3 
 .rodata.defaultTask_attributes
                0x08009d30       0x24 ./Core/Src/main.o
                0x08009d30                defaultTask_attributes
 .rodata.task_BlinkBlue_attributes
                0x08009d54       0x24 ./Core/Src/main.o
                0x08009d54                task_BlinkBlue_attributes
 .rodata.task_ReadAccel_attributes
                0x08009d78       0x24 ./Core/Src/main.o
                0x08009d78                task_ReadAccel_attributes
 .rodata.task_WriteGreen_attributes
                0x08009d9c       0x24 ./Core/Src/main.o
                0x08009d9c                task_WriteGreen_attributes
 .rodata.task_ReadMagnet_attributes
                0x08009dc0       0x24 ./Core/Src/main.o
                0x08009dc0                task_ReadMagnet_attributes
 .rodata.task_WriteRed_attributes
                0x08009de4       0x24 ./Core/Src/main.o
                0x08009de4                task_WriteRed_attributes
 .rodata.mutexi2c1_attributes
                0x08009e08       0x10 ./Core/Src/main.o
                0x08009e08                mutexi2c1_attributes
 .rodata.exti_sem_attributes
                0x08009e18       0x10 ./Core/Src/main.o
                0x08009e18                exti_sem_attributes
 .rodata.AHBPrescTable
                0x08009e28       0x10 ./Core/Src/system_stm32f4xx.o
                0x08009e28                AHBPrescTable
 .rodata.APBPrescTable
                0x08009e38        0x8 ./Core/Src/system_stm32f4xx.o
                0x08009e38                APBPrescTable
 .rodata._vfprintf_r.str1.1
                0x08009e40       0x11 C:/ST/STM32CubeIDE_1.16.1/STM32CubeIDE/plugins/com.st.stm32cube.ide.mcu.externaltools.gnu-tools-for-stm32.12.3.rel1.win32_1.0.200.202406191623/tools/bin/../lib/gcc/arm-none-eabi/12.3.1/../../../../arm-none-eabi/lib/thumb/v7e-m+fp/hard\libc_nano.a(libc_a-nano-vfprintf.o)
 .rodata._printf_i.str1.1
                0x08009e51       0x22 C:/ST/STM32CubeIDE_1.16.1/STM32CubeIDE/plugins/com.st.stm32cube.ide.mcu.externaltools.gnu-tools-for-stm32.12.3.rel1.win32_1.0.200.202406191623/tools/bin/../lib/gcc/arm-none-eabi/12.3.1/../../../../arm-none-eabi/lib/thumb/v7e-m+fp/hard\libc_nano.a(libc_a-nano-vfprintf_i.o)
                0x08009e74                        . = ALIGN (0x4)
 *fill*         0x08009e73        0x1 

.ARM.extab      0x08009e74        0x0
                0x08009e74                        . = ALIGN (0x4)
 *(.ARM.extab* .gnu.linkonce.armextab.*)
                0x08009e74                        . = ALIGN (0x4)

.ARM            0x08009e74        0x8
                0x08009e74                        . = ALIGN (0x4)
                0x08009e74                        __exidx_start = .
 *(.ARM.exidx*)
 .ARM.exidx     0x08009e74        0x8 C:/ST/STM32CubeIDE_1.16.1/STM32CubeIDE/plugins/com.st.stm32cube.ide.mcu.externaltools.gnu-tools-for-stm32.12.3.rel1.win32_1.0.200.202406191623/tools/bin/../lib/gcc/arm-none-eabi/12.3.1/../../../../arm-none-eabi/lib/thumb/v7e-m+fp/hard\libc_nano.a(libc_a-memchr.o)
 .ARM.exidx     0x08009e7c        0x0 C:/ST/STM32CubeIDE_1.16.1/STM32CubeIDE/plugins/com.st.stm32cube.ide.mcu.externaltools.gnu-tools-for-stm32.12.3.rel1.win32_1.0.200.202406191623/tools/bin/../lib/gcc/arm-none-eabi/12.3.1/thumb/v7e-m+fp/hard\libgcc.a(_udivmoddi4.o)
                                  0x8 (size before relaxing)
                0x08009e7c                        __exidx_end = .
                0x08009e7c                        . = ALIGN (0x4)

.preinit_array  0x08009e7c        0x0
                0x08009e7c                        . = ALIGN (0x4)
                0x08009e7c                        PROVIDE (__preinit_array_start = .)
 *(.preinit_array*)
                0x08009e7c                        PROVIDE (__preinit_array_end = .)
                0x08009e7c                        . = ALIGN (0x4)

.init_array     0x08009e7c        0x4
                0x08009e7c                        . = ALIGN (0x4)
                0x08009e7c                        PROVIDE (__init_array_start = .)
 *(SORT_BY_NAME(.init_array.*))
 *(.init_array*)
 .init_array    0x08009e7c        0x4 C:/ST/STM32CubeIDE_1.16.1/STM32CubeIDE/plugins/com.st.stm32cube.ide.mcu.externaltools.gnu-tools-for-stm32.12.3.rel1.win32_1.0.200.202406191623/tools/bin/../lib/gcc/arm-none-eabi/12.3.1/thumb/v7e-m+fp/hard/crtbegin.o
                0x08009e80                        PROVIDE (__init_array_end = .)
                0x08009e80                        . = ALIGN (0x4)

.fini_array     0x08009e80        0x4
                0x08009e80                        . = ALIGN (0x4)
                [!provide]                        PROVIDE (__fini_array_start = .)
 *(SORT_BY_NAME(.fini_array.*))
 *(.fini_array*)
 .fini_array    0x08009e80        0x4 C:/ST/STM32CubeIDE_1.16.1/STM32CubeIDE/plugins/com.st.stm32cube.ide.mcu.externaltools.gnu-tools-for-stm32.12.3.rel1.win32_1.0.200.202406191623/tools/bin/../lib/gcc/arm-none-eabi/12.3.1/thumb/v7e-m+fp/hard/crtbegin.o
                [!provide]                        PROVIDE (__fini_array_end = .)
                0x08009e84                        . = ALIGN (0x4)
                0x08009e84                        _sidata = LOADADDR (.data)

.rel.dyn        0x08009e84        0x0
 .rel.iplt      0x08009e84        0x0 C:/ST/STM32CubeIDE_1.16.1/STM32CubeIDE/plugins/com.st.stm32cube.ide.mcu.externaltools.gnu-tools-for-stm32.12.3.rel1.win32_1.0.200.202406191623/tools/bin/../lib/gcc/arm-none-eabi/12.3.1/thumb/v7e-m+fp/hard/crtbegin.o

.data           0x20000000      0x128 load address 0x08009e84
                0x20000000                        . = ALIGN (0x4)
                0x20000000                        _sdata = .
 *(.data)
 *(.data*)
 .data.Lsm303agrDrv
                0x20000000       0x34 ./Components/lsm303agr/lsm303agr.o
                0x20000000                Lsm303agrDrv
 .data.Lsm303dlhcDrv
                0x20000034       0x34 ./Components/lsm303dlhc/lsm303dlhc.o
                0x20000034                Lsm303dlhcDrv
 .data.data_green
                0x20000068       0x10 ./Core/Src/main.o
                0x20000068                data_green
 .data.data_red
                0x20000078       0x10 ./Core/Src/main.o
                0x20000078                data_red
 .data.ledfsm   0x20000088       0x30 ./Core/Src/main.o
 .data.SystemCoreClock
                0x200000b8        0x4 ./Core/Src/system_stm32f4xx.o
                0x200000b8                SystemCoreClock
 .data.uwTickPrio
                0x200000bc        0x4 ./Drivers/STM32F4xx_HAL_Driver/Src/stm32f4xx_hal.o
                0x200000bc                uwTickPrio
 .data.uwTickFreq
                0x200000c0        0x1 ./Drivers/STM32F4xx_HAL_Driver/Src/stm32f4xx_hal.o
                0x200000c0                uwTickFreq
 *fill*         0x200000c1        0x3 
 .data.uxCriticalNesting
                0x200000c4        0x4 ./Middlewares/Third_Party/FreeRTOS/Source/portable/GCC/ARM_CM4F/port.o
 .data.I2cxTimeout
                0x200000c8        0x4 ./STM32F411E-Discovery/stm32f411e_discovery.o
                0x200000c8                I2cxTimeout
 .data.__sglue  0x200000cc        0xc C:/ST/STM32CubeIDE_1.16.1/STM32CubeIDE/plugins/com.st.stm32cube.ide.mcu.externaltools.gnu-tools-for-stm32.12.3.rel1.win32_1.0.200.202406191623/tools/bin/../lib/gcc/arm-none-eabi/12.3.1/../../../../arm-none-eabi/lib/thumb/v7e-m+fp/hard\libc_nano.a(libc_a-findfp.o)
                0x200000cc                __sglue
 .data._impure_ptr
                0x200000d8        0x4 C:/ST/STM32CubeIDE_1.16.1/STM32CubeIDE/plugins/com.st.stm32cube.ide.mcu.externaltools.gnu-tools-for-stm32.12.3.rel1.win32_1.0.200.202406191623/tools/bin/../lib/gcc/arm-none-eabi/12.3.1/../../../../arm-none-eabi/lib/thumb/v7e-m+fp/hard\libc_nano.a(libc_a-impure.o)
                0x200000d8                _impure_ptr
 .data._impure_data
                0x200000dc       0x4c C:/ST/STM32CubeIDE_1.16.1/STM32CubeIDE/plugins/com.st.stm32cube.ide.mcu.externaltools.gnu-tools-for-stm32.12.3.rel1.win32_1.0.200.202406191623/tools/bin/../lib/gcc/arm-none-eabi/12.3.1/../../../../arm-none-eabi/lib/thumb/v7e-m+fp/hard\libc_nano.a(libc_a-impure.o)
                0x200000dc                _impure_data
 *(.RamFunc)
 *(.RamFunc*)
                0x20000128                        . = ALIGN (0x4)
                0x20000128                        _edata = .

.igot.plt       0x20000128        0x0 load address 0x08009fac
 .igot.plt      0x20000128        0x0 C:/ST/STM32CubeIDE_1.16.1/STM32CubeIDE/plugins/com.st.stm32cube.ide.mcu.externaltools.gnu-tools-for-stm32.12.3.rel1.win32_1.0.200.202406191623/tools/bin/../lib/gcc/arm-none-eabi/12.3.1/thumb/v7e-m+fp/hard/crtbegin.o
                0x20000128                        . = ALIGN (0x4)

.bss            0x20000128     0x4d34 load address 0x08009fac
                0x20000128                        _sbss = .
                0x20000128                        __bss_start__ = _sbss
 *(.bss)
 .bss           0x20000128       0x1c C:/ST/STM32CubeIDE_1.16.1/STM32CubeIDE/plugins/com.st.stm32cube.ide.mcu.externaltools.gnu-tools-for-stm32.12.3.rel1.win32_1.0.200.202406191623/tools/bin/../lib/gcc/arm-none-eabi/12.3.1/thumb/v7e-m+fp/hard/crtbegin.o
 *(.bss*)
 .bss.hi2c1     0x20000144       0x54 ./Core/Src/main.o
                0x20000144                hi2c1
 .bss.hspi1     0x20000198       0x58 ./Core/Src/main.o
                0x20000198                hspi1
 .bss.htim4     0x200001f0       0x48 ./Core/Src/main.o
                0x200001f0                htim4
 .bss.defaultTaskHandle
                0x20000238        0x4 ./Core/Src/main.o
                0x20000238                defaultTaskHandle
 .bss.task_BlinkBlueHandle
                0x2000023c        0x4 ./Core/Src/main.o
                0x2000023c                task_BlinkBlueHandle
 .bss.task_ReadAccelHandle
                0x20000240        0x4 ./Core/Src/main.o
                0x20000240                task_ReadAccelHandle
 .bss.task_WriteGreenHandle
                0x20000244        0x4 ./Core/Src/main.o
                0x20000244                task_WriteGreenHandle
 .bss.task_ReadMagnetHandle
                0x20000248        0x4 ./Core/Src/main.o
                0x20000248                task_ReadMagnetHandle
 .bss.task_WriteRedHandle
                0x2000024c        0x4 ./Core/Src/main.o
                0x2000024c                task_WriteRedHandle
 .bss.mutexi2c1Handle
                0x20000250        0x4 ./Core/Src/main.o
                0x20000250                mutexi2c1Handle
 .bss.exti_semHandle
                0x20000254        0x4 ./Core/Src/main.o
                0x20000254                exti_semHandle
 .bss.encendido
                0x20000258        0x4 ./Core/Src/main.o
                0x20000258                encendido
 .bss.LEDazul   0x2000025c        0x4 ./Core/Src/main.o
                0x2000025c                LEDazul
 .bss.htim10    0x20000260       0x48 ./Core/Src/stm32f4xx_hal_timebase_tim.o
                0x20000260                htim10
 .bss.__sbrk_heap_end
                0x200002a8        0x4 ./Core/Src/sysmem.o
 .bss.accxyz    0x200002ac        0x6 ./Core/Src/tasks.o
                0x200002ac                accxyz
 *fill*         0x200002b2        0x2 
 .bss.magxyz    0x200002b4        0x6 ./Core/Src/tasks.o
                0x200002b4                magxyz
 *fill*         0x200002ba        0x2 
 .bss.cumxyz    0x200002bc        0x6 ./Core/Src/tasks.o
                0x200002bc                cumxyz
 *fill*         0x200002c2        0x2 
 .bss.magcumxyz
                0x200002c4        0x6 ./Core/Src/tasks.o
                0x200002c4                magcumxyz
 *fill*         0x200002ca        0x2 
 .bss.uwTick    0x200002cc        0x4 ./Drivers/STM32F4xx_HAL_Driver/Src/stm32f4xx_hal.o
                0x200002cc                uwTick
 .bss.KernelState
                0x200002d0        0x4 ./Middlewares/Third_Party/FreeRTOS/Source/CMSIS_RTOS_V2/cmsis_os2.o
 .bss.Idle_TCB.3
                0x200002d4       0xb0 ./Middlewares/Third_Party/FreeRTOS/Source/CMSIS_RTOS_V2/cmsis_os2.o
 .bss.Idle_Stack.2
                0x20000384      0x200 ./Middlewares/Third_Party/FreeRTOS/Source/CMSIS_RTOS_V2/cmsis_os2.o
 .bss.Timer_TCB.1
                0x20000584       0xb0 ./Middlewares/Third_Party/FreeRTOS/Source/CMSIS_RTOS_V2/cmsis_os2.o
 .bss.Timer_Stack.0
                0x20000634      0x400 ./Middlewares/Third_Party/FreeRTOS/Source/CMSIS_RTOS_V2/cmsis_os2.o
 .bss.xQueueRegistry
                0x20000a34       0x40 ./Middlewares/Third_Party/FreeRTOS/Source/queue.o
                0x20000a34                xQueueRegistry
 .bss.pxCurrentTCB
                0x20000a74        0x4 ./Middlewares/Third_Party/FreeRTOS/Source/tasks.o
                0x20000a74                pxCurrentTCB
 .bss.pxReadyTasksLists
                0x20000a78      0x460 ./Middlewares/Third_Party/FreeRTOS/Source/tasks.o
 .bss.xDelayedTaskList1
                0x20000ed8       0x14 ./Middlewares/Third_Party/FreeRTOS/Source/tasks.o
 .bss.xDelayedTaskList2
                0x20000eec       0x14 ./Middlewares/Third_Party/FreeRTOS/Source/tasks.o
 .bss.pxDelayedTaskList
                0x20000f00        0x4 ./Middlewares/Third_Party/FreeRTOS/Source/tasks.o
 .bss.pxOverflowDelayedTaskList
                0x20000f04        0x4 ./Middlewares/Third_Party/FreeRTOS/Source/tasks.o
 .bss.xPendingReadyList
                0x20000f08       0x14 ./Middlewares/Third_Party/FreeRTOS/Source/tasks.o
 .bss.xTasksWaitingTermination
                0x20000f1c       0x14 ./Middlewares/Third_Party/FreeRTOS/Source/tasks.o
 .bss.uxDeletedTasksWaitingCleanUp
                0x20000f30        0x4 ./Middlewares/Third_Party/FreeRTOS/Source/tasks.o
 .bss.xSuspendedTaskList
                0x20000f34       0x14 ./Middlewares/Third_Party/FreeRTOS/Source/tasks.o
 .bss.uxCurrentNumberOfTasks
                0x20000f48        0x4 ./Middlewares/Third_Party/FreeRTOS/Source/tasks.o
 .bss.xTickCount
                0x20000f4c        0x4 ./Middlewares/Third_Party/FreeRTOS/Source/tasks.o
 .bss.uxTopReadyPriority
                0x20000f50        0x4 ./Middlewares/Third_Party/FreeRTOS/Source/tasks.o
 .bss.xSchedulerRunning
                0x20000f54        0x4 ./Middlewares/Third_Party/FreeRTOS/Source/tasks.o
 .bss.xPendedTicks
                0x20000f58        0x4 ./Middlewares/Third_Party/FreeRTOS/Source/tasks.o
 .bss.xYieldPending
                0x20000f5c        0x4 ./Middlewares/Third_Party/FreeRTOS/Source/tasks.o
 .bss.xNumOfOverflows
                0x20000f60        0x4 ./Middlewares/Third_Party/FreeRTOS/Source/tasks.o
 .bss.uxTaskNumber
                0x20000f64        0x4 ./Middlewares/Third_Party/FreeRTOS/Source/tasks.o
 .bss.xNextTaskUnblockTime
                0x20000f68        0x4 ./Middlewares/Third_Party/FreeRTOS/Source/tasks.o
 .bss.xIdleTaskHandle
                0x20000f6c        0x4 ./Middlewares/Third_Party/FreeRTOS/Source/tasks.o
 .bss.uxSchedulerSuspended
                0x20000f70        0x4 ./Middlewares/Third_Party/FreeRTOS/Source/tasks.o
 .bss.ulTaskSwitchedInTime
                0x20000f74        0x4 ./Middlewares/Third_Party/FreeRTOS/Source/tasks.o
 .bss.ulTotalRunTime
                0x20000f78        0x4 ./Middlewares/Third_Party/FreeRTOS/Source/tasks.o
 .bss.xActiveTimerList1
                0x20000f7c       0x14 ./Middlewares/Third_Party/FreeRTOS/Source/timers.o
 .bss.xActiveTimerList2
                0x20000f90       0x14 ./Middlewares/Third_Party/FreeRTOS/Source/timers.o
 .bss.pxCurrentTimerList
                0x20000fa4        0x4 ./Middlewares/Third_Party/FreeRTOS/Source/timers.o
 .bss.pxOverflowTimerList
                0x20000fa8        0x4 ./Middlewares/Third_Party/FreeRTOS/Source/timers.o
 .bss.xTimerQueue
                0x20000fac        0x4 ./Middlewares/Third_Party/FreeRTOS/Source/timers.o
 .bss.xTimerTaskHandle
                0x20000fb0        0x4 ./Middlewares/Third_Party/FreeRTOS/Source/timers.o
 .bss.xLastTime.2
                0x20000fb4        0x4 ./Middlewares/Third_Party/FreeRTOS/Source/timers.o
 .bss.ucStaticTimerQueueStorage.1
                0x20000fb8       0xa0 ./Middlewares/Third_Party/FreeRTOS/Source/timers.o
 .bss.xStaticTimerQueue.0
                0x20001058       0x50 ./Middlewares/Third_Party/FreeRTOS/Source/timers.o
 .bss.ucMaxSysCallPriority
                0x200010a8        0x1 ./Middlewares/Third_Party/FreeRTOS/Source/portable/GCC/ARM_CM4F/port.o
 *fill*         0x200010a9        0x3 
 .bss.ulMaxPRIGROUPValue
                0x200010ac        0x4 ./Middlewares/Third_Party/FreeRTOS/Source/portable/GCC/ARM_CM4F/port.o
 .bss.ucHeap    0x200010b0     0x3c00 ./Middlewares/Third_Party/FreeRTOS/Source/portable/MemMang/heap_1.o
 .bss.xNextFreeByte
                0x20004cb0        0x4 ./Middlewares/Third_Party/FreeRTOS/Source/portable/MemMang/heap_1.o
 .bss.pucAlignedHeap.0
                0x20004cb4        0x4 ./Middlewares/Third_Party/FreeRTOS/Source/portable/MemMang/heap_1.o
 .bss.I2cHandle
                0x20004cb8       0x54 ./STM32F411E-Discovery/stm32f411e_discovery.o
 .bss.AccelerometerDrv
                0x20004d0c        0x4 ./STM32F411E-Discovery/stm32f411e_discovery_accelerometer.o
 .bss.__malloc_sbrk_start
                0x20004d10        0x4 C:/ST/STM32CubeIDE_1.16.1/STM32CubeIDE/plugins/com.st.stm32cube.ide.mcu.externaltools.gnu-tools-for-stm32.12.3.rel1.win32_1.0.200.202406191623/tools/bin/../lib/gcc/arm-none-eabi/12.3.1/../../../../arm-none-eabi/lib/thumb/v7e-m+fp/hard\libc_nano.a(libc_a-mallocr.o)
                0x20004d10                __malloc_sbrk_start
 .bss.__malloc_free_list
                0x20004d14        0x4 C:/ST/STM32CubeIDE_1.16.1/STM32CubeIDE/plugins/com.st.stm32cube.ide.mcu.externaltools.gnu-tools-for-stm32.12.3.rel1.win32_1.0.200.202406191623/tools/bin/../lib/gcc/arm-none-eabi/12.3.1/../../../../arm-none-eabi/lib/thumb/v7e-m+fp/hard\libc_nano.a(libc_a-mallocr.o)
                0x20004d14                __malloc_free_list
 .bss.__sf      0x20004d18      0x138 C:/ST/STM32CubeIDE_1.16.1/STM32CubeIDE/plugins/com.st.stm32cube.ide.mcu.externaltools.gnu-tools-for-stm32.12.3.rel1.win32_1.0.200.202406191623/tools/bin/../lib/gcc/arm-none-eabi/12.3.1/../../../../arm-none-eabi/lib/thumb/v7e-m+fp/hard\libc_nano.a(libc_a-findfp.o)
                0x20004d18                __sf
 .bss.__stdio_exit_handler
                0x20004e50        0x4 C:/ST/STM32CubeIDE_1.16.1/STM32CubeIDE/plugins/com.st.stm32cube.ide.mcu.externaltools.gnu-tools-for-stm32.12.3.rel1.win32_1.0.200.202406191623/tools/bin/../lib/gcc/arm-none-eabi/12.3.1/../../../../arm-none-eabi/lib/thumb/v7e-m+fp/hard\libc_nano.a(libc_a-findfp.o)
                0x20004e50                __stdio_exit_handler
 .bss.errno     0x20004e54        0x4 C:/ST/STM32CubeIDE_1.16.1/STM32CubeIDE/plugins/com.st.stm32cube.ide.mcu.externaltools.gnu-tools-for-stm32.12.3.rel1.win32_1.0.200.202406191623/tools/bin/../lib/gcc/arm-none-eabi/12.3.1/../../../../arm-none-eabi/lib/thumb/v7e-m+fp/hard\libc_nano.a(libc_a-reent.o)
                0x20004e54                errno
 .bss.__lock___malloc_recursive_mutex
                0x20004e58        0x1 C:/ST/STM32CubeIDE_1.16.1/STM32CubeIDE/plugins/com.st.stm32cube.ide.mcu.externaltools.gnu-tools-for-stm32.12.3.rel1.win32_1.0.200.202406191623/tools/bin/../lib/gcc/arm-none-eabi/12.3.1/../../../../arm-none-eabi/lib/thumb/v7e-m+fp/hard\libc_nano.a(libc_a-lock.o)
                0x20004e58                __lock___malloc_recursive_mutex
 .bss.__lock___sfp_recursive_mutex
                0x20004e59        0x1 C:/ST/STM32CubeIDE_1.16.1/STM32CubeIDE/plugins/com.st.stm32cube.ide.mcu.externaltools.gnu-tools-for-stm32.12.3.rel1.win32_1.0.200.202406191623/tools/bin/../lib/gcc/arm-none-eabi/12.3.1/../../../../arm-none-eabi/lib/thumb/v7e-m+fp/hard\libc_nano.a(libc_a-lock.o)
                0x20004e59                __lock___sfp_recursive_mutex
 *(COMMON)
                0x20004e5c                        . = ALIGN (0x4)
 *fill*         0x20004e5a        0x2 
                0x20004e5c                        _ebss = .
                0x20004e5c                        __bss_end__ = _ebss

._user_heap_stack
                0x20004e5c      0x604 load address 0x08009fac
                0x20004e60                        . = ALIGN (0x8)
 *fill*         0x20004e5c        0x4 
                [!provide]                        PROVIDE (end = .)
                0x20004e60                        PROVIDE (_end = .)
                0x20005060                        . = (. + _Min_Heap_Size)
 *fill*         0x20004e60      0x200 
                0x20005460                        . = (. + _Min_Stack_Size)
 *fill*         0x20005060      0x400 
                0x20005460                        . = ALIGN (0x8)

/DISCARD/
 libc.a(*)
 libm.a(*)
 libgcc.a(*)

.ARM.attributes
                0x00000000       0x30
 *(.ARM.attributes)
 .ARM.attributes
                0x00000000       0x22 C:/ST/STM32CubeIDE_1.16.1/STM32CubeIDE/plugins/com.st.stm32cube.ide.mcu.externaltools.gnu-tools-for-stm32.12.3.rel1.win32_1.0.200.202406191623/tools/bin/../lib/gcc/arm-none-eabi/12.3.1/thumb/v7e-m+fp/hard/crti.o
 .ARM.attributes
                0x00000022       0x34 C:/ST/STM32CubeIDE_1.16.1/STM32CubeIDE/plugins/com.st.stm32cube.ide.mcu.externaltools.gnu-tools-for-stm32.12.3.rel1.win32_1.0.200.202406191623/tools/bin/../lib/gcc/arm-none-eabi/12.3.1/thumb/v7e-m+fp/hard/crtbegin.o
 .ARM.attributes
                0x00000056       0x30 ./Components/lsm303agr/lsm303agr.o
 .ARM.attributes
                0x00000086       0x30 ./Components/lsm303dlhc/lsm303dlhc.o
 .ARM.attributes
                0x000000b6       0x30 ./Core/Src/freertos.o
 .ARM.attributes
                0x000000e6       0x30 ./Core/Src/fsm.o
 .ARM.attributes
                0x00000116       0x30 ./Core/Src/main.o
 .ARM.attributes
                0x00000146       0x30 ./Core/Src/stm32f4xx_hal_msp.o
 .ARM.attributes
                0x00000176       0x30 ./Core/Src/stm32f4xx_hal_timebase_tim.o
 .ARM.attributes
                0x000001a6       0x30 ./Core/Src/stm32f4xx_it.o
 .ARM.attributes
                0x000001d6       0x30 ./Core/Src/syscalls.o
 .ARM.attributes
                0x00000206       0x30 ./Core/Src/sysmem.o
 .ARM.attributes