Archive member included to satisfy reference by file (symbol)

C:/ST/STM32CubeIDE_1.16.1/STM32CubeIDE/plugins/com.st.stm32cube.ide.mcu.externaltools.gnu-tools-for-stm32.12.3.rel1.win32_1.0.200.202406191623/tools/bin/../lib/gcc/arm-none-eabi/12.3.1/../../../../arm-none-eabi/lib/thumb/v7e-m+fp/hard\libc_nano.a(libc_a-exit.o)
                              C:/ST/STM32CubeIDE_1.16.1/STM32CubeIDE/plugins/com.st.stm32cube.ide.mcu.externaltools.gnu-tools-for-stm32.12.3.rel1.win32_1.0.200.202406191623/tools/bin/../lib/gcc/arm-none-eabi/12.3.1/../../../../arm-none-eabi/lib/thumb/v7e-m+fp/hard/crt0.o (exit)
C:/ST/STM32CubeIDE_1.16.1/STM32CubeIDE/plugins/com.st.stm32cube.ide.mcu.externaltools.gnu-tools-for-stm32.12.3.rel1.win32_1.0.200.202406191623/tools/bin/../lib/gcc/arm-none-eabi/12.3.1/../../../../arm-none-eabi/lib/thumb/v7e-m+fp/hard\libc_nano.a(libc_a-malloc.o)
                              ./Core/Src/fsm.o (malloc)
C:/ST/STM32CubeIDE_1.16.1/STM32CubeIDE/plugins/com.st.stm32cube.ide.mcu.externaltools.gnu-tools-for-stm32.12.3.rel1.win32_1.0.200.202406191623/tools/bin/../lib/gcc/arm-none-eabi/12.3.1/../../../../arm-none-eabi/lib/thumb/v7e-m+fp/hard\libc_nano.a(libc_a-mallocr.o)
                              C:/ST/STM32CubeIDE_1.16.1/STM32CubeIDE/plugins/com.st.stm32cube.ide.mcu.externaltools.gnu-tools-for-stm32.12.3.rel1.win32_1.0.200.202406191623/tools/bin/../lib/gcc/arm-none-eabi/12.3.1/../../../../arm-none-eabi/lib/thumb/v7e-m+fp/hard\libc_nano.a(libc_a-malloc.o) (_malloc_r)
C:/ST/STM32CubeIDE_1.16.1/STM32CubeIDE/plugins/com.st.stm32cube.ide.mcu.externaltools.gnu-tools-for-stm32.12.3.rel1.win32_1.0.200.202406191623/tools/bin/../lib/gcc/arm-none-eabi/12.3.1/../../../../arm-none-eabi/lib/thumb/v7e-m+fp/hard\libc_nano.a(libc_a-mlock.o)
                              C:/ST/STM32CubeIDE_1.16.1/STM32CubeIDE/plugins/com.st.stm32cube.ide.mcu.externaltools.gnu-tools-for-stm32.12.3.rel1.win32_1.0.200.202406191623/tools/bin/../lib/gcc/arm-none-eabi/12.3.1/../../../../arm-none-eabi/lib/thumb/v7e-m+fp/hard\libc_nano.a(libc_a-mallocr.o) (__malloc_lock)
C:/ST/STM32CubeIDE_1.16.1/STM32CubeIDE/plugins/com.st.stm32cube.ide.mcu.externaltools.gnu-tools-for-stm32.12.3.rel1.win32_1.0.200.202406191623/tools/bin/../lib/gcc/arm-none-eabi/12.3.1/../../../../arm-none-eabi/lib/thumb/v7e-m+fp/hard\libc_nano.a(libc_a-findfp.o)
                              ./Middlewares/Third_Party/FreeRTOS/Source/tasks.o (__sf)
C:/ST/STM32CubeIDE_1.16.1/STM32CubeIDE/plugins/com.st.stm32cube.ide.mcu.externaltools.gnu-tools-for-stm32.12.3.rel1.win32_1.0.200.202406191623/tools/bin/../lib/gcc/arm-none-eabi/12.3.1/../../../../arm-none-eabi/lib/thumb/v7e-m+fp/hard\libc_nano.a(libc_a-fwalk.o)
                              C:/ST/STM32CubeIDE_1.16.1/STM32CubeIDE/plugins/com.st.stm32cube.ide.mcu.externaltools.gnu-tools-for-stm32.12.3.rel1.win32_1.0.200.202406191623/tools/bin/../lib/gcc/arm-none-eabi/12.3.1/../../../../arm-none-eabi/lib/thumb/v7e-m+fp/hard\libc_nano.a(libc_a-findfp.o) (_fwalk_sglue)
C:/ST/STM32CubeIDE_1.16.1/STM32CubeIDE/plugins/com.st.stm32cube.ide.mcu.externaltools.gnu-tools-for-stm32.12.3.rel1.win32_1.0.200.202406191623/tools/bin/../lib/gcc/arm-none-eabi/12.3.1/../../../../arm-none-eabi/lib/thumb/v7e-m+fp/hard\libc_nano.a(libc_a-printf.o)
                              ./Core/Src/tasks.o (printf)
C:/ST/STM32CubeIDE_1.16.1/STM32CubeIDE/plugins/com.st.stm32cube.ide.mcu.externaltools.gnu-tools-for-stm32.12.3.rel1.win32_1.0.200.202406191623/tools/bin/../lib/gcc/arm-none-eabi/12.3.1/../../../../arm-none-eabi/lib/thumb/v7e-m+fp/hard\libc_nano.a(libc_a-sprintf.o)
                              ./Middlewares/Third_Party/FreeRTOS/Source/tasks.o (sprintf)
C:/ST/STM32CubeIDE_1.16.1/STM32CubeIDE/plugins/com.st.stm32cube.ide.mcu.externaltools.gnu-tools-for-stm32.12.3.rel1.win32_1.0.200.202406191623/tools/bin/../lib/gcc/arm-none-eabi/12.3.1/../../../../arm-none-eabi/lib/thumb/v7e-m+fp/hard\libc_nano.a(libc_a-stdio.o)
                              C:/ST/STM32CubeIDE_1.16.1/STM32CubeIDE/plugins/com.st.stm32cube.ide.mcu.externaltools.gnu-tools-for-stm32.12.3.rel1.win32_1.0.200.202406191623/tools/bin/../lib/gcc/arm-none-eabi/12.3.1/../../../../arm-none-eabi/lib/thumb/v7e-m+fp/hard\libc_nano.a(libc_a-findfp.o) (__sread)
C:/ST/STM32CubeIDE_1.16.1/STM32CubeIDE/plugins/com.st.stm32cube.ide.mcu.externaltools.gnu-tools-for-stm32.12.3.rel1.win32_1.0.200.202406191623/tools/bin/../lib/gcc/arm-none-eabi/12.3.1/../../../../arm-none-eabi/lib/thumb/v7e-m+fp/hard\libc_nano.a(libc_a-memset.o)
                              C:/ST/STM32CubeIDE_1.16.1/STM32CubeIDE/plugins/com.st.stm32cube.ide.mcu.externaltools.gnu-tools-for-stm32.12.3.rel1.win32_1.0.200.202406191623/tools/bin/../lib/gcc/arm-none-eabi/12.3.1/../../../../arm-none-eabi/lib/thumb/v7e-m+fp/hard/crt0.o (memset)
[...]
Memory Configuration

Name             Origin             Length             Attributes
RAM              0x20000000         0x00020000         xrw
FLASH            0x08000000         0x00080000         xr
*default*        0x00000000         0xffffffff

Linker script and memory map

LOAD C:/ST/STM32CubeIDE_1.16.1/STM32CubeIDE/plugins/com.st.stm32cube.ide.mcu.externaltools.gnu-tools-for-stm32.12.3.rel1.win32_1.0.200.202406191623/tools/bin/../lib/gcc/arm-none-eabi/12.3.1/thumb/v7e-m+fp/hard/crti.o
LOAD C:/ST/STM32CubeIDE_1.16.1/STM32CubeIDE/plugins/com.st.stm32cube.ide.mcu.externaltools.gnu-tools-for-stm32.12.3.rel1.win32_1.0.200.202406191623/tools/bin/../lib/gcc/arm-none-eabi/12.3.1/thumb/v7e-m+fp/hard/crtbegin.o
LOAD C:/ST/STM32CubeIDE_1.16.1/STM32CubeIDE/plugins/com.st.stm32cube.ide.mcu.externaltools.gnu-tools-for-stm32.12.3.rel1.win32_1.0.200.202406191623/tools/bin/../lib/gcc/arm-none-eabi/12.3.1/../../../../arm-none-eabi/lib/thumb/v7e-m+fp/hard/crt0.o
LOAD ./Components/cs43l22/cs43l22.o
LOAD ./Components/dp83848/dp83848.o
LOAD ./Components/exc7200/exc7200.o
LOAD ./Components/ft3x67/ft3x67.o
LOAD ./Components/ft6x06/ft6x06.o
LOAD ./Components/i3g4250d/i3g4250d.o
LOAD ./Components/ili9325/ili9325.o
LOAD ./Components/ili9341/ili9341.o
LOAD ./Components/l3gd20/l3gd20.o
LOAD ./Components/lan8742/lan8742.o
LOAD ./Components/lis302dl/lis302dl.o
LOAD ./Components/lis3dsh/lis3dsh.o
LOAD ./Components/ls016b8uy/ls016b8uy.o
LOAD ./Components/lsm303agr/lsm303agr.o
LOAD ./Components/lsm303dlhc/lsm303dlhc.o
LOAD ./Components/mfxstm32l152/mfxstm32l152.o
LOAD ./Components/nt35510/nt35510.o
LOAD ./Components/otm8009a/otm8009a.o
LOAD ./Components/ov2640/ov2640.o
LOAD ./Components/ov5640/ov5640.o
LOAD ./Components/s5k5cag/s5k5cag.o
LOAD ./Components/st7735/st7735.o
LOAD ./Components/st7789h2/st7789h2.o
LOAD ./Components/stmpe1600/stmpe1600.o
LOAD ./Components/stmpe811/stmpe811.o
LOAD ./Components/ts3510/ts3510.o
LOAD ./Components/wm8994/wm8994.o
LOAD ./Core/Src/freertos.o
LOAD ./Core/Src/fsm.o
LOAD ./Core/Src/main.o
LOAD ./Core/Src/stm32f4xx_hal_msp.o
LOAD ./Core/Src/stm32f4xx_hal_timebase_tim.o
LOAD ./Core/Src/stm32f4xx_it.o
LOAD ./Core/Src/syscalls.o
LOAD ./Core/Src/sysmem.o
LOAD ./Core/Src/system_stm32f4xx.o
LOAD ./Core/Src/tasks.o
LOAD ./Core/Startup/startup_stm32f411vetx.o
LOAD ./Drivers/STM32F4xx_HAL_Driver/Src/stm32f4xx_hal.o
LOAD ./Drivers/STM32F4xx_HAL_Driver/Src/stm32f4xx_hal_cortex.o
LOAD ./Drivers/STM32F4xx_HAL_Driver/Src/stm32f4xx_hal_dma.o
LOAD ./Drivers/STM32F4xx_HAL_Driver/Src/stm32f4xx_hal_dma_ex.o
LOAD ./Drivers/STM32F4xx_HAL_Driver/Src/stm32f4xx_hal_exti.o
LOAD ./Drivers/STM32F4xx_HAL_Driver/Src/stm32f4xx_hal_flash.o
LOAD ./Drivers/STM32F4xx_HAL_Driver/Src/stm32f4xx_hal_flash_ex.o
LOAD ./Drivers/STM32F4xx_HAL_Driver/Src/stm32f4xx_hal_flash_ramfunc.o
LOAD ./Drivers/STM32F4xx_HAL_Driver/Src/stm32f4xx_hal_gpio.o
LOAD ./Drivers/STM32F4xx_HAL_Driver/Src/stm32f4xx_hal_i2c.o
LOAD ./Drivers/STM32F4xx_HAL_Driver/Src/stm32f4xx_hal_i2c_ex.o
LOAD ./Drivers/STM32F4xx_HAL_Driver/Src/stm32f4xx_hal_pwr.o
LOAD ./Drivers/STM32F4xx_HAL_Driver/Src/stm32f4xx_hal_pwr_ex.o
LOAD ./Drivers/STM32F4xx_HAL_Driver/Src/stm32f4xx_hal_rcc.o
LOAD ./Drivers/STM32F4xx_HAL_Driver/Src/stm32f4xx_hal_rcc_ex.o
LOAD ./Drivers/STM32F4xx_HAL_Driver/Src/stm32f4xx_hal_spi.o
LOAD ./Drivers/STM32F4xx_HAL_Driver/Src/stm32f4xx_hal_tim.o
LOAD ./Drivers/STM32F4xx_HAL_Driver/Src/stm32f4xx_hal_tim_ex.o
LOAD ./Middlewares/Third_Party/FreeRTOS/Source/CMSIS_RTOS_V2/cmsis_os2.o
LOAD ./Middlewares/Third_Party/FreeRTOS/Source/croutine.o
LOAD ./Middlewares/Third_Party/FreeRTOS/Source/event_groups.o
LOAD ./Middlewares/Third_Party/FreeRTOS/Source/list.o
LOAD ./Middlewares/Third_Party/FreeRTOS/Source/queue.o
LOAD ./Middlewares/Third_Party/FreeRTOS/Source/stream_buffer.o
LOAD ./Middlewares/Third_Party/FreeRTOS/Source/tasks.o
LOAD ./Middlewares/Third_Party/FreeRTOS/Source/timers.o
LOAD ./Middlewares/Third_Party/FreeRTOS/Source/portable/GCC/ARM_CM4F/port.o
LOAD ./Middlewares/Third_Party/FreeRTOS/Source/portable/MemMang/heap_1.o
LOAD ./STM32F411E-Discovery/stm32f411e_discovery.o
LOAD ./STM32F411E-Discovery/stm32f411e_discovery_accelerometer.o
LOAD ./STM32F411E-Discovery/stm32f411e_discovery_gyroscope.o
LOAD ./STM32F411E-Discovery/stm32f411e_discovery_magnetometer.o
LOAD ../Middlewares/ST/ARM/DSP/Lib\libarm_cortexM4lf_math.a
START GROUP
LOAD C:/ST/STM32CubeIDE_1.16.1/STM32CubeIDE/plugins/com.st.stm32cube.ide.mcu.externaltools.gnu-tools-for-stm32.12.3.rel1.win32_1.0.200.202406191623/tools/bin/../lib/gcc/arm-none-eabi/12.3.1/../../../../arm-none-eabi/lib/thumb/v7e-m+fp/hard\libc_nano.a
LOAD C:/ST/STM32CubeIDE_1.16.1/STM32CubeIDE/plugins/com.st.stm32cube.ide.mcu.externaltools.gnu-tools-for-stm32.12.3.rel1.win32_1.0.200.202406191623/tools/bin/../lib/gcc/arm-none-eabi/12.3.1/../../../../arm-none-eabi/lib/thumb/v7e-m+fp/hard\libm.a
END GROUP
START GROUP
LOAD C:/ST/STM32CubeIDE_1.16.1/STM32CubeIDE/plugins/com.st.stm32cube.ide.mcu.externaltools.gnu-tools-for-stm32.12.3.rel1.win32_1.0.200.202406191623/tools/bin/../lib/gcc/arm-none-eabi/12.3.1/thumb/v7e-m+fp/hard\libgcc.a
LOAD C:/ST/STM32CubeIDE_1.16.1/STM32CubeIDE/plugins/com.st.stm32cube.ide.mcu.externaltools.gnu-tools-for-stm32.12.3.rel1.win32_1.0.200.202406191623/tools/bin/../lib/gcc/arm-none-eabi/12.3.1/../../../../arm-none-eabi/lib/thumb/v7e-m+fp/hard\libc_nano.a
END GROUP
START GROUP
LOAD C:/ST/STM32CubeIDE_1.16.1/STM32CubeIDE/plugins/com.st.stm32cube.ide.mcu.externaltools.gnu-tools-for-stm32.12.3.rel1.win32_1.0.200.202406191623/tools/bin/../lib/gcc/arm-none-eabi/12.3.1/thumb/v7e-m+fp/hard\libgcc.a
LOAD C:/ST/STM32CubeIDE_1.16.1/STM32CubeIDE/plugins/com.st.stm32cube.ide.mcu.externaltools.gnu-tools-for-stm32.12.3.rel1.win32_1.0.200.202406191623/tools/bin/../lib/gcc/arm-none-eabi/12.3.1/../../../../arm-none-eabi/lib/thumb/v7e-m+fp/hard\libc_nano.a
LOAD C:/ST/STM32CubeIDE_1.16.1/STM32CubeIDE/plugins/com.st.stm32cube.ide.mcu.externaltools.gnu-tools-for-stm32.12.3.rel1.win32_1.0.200.202406191623/tools/bin/../lib/gcc/arm-none-eabi/12.3.1/../../../../arm-none-eabi/lib/thumb/v7e-m+fp/hard\libnosys.a
END GROUP
START GROUP
LOAD C:/ST/STM32CubeIDE_1.16.1/STM32CubeIDE/plugins/com.st.stm32cube.ide.mcu.externaltools.gnu-tools-for-stm32.12.3.rel1.win32_1.0.200.202406191623/tools/bin/../lib/gcc/arm-none-eabi/12.3.1/thumb/v7e-m+fp/hard\libgcc.a
LOAD C:/ST/STM32CubeIDE_1.16.1/STM32CubeIDE/plugins/com.st.stm32cube.ide.mcu.externaltools.gnu-tools-for-stm32.12.3.rel1.win32_1.0.200.202406191623/tools/bin/../lib/gcc/arm-none-eabi/12.3.1/../../../../arm-none-eabi/lib/thumb/v7e-m+fp/hard\libc_nano.a
LOAD C:/ST/STM32CubeIDE_1.16.1/STM32CubeIDE/plugins/com.st.stm32cube.ide.mcu.externaltools.gnu-tools-for-stm32.12.3.rel1.win32_1.0.200.202406191623/tools/bin/../lib/gcc/arm-none-eabi/12.3.1/../../../../arm-none-eabi/lib/thumb/v7e-m+fp/hard\libnosys.a
END GROUP
LOAD C:/ST/STM32CubeIDE_1.16.1/STM32CubeIDE/plugins/com.st.stm32cube.ide.mcu.externaltools.gnu-tools-for-stm32.12.3.rel1.win32_1.0.200.202406191623/tools/bin/../lib/gcc/arm-none-eabi/12.3.1/thumb/v7e-m+fp/hard/crtend.o
LOAD C:/ST/STM32CubeIDE_1.16.1/STM32CubeIDE/plugins/com.st.stm32cube.ide.mcu.externaltools.gnu-tools-for-stm32.12.3.rel1.win32_1.0.200.202406191623/tools/bin/../lib/gcc/arm-none-eabi/12.3.1/thumb/v7e-m+fp/hard/crtn.o
                0x20020000                        _estack = (ORIGIN (RAM) + LENGTH (RAM))
                0x00000200                        _Min_Heap_Size = 0x200
                0x00000400                        _Min_Stack_Size = 0x400

.isr_vector     0x08000000      0x198
                0x08000000                        . = ALIGN (0x4)
 *(.isr_vector)
 .isr_vector    0x08000000      0x198 ./Core/Startup/startup_stm32f411vetx.o
                0x08000000                g_pfnVectors
                0x08000198                        . = ALIGN (0x4)

.text           0x080001a0     0x9ec0
                0x080001a0                        . = ALIGN (0x4)
 *(.text)
 .text          0x080001a0       0x40 C:/ST/STM32CubeIDE_1.16.1/STM32CubeIDE/plugins/com.st.stm32cube.ide.mcu.externaltools.gnu-tools-for-stm32.12.3.rel1.win32_1.0.200.202406191623/tools/bin/../lib/gcc/arm-none-eabi/12.3.1/thumb/v7e-m+fp/hard/crtbegin.o
 .text          0x080001e0       0xa0 C:/ST/STM32CubeIDE_1.16.1/STM32CubeIDE/plugins/com.st.stm32cube.ide.mcu.externaltools.gnu-tools-for-stm32.12.3.rel1.win32_1.0.200.202406191623/tools/bin/../lib/gcc/arm-none-eabi/12.3.1/../../../../arm-none-eabi/lib/thumb/v7e-m+fp/hard\libc_nano.a(libc_a-memchr.o)
                0x080001e0                memchr
 .text          0x08000280       0x30 C:/ST/STM32CubeIDE_1.16.1/STM32CubeIDE/plugins/com.st.stm32cube.ide.mcu.externaltools.gnu-tools-for-stm32.12.3.rel1.win32_1.0.200.202406191623/tools/bin/../lib/gcc/arm-none-eabi/12.3.1/thumb/v7e-m+fp/hard\libgcc.a(_aeabi_uldivmod.o)
                0x08000280                __aeabi_uldivmod
 .text          0x080002b0      0x2bc C:/ST/STM32CubeIDE_1.16.1/STM32CubeIDE/plugins/com.st.stm32cube.ide.mcu.externaltools.gnu-tools-for-stm32.12.3.rel1.win32_1.0.200.202406191623/tools/bin/../lib/gcc/arm-none-eabi/12.3.1/thumb/v7e-m+fp/hard\libgcc.a(_udivmoddi4.o)
                0x080002b0                __udivmoddi4
 .text          0x0800056c        0x4 C:/ST/STM32CubeIDE_1.16.1/STM32CubeIDE/plugins/com.st.stm32cube.ide.mcu.externaltools.gnu-tools-for-stm32.12.3.rel1.win32_1.0.200.202406191623/tools/bin/../lib/gcc/arm-none-eabi/12.3.1/thumb/v7e-m+fp/hard\libgcc.a(_dvmd_tls.o)
                0x0800056c                __aeabi_idiv0
                0x0800056c                __aeabi_ldiv0
 *(.text*)
 .text.LSM303AGR_AccInit
                0x08000570       0x3a ./Components/lsm303agr/lsm303agr.o
                0x08000570                LSM303AGR_AccInit
 .text.LSM303AGR_AccDeInit
                0x080005aa        0xe ./Components/lsm303agr/lsm303agr.o
                0x080005aa                LSM303AGR_AccDeInit
 .text.LSM303AGR_AccReadID
                0x080005b8       0x24 ./Components/lsm303agr/lsm303agr.o
                0x080005b8                LSM303AGR_AccReadID
 .text.LSM303AGR_AccRebootCmd
                0x080005dc       0x2e ./Components/lsm303agr/lsm303agr.o
                0x080005dc                LSM303AGR_AccRebootCmd
 .text.LSM303AGR_AccFilterConfig
                0x0800060a       0x3a ./Components/lsm303agr/lsm303agr.o
                0x0800060a                LSM303AGR_AccFilterConfig
 .text.LSM303AGR_AccFilterCmd
                0x08000644       0x3a ./Components/lsm303agr/lsm303agr.o
                0x08000644                LSM303AGR_AccFilterCmd
 .text.LSM303AGR_AccReadXYZ
                0x0800067e      0x190 ./Components/lsm303agr/lsm303agr.o
                0x0800067e                LSM303AGR_AccReadXYZ
 .text.LSM303AGR_AccFilterClickCmd
                0x0800080e       0x3e ./Components/lsm303agr/lsm303agr.o
                0x0800080e                LSM303AGR_AccFilterClickCmd
 .text.LSM303AGR_AccIT1Enable
                0x0800084c       0x36 ./Components/lsm303agr/lsm303agr.o
                0x0800084c                LSM303AGR_AccIT1Enable
 .text.LSM303AGR_AccClickITEnable
                0x08000882       0x72 ./Components/lsm303agr/lsm303agr.o
                0x08000882                LSM303AGR_AccClickITEnable
 .text.LSM303AGR_AccZClickITConfig
                0x080008f4       0x1e ./Components/lsm303agr/lsm303agr.o
                0x080008f4                LSM303AGR_AccZClickITConfig
 .text.LSM303DLHC_AccInit
                0x08000912       0x3e ./Components/lsm303dlhc/lsm303dlhc.o
                0x08000912                LSM303DLHC_AccInit
 .text.LSM303DLHC_AccDeInit
                0x08000950        0xe ./Components/lsm303dlhc/lsm303dlhc.o
                0x08000950                LSM303DLHC_AccDeInit
 .text.LSM303DLHC_AccReadID
                0x0800095e       0x24 ./Components/lsm303dlhc/lsm303dlhc.o
                0x0800095e                LSM303DLHC_AccReadID
 .text.LSM303DLHC_AccRebootCmd
                0x08000982       0x2e ./Components/lsm303dlhc/lsm303dlhc.o
                0x08000982                LSM303DLHC_AccRebootCmd
 .text.LSM303DLHC_AccFilterConfig
                0x080009b0       0x3a ./Components/lsm303dlhc/lsm303dlhc.o
                0x080009b0                LSM303DLHC_AccFilterConfig
 .text.LSM303DLHC_AccFilterCmd
                0x080009ea       0x3a ./Components/lsm303dlhc/lsm303dlhc.o
                0x080009ea                LSM303DLHC_AccFilterCmd
 .text.LSM303DLHC_AccReadXYZ
                0x08000a24      0x190 ./Components/lsm303dlhc/lsm303dlhc.o
                0x08000a24                LSM303DLHC_AccReadXYZ
 .text.LSM303DLHC_AccFilterClickCmd
                0x08000bb4       0x3e ./Components/lsm303dlhc/lsm303dlhc.o
                0x08000bb4                LSM303DLHC_AccFilterClickCmd
 .text.LSM303DLHC_AccIT1Enable
                0x08000bf2       0x36 ./Components/lsm303dlhc/lsm303dlhc.o
                0x08000bf2                LSM303DLHC_AccIT1Enable
 .text.LSM303DLHC_AccClickITEnable
                0x08000c28       0x72 ./Components/lsm303dlhc/lsm303dlhc.o
                0x08000c28                LSM303DLHC_AccClickITEnable
 .text.LSM303DLHC_AccZClickITConfig
                0x08000c9a       0x1e ./Components/lsm303dlhc/lsm303dlhc.o
                0x08000c9a                LSM303DLHC_AccZClickITConfig
 .text.configureTimerForRunTimeStats
                0x08000cb8       0x34 ./Core/Src/freertos.o
                0x08000cb8                configureTimerForRunTimeStats
 .text.getRunTimeCounterValue
                0x08000cec       0x18 ./Core/Src/freertos.o
                0x08000cec                getRunTimeCounterValue
 .text.SysTick_Handler
                0x08000d04       0x16 ./Core/Src/freertos.o
                0x08000d04                SysTick_Handler
 .text.PreSleepProcessing
                0x08000d1a       0x1c ./Core/Src/freertos.o
                0x08000d1a                PreSleepProcessing
 .text.PostSleepProcessing
                0x08000d36       0x14 ./Core/Src/freertos.o
                0x08000d36                PostSleepProcessing
 .text.fsm_new  0x08000d4a       0x24 ./Core/Src/fsm.o
                0x08000d4a                fsm_new
 .text.fsm_init
                0x08000d6e       0x24 ./Core/Src/fsm.o
                0x08000d6e                fsm_init
 .text.ITM_SendChar
                0x08000d92       0x4e ./Core/Src/main.o
 .text.encender
                0x08000de0       0x1c ./Core/Src/main.o
 .text.apagar   0x08000dfc       0x28 ./Core/Src/main.o
 .text.func_LED_Activo
                0x08000e24       0x20 ./Core/Src/main.o
                0x08000e24                func_LED_Activo
 .text.func_LED_Inactivo
                0x08000e44       0x20 ./Core/Src/main.o
                0x08000e44                func_LED_Inactivo
 .text.main     0x08000e64      0x140 ./Core/Src/main.o
                0x08000e64                main
 .text.SystemClock_Config
                0x08000fa4       0xd4 ./Core/Src/main.o
                0x08000fa4                SystemClock_Config
 .text.MX_I2C1_Init
                0x08001078       0x5c ./Core/Src/main.o
 .text.MX_SPI1_Init
                0x080010d4       0x6c ./Core/Src/main.o
 .text.MX_TIM4_Init
                0x08001140      0x100 ./Core/Src/main.o
 .text.MX_GPIO_Init
                0x08001240       0xf0 ./Core/Src/main.o
 .text.__io_putchar
                0x08001330       0x1a ./Core/Src/main.o
                0x08001330                __io_putchar
 *fill*         0x0800134a        0x2 
 .text.HAL_GPIO_EXTI_Callback
                0x0800134c       0x20 ./Core/Src/main.o
                0x0800134c                HAL_GPIO_EXTI_Callback
 .text.StartDefaultTask
                0x0800136c       0x50 ./Core/Src/main.o
                0x0800136c                StartDefaultTask
 .text.HAL_TIM_PeriodElapsedCallback
                0x080013bc       0x24 ./Core/Src/main.o
                0x080013bc                HAL_TIM_PeriodElapsedCallback
 .text.Error_Handler
                0x080013e0        0xc ./Core/Src/main.o
                0x080013e0                Error_Handler
 .text.HAL_MspInit
                0x080013ec       0x58 ./Core/Src/stm32f4xx_hal_msp.o
                0x080013ec                HAL_MspInit
 .text.HAL_I2C_MspInit
                0x08001444       0x90 ./Core/Src/stm32f4xx_hal_msp.o
                0x08001444                HAL_I2C_MspInit
 .text.HAL_I2C_MspDeInit
                0x080014d4       0x44 ./Core/Src/stm32f4xx_hal_msp.o
                0x080014d4                HAL_I2C_MspDeInit
 .text.HAL_SPI_MspInit
                0x08001518       0x90 ./Core/Src/stm32f4xx_hal_msp.o
                0x08001518                HAL_SPI_MspInit
 .text.HAL_TIM_Base_MspInit
                0x080015a8       0x44 ./Core/Src/stm32f4xx_hal_msp.o
                0x080015a8                HAL_TIM_Base_MspInit
 .text.HAL_TIM_MspPostInit
                0x080015ec       0x74 ./Core/Src/stm32f4xx_hal_msp.o
                0x080015ec                HAL_TIM_MspPostInit
 .text.HAL_InitTick
                0x08001660       0xe8 ./Core/Src/stm32f4xx_hal_timebase_tim.o
                0x08001660                HAL_InitTick
 .text.HAL_SuspendTick
                0x08001748       0x24 ./Core/Src/stm32f4xx_hal_timebase_tim.o
                0x08001748                HAL_SuspendTick
 .text.HAL_ResumeTick
                0x0800176c       0x24 ./Core/Src/stm32f4xx_hal_timebase_tim.o
                0x0800176c                HAL_ResumeTick
 .text.NMI_Handler
                0x08001790        0x8 ./Core/Src/stm32f4xx_it.o
                0x08001790                NMI_Handler
 .text.HardFault_Handler
                0x08001798        0x8 ./Core/Src/stm32f4xx_it.o
                0x08001798                HardFault_Handler
 .text.MemManage_Handler
                0x080017a0        0x8 ./Core/Src/stm32f4xx_it.o
                0x080017a0                MemManage_Handler
 .text.BusFault_Handler
                0x080017a8        0x8 ./Core/Src/stm32f4xx_it.o
                0x080017a8                BusFault_Handler
 .text.UsageFault_Handler
                0x080017b0        0x8 ./Core/Src/stm32f4xx_it.o
                0x080017b0                UsageFault_Handler
 .text.DebugMon_Handler
                0x080017b8        0xe ./Core/Src/stm32f4xx_it.o
                0x080017b8                DebugMon_Handler
 .text.EXTI0_IRQHandler
                0x080017c6        0xe ./Core/Src/stm32f4xx_it.o
                0x080017c6                EXTI0_IRQHandler
 .text.TIM1_UP_TIM10_IRQHandler
                0x080017d4       0x14 ./Core/Src/stm32f4xx_it.o
                0x080017d4                TIM1_UP_TIM10_IRQHandler
 .text._read    0x080017e8       0x3a ./Core/Src/syscalls.o
                0x080017e8                _read
 .text._write   0x08001822       0x38 ./Core/Src/syscalls.o
                0x08001822                _write
 .text._close   0x0800185a       0x18 ./Core/Src/syscalls.o
                0x0800185a                _close
 .text._fstat   0x08001872       0x20 ./Core/Src/syscalls.o
                0x08001872                _fstat
 .text._isatty  0x08001892       0x16 ./Core/Src/syscalls.o
                0x08001892                _isatty
 .text._lseek   0x080018a8       0x1a ./Core/Src/syscalls.o
                0x080018a8                _lseek
 *fill*         0x080018c2        0x2 
 .text._sbrk    0x080018c4       0x6c ./Core/Src/sysmem.o
                0x080018c4                _sbrk
 .text.SystemInit
                0x08001930       0x24 ./Core/Src/system_stm32f4xx.o
                0x08001930                SystemInit
 .text.absolute
                0x08001954       0x2a ./Core/Src/tasks.o
                0x08001954                absolute
 *fill*         0x0800197e        0x2 
 .text.tk_BlinkBlue
                0x08001980       0x3c ./Core/Src/tasks.o
                0x08001980                tk_BlinkBlue
 .text.tk_ReadAccel
                0x080019bc       0xc0 ./Core/Src/tasks.o
                0x080019bc                tk_ReadAccel
 .text.tk_ReadMagnet
                0x08001a7c       0xc0 ./Core/Src/tasks.o
                0x08001a7c                tk_ReadMagnet
 .text.tk_WriteLED
                0x08001b3c      0x2a4 ./Core/Src/tasks.o
                0x08001b3c                tk_WriteLED
 .text.Reset_Handler
                0x08001de0       0x50 ./Core/Startup/startup_stm32f411vetx.o
                0x08001de0                Reset_Handler
 .text.Default_Handler
                0x08001e30        0x2 ./Core/Startup/startup_stm32f411vetx.o
                0x08001e30                RTC_Alarm_IRQHandler
                0x08001e30                EXTI2_IRQHandler
                0x08001e30                SPI4_IRQHandler
                0x08001e30                TIM1_CC_IRQHandler
                0x08001e30                DMA2_Stream5_IRQHandler
                0x08001e30                DMA1_Stream5_IRQHandler
                0x08001e30                PVD_IRQHandler
                0x08001e30                SDIO_IRQHandler
                0x08001e30                TAMP_STAMP_IRQHandler
                0x08001e30                EXTI3_IRQHandler
                0x08001e30                I2C3_ER_IRQHandler
                0x08001e30                I2C2_EV_IRQHandler
                0x08001e30                DMA1_Stream2_IRQHandler
                0x08001e30                FPU_IRQHandler
                0x08001e30                DMA2_Stream2_IRQHandler
                0x08001e30                SPI1_IRQHandler
                0x08001e30                TIM1_BRK_TIM9_IRQHandler
                0x08001e30                DMA2_Stream3_IRQHandler
                0x08001e30                USART6_IRQHandler
                0x08001e30                DMA2_Stream0_IRQHandler
                0x08001e30                TIM4_IRQHandler
                0x08001e30                I2C1_EV_IRQHandler
                0x08001e30                DMA1_Stream6_IRQHandler
                0x08001e30                DMA1_Stream1_IRQHandler
                0x08001e30                TIM3_IRQHandler
                0x08001e30                RCC_IRQHandler
                0x08001e30                Default_Handler
                0x08001e30                EXTI15_10_IRQHandler
                0x08001e30                ADC_IRQHandler
                0x08001e30                DMA1_Stream7_IRQHandler
                0x08001e30                SPI5_IRQHandler
                0x08001e30                TIM5_IRQHandler
                0x08001e30                DMA2_Stream7_IRQHandler
                0x08001e30                I2C3_EV_IRQHandler
                0x08001e30                EXTI9_5_IRQHandler
                0x08001e30                RTC_WKUP_IRQHandler
                0x08001e30                SPI2_IRQHandler
                0x08001e30                DMA1_Stream0_IRQHandler
                0x08001e30                EXTI4_IRQHandler
                0x08001e30                WWDG_IRQHandler
                0x08001e30                TIM2_IRQHandler
                0x08001e30                OTG_FS_WKUP_IRQHandler
                0x08001e30                TIM1_TRG_COM_TIM11_IRQHandler
                0x08001e30                EXTI1_IRQHandler
                0x08001e30                USART2_IRQHandler
                0x08001e30                I2C2_ER_IRQHandler
                0x08001e30                DMA2_Stream1_IRQHandler
                0x08001e30                FLASH_IRQHandler
                0x08001e30                DMA2_Stream4_IRQHandler
                0x08001e30                USART1_IRQHandler
                0x08001e30                OTG_FS_IRQHandler
                0x08001e30                SPI3_IRQHandler
                0x08001e30                DMA1_Stream4_IRQHandler
                0x08001e30                I2C1_ER_IRQHandler
                0x08001e30                DMA2_Stream6_IRQHandler
                0x08001e30                DMA1_Stream3_IRQHandler
 *fill*         0x08001e32        0x2 
 .text.HAL_Init
                0x08001e34       0x44 ./Drivers/STM32F4xx_HAL_Driver/Src/stm32f4xx_hal.o
                0x08001e34                HAL_Init
 .text.HAL_IncTick
                0x08001e78       0x28 ./Drivers/STM32F4xx_HAL_Driver/Src/stm32f4xx_hal.o
                0x08001e78                HAL_IncTick
 .text.HAL_GetTick
                0x08001ea0       0x18 ./Drivers/STM32F4xx_HAL_Driver/Src/stm32f4xx_hal.o
                0x08001ea0                HAL_GetTick
 .text.__NVIC_SetPriorityGrouping
                0x08001eb8       0x48 ./Drivers/STM32F4xx_HAL_Driver/Src/stm32f4xx_hal_cortex.o
 .text.__NVIC_GetPriorityGrouping
                0x08001f00       0x1c ./Drivers/STM32F4xx_HAL_Driver/Src/stm32f4xx_hal_cortex.o
 .text.__NVIC_EnableIRQ
                0x08001f1c       0x3c ./Drivers/STM32F4xx_HAL_Driver/Src/stm32f4xx_hal_cortex.o
 .text.__NVIC_SetPriority
                0x08001f58       0x54 ./Drivers/STM32F4xx_HAL_Driver/Src/stm32f4xx_hal_cortex.o
 .text.NVIC_EncodePriority
                0x08001fac       0x66 ./Drivers/STM32F4xx_HAL_Driver/Src/stm32f4xx_hal_cortex.o
 .text.HAL_NVIC_SetPriorityGrouping
                0x08002012       0x16 ./Drivers/STM32F4xx_HAL_Driver/Src/stm32f4xx_hal_cortex.o
                0x08002012                HAL_NVIC_SetPriorityGrouping
 .text.HAL_NVIC_SetPriority
                0x08002028       0x38 ./Drivers/STM32F4xx_HAL_Driver/Src/stm32f4xx_hal_cortex.o
                0x08002028                HAL_NVIC_SetPriority
 .text.HAL_NVIC_EnableIRQ
                0x08002060       0x1c ./Drivers/STM32F4xx_HAL_Driver/Src/stm32f4xx_hal_cortex.o
                0x08002060                HAL_NVIC_EnableIRQ
 .text.HAL_GPIO_Init
                0x0800207c      0x308 ./Drivers/STM32F4xx_HAL_Driver/Src/stm32f4xx_hal_gpio.o
                0x0800207c                HAL_GPIO_Init
 .text.HAL_GPIO_DeInit
                0x08002384      0x1c8 ./Drivers/STM32F4xx_HAL_Driver/Src/stm32f4xx_hal_gpio.o
                0x08002384                HAL_GPIO_DeInit
 .text.HAL_GPIO_WritePin
                0x0800254c       0x32 ./Drivers/STM32F4xx_HAL_Driver/Src/stm32f4xx_hal_gpio.o
                0x0800254c                HAL_GPIO_WritePin
 .text.HAL_GPIO_TogglePin
                0x0800257e       0x34 ./Drivers/STM32F4xx_HAL_Driver/Src/stm32f4xx_hal_gpio.o
                0x0800257e                HAL_GPIO_TogglePin
 *fill*         0x080025b2        0x2 
 .text.HAL_GPIO_EXTI_IRQHandler
                0x080025b4       0x30 ./Drivers/STM32F4xx_HAL_Driver/Src/stm32f4xx_hal_gpio.o
                0x080025b4                HAL_GPIO_EXTI_IRQHandler
 .text.HAL_I2C_Init
                0x080025e4      0x288 ./Drivers/STM32F4xx_HAL_Driver/Src/stm32f4xx_hal_i2c.o
                0x080025e4                HAL_I2C_Init
 .text.HAL_I2C_DeInit
                0x0800286c       0x5e ./Drivers/STM32F4xx_HAL_Driver/Src/stm32f4xx_hal_i2c.o
                0x0800286c                HAL_I2C_DeInit
 *fill*         0x080028ca        0x2 
 .text.HAL_I2C_Mem_Write
                0x080028cc      0x1f4 ./Drivers/STM32F4xx_HAL_Driver/Src/stm32f4xx_hal_i2c.o
                0x080028cc                HAL_I2C_Mem_Write
 .text.HAL_I2C_Mem_Read
                0x08002ac0      0x464 ./Drivers/STM32F4xx_HAL_Driver/Src/stm32f4xx_hal_i2c.o
                0x08002ac0                HAL_I2C_Mem_Read
 .text.HAL_I2C_GetState
                0x08002f24       0x1c ./Drivers/STM32F4xx_HAL_Driver/Src/stm32f4xx_hal_i2c.o
                0x08002f24                HAL_I2C_GetState
 .text.I2C_RequestMemoryWrite
                0x08002f40      0x12c ./Drivers/STM32F4xx_HAL_Driver/Src/stm32f4xx_hal_i2c.o
 .text.I2C_RequestMemoryRead
                0x0800306c      0x1d0 ./Drivers/STM32F4xx_HAL_Driver/Src/stm32f4xx_hal_i2c.o
 .text.I2C_WaitOnFlagUntilTimeout
                0x0800323c       0xf4 ./Drivers/STM32F4xx_HAL_Driver/Src/stm32f4xx_hal_i2c.o
 .text.I2C_WaitOnMasterAddressFlagUntilTimeout
                0x08003330      0x140 ./Drivers/STM32F4xx_HAL_Driver/Src/stm32f4xx_hal_i2c.o
 .text.I2C_WaitOnTXEFlagUntilTimeout
                0x08003470       0x90 ./Drivers/STM32F4xx_HAL_Driver/Src/stm32f4xx_hal_i2c.o
 .text.I2C_WaitOnBTFFlagUntilTimeout
                0x08003500       0x90 ./Drivers/STM32F4xx_HAL_Driver/Src/stm32f4xx_hal_i2c.o
 .text.I2C_WaitOnRXNEFlagUntilTimeout
                0x08003590       0xba ./Drivers/STM32F4xx_HAL_Driver/Src/stm32f4xx_hal_i2c.o
 .text.I2C_IsAcknowledgeFailed
                0x0800364a       0x5e ./Drivers/STM32F4xx_HAL_Driver/Src/stm32f4xx_hal_i2c.o
 .text.HAL_PWR_EnterSLEEPMode
                0x080036a8       0x40 ./Drivers/STM32F4xx_HAL_Driver/Src/stm32f4xx_hal_pwr.o
                0x080036a8                HAL_PWR_EnterSLEEPMode
 .text.HAL_RCC_OscConfig
                0x080036e8      0x4f0 ./Drivers/STM32F4xx_HAL_Driver/Src/stm32f4xx_hal_rcc.o
                0x080036e8                HAL_RCC_OscConfig
 .text.HAL_RCC_ClockConfig
                0x08003bd8      0x1cc ./Drivers/STM32F4xx_HAL_Driver/Src/stm32f4xx_hal_rcc.o
                0x08003bd8                HAL_RCC_ClockConfig
 .text.HAL_RCC_GetSysClockFreq
                0x08003da4      0x20c ./Drivers/STM32F4xx_HAL_Driver/Src/stm32f4xx_hal_rcc.o
                0x08003da4                HAL_RCC_GetSysClockFreq
 .text.HAL_RCC_GetHCLKFreq
                0x08003fb0       0x18 ./Drivers/STM32F4xx_HAL_Driver/Src/stm32f4xx_hal_rcc.o
                0x08003fb0                HAL_RCC_GetHCLKFreq
 .text.HAL_RCC_GetPCLK1Freq
                0x08003fc8       0x28 ./Drivers/STM32F4xx_HAL_Driver/Src/stm32f4xx_hal_rcc.o
                0x08003fc8                HAL_RCC_GetPCLK1Freq
 .text.HAL_RCC_GetPCLK2Freq
                0x08003ff0       0x28 ./Drivers/STM32F4xx_HAL_Driver/Src/stm32f4xx_hal_rcc.o
                0x08003ff0                HAL_RCC_GetPCLK2Freq
 .text.HAL_RCC_GetClockConfig
                0x08004018       0x64 ./Drivers/STM32F4xx_HAL_Driver/Src/stm32f4xx_hal_rcc.o
                0x08004018                HAL_RCC_GetClockConfig
 .text.HAL_SPI_Init
                0x0800407c      0x112 ./Drivers/STM32F4xx_HAL_Driver/Src/stm32f4xx_hal_spi.o
                0x0800407c                HAL_SPI_Init
 .text.HAL_TIM_Base_Init
                0x0800418e       0x9e ./Drivers/STM32F4xx_HAL_Driver/Src/stm32f4xx_hal_tim.o
                0x0800418e                HAL_TIM_Base_Init
 .text.HAL_TIM_Base_Start_IT
                0x0800422c       0xc4 ./Drivers/STM32F4xx_HAL_Driver/Src/stm32f4xx_hal_tim.o
                0x0800422c                HAL_TIM_Base_Start_IT
 .text.HAL_TIM_PWM_Init
                0x080042f0       0x9e ./Drivers/STM32F4xx_HAL_Driver/Src/stm32f4xx_hal_tim.o
                0x080042f0                HAL_TIM_PWM_Init
 .text.HAL_TIM_PWM_MspInit
                0x0800438e       0x14 ./Drivers/STM32F4xx_HAL_Driver/Src/stm32f4xx_hal_tim.o
                0x0800438e                HAL_TIM_PWM_MspInit
 *fill*         0x080043a2        0x2 
 .text.HAL_TIM_PWM_Start
                0x080043a4      0x160 ./Drivers/STM32F4xx_HAL_Driver/Src/stm32f4xx_hal_tim.o
                0x080043a4                HAL_TIM_PWM_Start
 .text.HAL_TIM_IRQHandler
                0x08004504      0x1e0 ./Drivers/STM32F4xx_HAL_Driver/Src/stm32f4xx_hal_tim.o
                0x08004504                HAL_TIM_IRQHandler
 .text.HAL_TIM_PWM_ConfigChannel
                0x080046e4      0x184 ./Drivers/STM32F4xx_HAL_Driver/Src/stm32f4xx_hal_tim.o
                0x080046e4                HAL_TIM_PWM_ConfigChannel
 .text.HAL_TIM_ConfigClockSource
                0x08004868      0x18e ./Drivers/STM32F4xx_HAL_Driver/Src/stm32f4xx_hal_tim.o
                0x08004868                HAL_TIM_ConfigClockSource
 .text.HAL_TIM_OC_DelayElapsedCallback
                0x080049f6       0x14 ./Drivers/STM32F4xx_HAL_Driver/Src/stm32f4xx_hal_tim.o
                0x080049f6                HAL_TIM_OC_DelayElapsedCallback
 .text.HAL_TIM_IC_CaptureCallback
                0x08004a0a       0x14 ./Drivers/STM32F4xx_HAL_Driver/Src/stm32f4xx_hal_tim.o
                0x08004a0a                HAL_TIM_IC_CaptureCallback
 .text.HAL_TIM_PWM_PulseFinishedCallback
                0x08004a1e       0x14 ./Drivers/STM32F4xx_HAL_Driver/Src/stm32f4xx_hal_tim.o
                0x08004a1e                HAL_TIM_PWM_PulseFinishedCallback
 .text.HAL_TIM_TriggerCallback
                0x08004a32       0x14 ./Drivers/STM32F4xx_HAL_Driver/Src/stm32f4xx_hal_tim.o
                0x08004a32                HAL_TIM_TriggerCallback
 *fill*         0x08004a46        0x2 
 .text.TIM_Base_SetConfig
                0x08004a48      0x118 ./Drivers/STM32F4xx_HAL_Driver/Src/stm32f4xx_hal_tim.o
                0x08004a48                TIM_Base_SetConfig
 .text.TIM_OC1_SetConfig
                0x08004b60       0xcc ./Drivers/STM32F4xx_HAL_Driver/Src/stm32f4xx_hal_tim.o
 .text.TIM_OC2_SetConfig
                0x08004c2c       0xd8 ./Drivers/STM32F4xx_HAL_Driver/Src/stm32f4xx_hal_tim.o
                0x08004c2c                TIM_OC2_SetConfig
 .text.TIM_OC3_SetConfig
                0x08004d04       0xd4 ./Drivers/STM32F4xx_HAL_Driver/Src/stm32f4xx_hal_tim.o
 .text.TIM_OC4_SetConfig
                0x08004dd8       0xa0 ./Drivers/STM32F4xx_HAL_Driver/Src/stm32f4xx_hal_tim.o
 .text.TIM_TI1_ConfigInputStage
                0x08004e78       0x5e ./Drivers/STM32F4xx_HAL_Driver/Src/stm32f4xx_hal_tim.o
 .text.TIM_TI2_ConfigInputStage
                0x08004ed6       0x60 ./Drivers/STM32F4xx_HAL_Driver/Src/stm32f4xx_hal_tim.o
 .text.TIM_ITRx_SetConfig
                0x08004f36       0x36 ./Drivers/STM32F4xx_HAL_Driver/Src/stm32f4xx_hal_tim.o
 .text.TIM_ETR_SetConfig
                0x08004f6c       0x40 ./Drivers/STM32F4xx_HAL_Driver/Src/stm32f4xx_hal_tim.o
                0x08004f6c                TIM_ETR_SetConfig
 .text.TIM_CCxChannelCmd
                0x08004fac       0x4a ./Drivers/STM32F4xx_HAL_Driver/Src/stm32f4xx_hal_tim.o
                0x08004fac                TIM_CCxChannelCmd
 *fill*         0x08004ff6        0x2 
 .text.HAL_TIMEx_MasterConfigSynchronization
                0x08004ff8       0xdc ./Drivers/STM32F4xx_HAL_Driver/Src/stm32f4xx_hal_tim_ex.o
                0x08004ff8                HAL_TIMEx_MasterConfigSynchronization
 .text.HAL_TIMEx_CommutCallback
                0x080050d4       0x14 ./Drivers/STM32F4xx_HAL_Driver/Src/stm32f4xx_hal_tim_ex.o
                0x080050d4                HAL_TIMEx_CommutCallback
 .text.HAL_TIMEx_BreakCallback
                0x080050e8       0x14 ./Drivers/STM32F4xx_HAL_Driver/Src/stm32f4xx_hal_tim_ex.o
                0x080050e8                HAL_TIMEx_BreakCallback
 .text.__NVIC_SetPriority
                0x080050fc       0x54 ./Middlewares/Third_Party/FreeRTOS/Source/CMSIS_RTOS_V2/cmsis_os2.o
 .text.SVC_Setup
                0x08005150       0x12 ./Middlewares/Third_Party/FreeRTOS/Source/CMSIS_RTOS_V2/cmsis_os2.o
 *fill*         0x08005162        0x2 
 .text.osKernelInitialize
                0x08005164       0x48 ./Middlewares/Third_Party/FreeRTOS/Source/CMSIS_RTOS_V2/cmsis_os2.o
                0x08005164                osKernelInitialize
 .text.osKernelStart
                0x080051ac       0x4c ./Middlewares/Third_Party/FreeRTOS/Source/CMSIS_RTOS_V2/cmsis_os2.o
                0x080051ac                osKernelStart
 .text.osThreadNew
                0x080051f8      0x124 ./Middlewares/Third_Party/FreeRTOS/Source/CMSIS_RTOS_V2/cmsis_os2.o
                0x080051f8                osThreadNew
 .text.osDelay  0x0800531c       0x36 ./Middlewares/Third_Party/FreeRTOS/Source/CMSIS_RTOS_V2/cmsis_os2.o
                0x0800531c                osDelay
 .text.osMutexNew
                0x08005352      0x10c ./Middlewares/Third_Party/FreeRTOS/Source/CMSIS_RTOS_V2/cmsis_os2.o
                0x08005352                osMutexNew
 .text.osMutexAcquire
                0x0800545e       0x96 ./Middlewares/Third_Party/FreeRTOS/Source/CMSIS_RTOS_V2/cmsis_os2.o
                0x0800545e                osMutexAcquire
 .text.osMutexRelease
                0x080054f4       0x7a ./Middlewares/Third_Party/FreeRTOS/Source/CMSIS_RTOS_V2/cmsis_os2.o
                0x080054f4                osMutexRelease
 .text.osSemaphoreNew
                0x0800556e      0x112 ./Middlewares/Third_Party/FreeRTOS/Source/CMSIS_RTOS_V2/cmsis_os2.o
                0x0800556e                osSemaphoreNew
 .text.osSemaphoreAcquire
                0x08005680       0xa4 ./Middlewares/Third_Party/FreeRTOS/Source/CMSIS_RTOS_V2/cmsis_os2.o
                0x08005680                osSemaphoreAcquire
 .text.osSemaphoreRelease
                0x08005724       0x88 ./Middlewares/Third_Party/FreeRTOS/Source/CMSIS_RTOS_V2/cmsis_os2.o
                0x08005724                osSemaphoreRelease
 .text.vApplicationGetIdleTaskMemory
                0x080057ac       0x34 ./Middlewares/Third_Party/FreeRTOS/Source/CMSIS_RTOS_V2/cmsis_os2.o
                0x080057ac                vApplicationGetIdleTaskMemory
 .text.vApplicationGetTimerTaskMemory
                0x080057e0       0x34 ./Middlewares/Third_Party/FreeRTOS/Source/CMSIS_RTOS_V2/cmsis_os2.o
                0x080057e0                vApplicationGetTimerTaskMemory
 .text.vListInitialise
                0x08005814       0x40 ./Middlewares/Third_Party/FreeRTOS/Source/list.o
                0x08005814                vListInitialise
 .text.vListInitialiseItem
                0x08005854       0x1a ./Middlewares/Third_Party/FreeRTOS/Source/list.o
                0x08005854                vListInitialiseItem
 .text.vListInsertEnd
                0x0800586e       0x48 ./Middlewares/Third_Party/FreeRTOS/Source/list.o
                0x0800586e                vListInsertEnd
 .text.vListInsert
                0x080058b6       0x72 ./Middlewares/Third_Party/FreeRTOS/Source/list.o
                0x080058b6                vListInsert
 .text.uxListRemove
                0x08005928       0x54 ./Middlewares/Third_Party/FreeRTOS/Source/list.o
                0x08005928                uxListRemove
 .text.xQueueGenericReset
                0x0800597c       0xd4 ./Middlewares/Third_Party/FreeRTOS/Source/queue.o
                0x0800597c                xQueueGenericReset
 .text.xQueueGenericCreateStatic
                0x08005a50       0xfa ./Middlewares/Third_Party/FreeRTOS/Source/queue.o
                0x08005a50                xQueueGenericCreateStatic
 .text.xQueueGenericCreate
                0x08005b4a       0x76 ./Middlewares/Third_Party/FreeRTOS/Source/queue.o
                0x08005b4a                xQueueGenericCreate
 .text.prvInitialiseNewQueue
                0x08005bc0       0x46 ./Middlewares/Third_Party/FreeRTOS/Source/queue.o
 .text.prvInitialiseMutex
                0x08005c06       0x34 ./Middlewares/Third_Party/FreeRTOS/Source/queue.o
 .text.xQueueCreateMutex
                0x08005c3a       0x30 ./Middlewares/Third_Party/FreeRTOS/Source/queue.o
                0x08005c3a                xQueueCreateMutex
 .text.xQueueCreateMutexStatic
                0x08005c6a       0x36 ./Middlewares/Third_Party/FreeRTOS/Source/queue.o
                0x08005c6a                xQueueCreateMutexStatic
 .text.xQueueGiveMutexRecursive
                0x08005ca0       0x6a ./Middlewares/Third_Party/FreeRTOS/Source/queue.o
                0x08005ca0                xQueueGiveMutexRecursive
 .text.xQueueTakeMutexRecursive
                0x08005d0a       0x6e ./Middlewares/Third_Party/FreeRTOS/Source/queue.o
                0x08005d0a                xQueueTakeMutexRecursive
 .text.xQueueCreateCountingSemaphoreStatic
                0x08005d78       0x72 ./Middlewares/Third_Party/FreeRTOS/Source/queue.o
                0x08005d78                xQueueCreateCountingSemaphoreStatic
 .text.xQueueCreateCountingSemaphore
                0x08005dea       0x6a ./Middlewares/Third_Party/FreeRTOS/Source/queue.o
                0x08005dea                xQueueCreateCountingSemaphore
 .text.xQueueGenericSend
                0x08005e54      0x204 ./Middlewares/Third_Party/FreeRTOS/Source/queue.o
                0x08005e54                xQueueGenericSend
 .text.xQueueGenericSendFromISR
                0x08006058      0x13c ./Middlewares/Third_Party/FreeRTOS/Source/queue.o
                0x08006058                xQueueGenericSendFromISR
 .text.xQueueGiveFromISR
                0x08006194      0x120 ./Middlewares/Third_Party/FreeRTOS/Source/queue.o
                0x08006194                xQueueGiveFromISR
 .text.xQueueReceive
                0x080062b4      0x1c4 ./Middlewares/Third_Party/FreeRTOS/Source/queue.o
                0x080062b4                xQueueReceive
 .text.xQueueSemaphoreTake
                0x08006478      0x220 ./Middlewares/Third_Party/FreeRTOS/Source/queue.o
                0x08006478                xQueueSemaphoreTake
 .text.xQueueReceiveFromISR
                0x08006698      0x104 ./Middlewares/Third_Party/FreeRTOS/Source/queue.o
                0x08006698                xQueueReceiveFromISR
 .text.vQueueDelete
                0x0800679c       0x48 ./Middlewares/Third_Party/FreeRTOS/Source/queue.o
                0x0800679c                vQueueDelete
 .text.prvGetDisinheritPriorityAfterTimeout
                0x080067e4       0x30 ./Middlewares/Third_Party/FreeRTOS/Source/queue.o
 .text.prvCopyDataToQueue
                0x08006814       0xd4 ./Middlewares/Third_Party/FreeRTOS/Source/queue.o
 .text.prvCopyDataFromQueue
                0x080068e8       0x4c ./Middlewares/Third_Party/FreeRTOS/Source/queue.o
 .text.prvUnlockQueue
                0x08006934       0xa4 ./Middlewares/Third_Party/FreeRTOS/Source/queue.o
 .text.prvIsQueueEmpty
                0x080069d8       0x2c ./Middlewares/Third_Party/FreeRTOS/Source/queue.o
 .text.prvIsQueueFull
                0x08006a04       0x30 ./Middlewares/Third_Party/FreeRTOS/Source/queue.o
 .text.vQueueAddToRegistry
                0x08006a34       0x54 ./Middlewares/Third_Party/FreeRTOS/Source/queue.o
                0x08006a34                vQueueAddToRegistry
 .text.vQueueUnregisterQueue
                0x08006a88       0x54 ./Middlewares/Third_Party/FreeRTOS/Source/queue.o
                0x08006a88                vQueueUnregisterQueue
 .text.vQueueWaitForMessageRestricted
                0x08006adc       0x68 ./Middlewares/Third_Party/FreeRTOS/Source/queue.o
                0x08006adc                vQueueWaitForMessageRestricted
 .text.xTaskCreateStatic
                0x08006b44       0xc0 ./Middlewares/Third_Party/FreeRTOS/Source/tasks.o
                0x08006b44                xTaskCreateStatic
 .text.xTaskCreate
                0x08006c04       0x8a ./Middlewares/Third_Party/FreeRTOS/Source/tasks.o
                0x08006c04                xTaskCreate
 *fill*         0x08006c8e        0x2 
 .text.prvInitialiseNewTask
                0x08006c90      0x15c ./Middlewares/Third_Party/FreeRTOS/Source/tasks.o
 .text.prvAddNewTaskToReadyList
                0x08006dec       0xe0 ./Middlewares/Third_Party/FreeRTOS/Source/tasks.o
 .text.vTaskDelay
                0x08006ecc       0x6c ./Middlewares/Third_Party/FreeRTOS/Source/tasks.o
                0x08006ecc                vTaskDelay
 .text.vTaskStartScheduler
                0x08006f38       0xe4 ./Middlewares/Third_Party/FreeRTOS/Source/tasks.o
                0x08006f38                vTaskStartScheduler
 .text.vTaskSuspendAll
                0x0800701c       0x1c ./Middlewares/Third_Party/FreeRTOS/Source/tasks.o
                0x0800701c                vTaskSuspendAll
 .text.prvGetExpectedIdleTime
                0x08007038       0x70 ./Middlewares/Third_Party/FreeRTOS/Source/tasks.o
 .text.xTaskResumeAll
                0x080070a8      0x13c ./Middlewares/Third_Party/FreeRTOS/Source/tasks.o
                0x080070a8                xTaskResumeAll
 .text.xTaskGetTickCount
                0x080071e4       0x20 ./Middlewares/Third_Party/FreeRTOS/Source/tasks.o
                0x080071e4                xTaskGetTickCount
 .text.vTaskStepTick
                0x08007204       0x50 ./Middlewares/Third_Party/FreeRTOS/Source/tasks.o
                0x08007204                vTaskStepTick
 .text.xTaskIncrementTick
                0x08007254      0x174 ./Middlewares/Third_Party/FreeRTOS/Source/tasks.o
                0x08007254                xTaskIncrementTick
 .text.vTaskSwitchContext
                0x080073c8      0x100 ./Middlewares/Third_Party/FreeRTOS/Source/tasks.o
                0x080073c8                vTaskSwitchContext
 .text.vTaskPlaceOnEventList
                0x080074c8       0x4c ./Middlewares/Third_Party/FreeRTOS/Source/tasks.o
                0x080074c8                vTaskPlaceOnEventList
 .text.vTaskPlaceOnEventListRestricted
                0x08007514       0x58 ./Middlewares/Third_Party/FreeRTOS/Source/tasks.o
                0x08007514                vTaskPlaceOnEventListRestricted
 .text.xTaskRemoveFromEventList
                0x0800756c       0xcc ./Middlewares/Third_Party/FreeRTOS/Source/tasks.o
                0x0800756c                xTaskRemoveFromEventList
 .text.vTaskInternalSetTimeOutState
                0x08007638       0x2c ./Middlewares/Third_Party/FreeRTOS/Source/tasks.o
                0x08007638                vTaskInternalSetTimeOutState
 .text.xTaskCheckForTimeOut
                0x08007664       0xc8 ./Middlewares/Third_Party/FreeRTOS/Source/tasks.o
                0x08007664                xTaskCheckForTimeOut
 .text.vTaskMissedYield
                0x0800772c       0x18 ./Middlewares/Third_Party/FreeRTOS/Source/tasks.o
                0x0800772c                vTaskMissedYield
 .text.prvIdleTask
                0x08007744       0x80 ./Middlewares/Third_Party/FreeRTOS/Source/tasks.o
 .text.eTaskConfirmSleepModeStatus
                0x080077c4       0x5c ./Middlewares/Third_Party/FreeRTOS/Source/tasks.o
                0x080077c4                eTaskConfirmSleepModeStatus
 .text.prvInitialiseTaskLists
                0x08007820       0x80 ./Middlewares/Third_Party/FreeRTOS/Source/tasks.o
 .text.prvCheckTasksWaitingTermination
                0x080078a0       0x5c ./Middlewares/Third_Party/FreeRTOS/Source/tasks.o
 .text.prvDeleteTCB
                0x080078fc       0x6a ./Middlewares/Third_Party/FreeRTOS/Source/tasks.o
 *fill*         0x08007966        0x2 
 .text.prvResetNextTaskUnblockTime
                0x08007968       0x40 ./Middlewares/Third_Party/FreeRTOS/Source/tasks.o
 .text.xTaskGetCurrentTaskHandle
                0x080079a8       0x20 ./Middlewares/Third_Party/FreeRTOS/Source/tasks.o
                0x080079a8                xTaskGetCurrentTaskHandle
 .text.xTaskGetSchedulerState
                0x080079c8       0x3c ./Middlewares/Third_Party/FreeRTOS/Source/tasks.o
                0x080079c8                xTaskGetSchedulerState
 .text.xTaskPriorityInherit
                0x08007a04       0xd0 ./Middlewares/Third_Party/FreeRTOS/Source/tasks.o
                0x08007a04                xTaskPriorityInherit
 .text.xTaskPriorityDisinherit
                0x08007ad4       0xe0 ./Middlewares/Third_Party/FreeRTOS/Source/tasks.o
                0x08007ad4                xTaskPriorityDisinherit
 .text.vTaskPriorityDisinheritAfterTimeout
                0x08007bb4      0x108 ./Middlewares/Third_Party/FreeRTOS/Source/tasks.o
                0x08007bb4                vTaskPriorityDisinheritAfterTimeout
 .text.pvTaskIncrementMutexHeldCount
                0x08007cbc       0x28 ./Middlewares/Third_Party/FreeRTOS/Source/tasks.o
                0x08007cbc                pvTaskIncrementMutexHeldCount
 .text.prvAddCurrentTaskToDelayedList
                0x08007ce4       0xa8 ./Middlewares/Third_Party/FreeRTOS/Source/tasks.o
 .text.xTimerCreateTimerTask
                0x08007d8c       0x94 ./Middlewares/Third_Party/FreeRTOS/Source/timers.o
                0x08007d8c                xTimerCreateTimerTask
 .text.xTimerGenericCommand
                0x08007e20       0x9c ./Middlewares/Third_Party/FreeRTOS/Source/timers.o
                0x08007e20                xTimerGenericCommand
 .text.prvProcessExpiredTimer
                0x08007ebc       0x9c ./Middlewares/Third_Party/FreeRTOS/Source/timers.o
 .text.prvTimerTask
                0x08007f58       0x26 ./Middlewares/Third_Party/FreeRTOS/Source/timers.o
 *fill*         0x08007f7e        0x2 
 .text.prvProcessTimerOrBlockTask
                0x08007f80       0x9c ./Middlewares/Third_Party/FreeRTOS/Source/timers.o
 .text.prvGetNextExpireTime
                0x0800801c       0x48 ./Middlewares/Third_Party/FreeRTOS/Source/timers.o
 .text.prvSampleTimeNow
                0x08008064       0x40 ./Middlewares/Third_Party/FreeRTOS/Source/timers.o
 .text.prvInsertTimerInActiveList
                0x080080a4       0x84 ./Middlewares/Third_Party/FreeRTOS/Source/timers.o
 .text.prvProcessReceivedCommands
                0x08008128      0x1cc ./Middlewares/Third_Party/FreeRTOS/Source/timers.o
 .text.prvSwitchTimerLists
                0x080082f4       0xcc ./Middlewares/Third_Party/FreeRTOS/Source/timers.o
 .text.prvCheckForValidListAndQueue
                0x080083c0       0x80 ./Middlewares/Third_Party/FreeRTOS/Source/timers.o
 .text.pxPortInitialiseStack
                0x08008440       0x68 ./Middlewares/Third_Party/FreeRTOS/Source/portable/GCC/ARM_CM4F/port.o
                0x08008440                pxPortInitialiseStack
 .text.prvTaskExitError
                0x080084a8       0x5c ./Middlewares/Third_Party/FreeRTOS/Source/portable/GCC/ARM_CM4F/port.o
 *fill*         0x08008504        0xc 
 .text.SVC_Handler
                0x08008510       0x28 ./Middlewares/Third_Party/FreeRTOS/Source/portable/GCC/ARM_CM4F/port.o
                0x08008510                SVC_Handler
 .text.prvPortStartFirstTask
                0x08008538       0x28 ./Middlewares/Third_Party/FreeRTOS/Source/portable/GCC/ARM_CM4F/port.o
 .text.xPortStartScheduler
                0x08008560      0x148 ./Middlewares/Third_Party/FreeRTOS/Source/portable/GCC/ARM_CM4F/port.o
                0x08008560                xPortStartScheduler
 .text.vPortEnterCritical
                0x080086a8       0x64 ./Middlewares/Third_Party/FreeRTOS/Source/portable/GCC/ARM_CM4F/port.o
                0x080086a8                vPortEnterCritical
 .text.vPortExitCritical
                0x0800870c       0x54 ./Middlewares/Third_Party/FreeRTOS/Source/portable/GCC/ARM_CM4F/port.o
                0x0800870c                vPortExitCritical
 .text.PendSV_Handler
                0x08008760       0x68 ./Middlewares/Third_Party/FreeRTOS/Source/portable/GCC/ARM_CM4F/port.o
                0x08008760                PendSV_Handler
 .text.xPortSysTickHandler
                0x080087c8       0x44 ./Middlewares/Third_Party/FreeRTOS/Source/portable/GCC/ARM_CM4F/port.o
                0x080087c8                xPortSysTickHandler
 .text.vPortSuppressTicksAndSleep
                0x0800880c      0x198 ./Middlewares/Third_Party/FreeRTOS/Source/portable/GCC/ARM_CM4F/port.o
                0x0800880c                vPortSuppressTicksAndSleep
 .text.vPortSetupTimerInterrupt
                0x080089a4       0x78 ./Middlewares/Third_Party/FreeRTOS/Source/portable/GCC/ARM_CM4F/port.o
                0x080089a4                vPortSetupTimerInterrupt
 .text.vPortEnableVFP
                0x08008a1c       0x14 ./Middlewares/Third_Party/FreeRTOS/Source/portable/GCC/ARM_CM4F/port.o
 .text.vPortValidateInterruptPriority
                0x08008a30       0x84 ./Middlewares/Third_Party/FreeRTOS/Source/portable/GCC/ARM_CM4F/port.o
                0x08008a30                vPortValidateInterruptPriority
 .text.pvPortMalloc
                0x08008ab4       0x8c ./Middlewares/Third_Party/FreeRTOS/Source/portable/MemMang/heap_1.o
                0x08008ab4                pvPortMalloc
 .text.vPortFree
                0x08008b40       0x32 ./Middlewares/Third_Party/FreeRTOS/Source/portable/MemMang/heap_1.o
                0x08008b40                vPortFree
 *fill*         0x08008b72        0x2 
 .text.I2Cx_Init
                0x08008b74       0x64 ./STM32F411E-Discovery/stm32f411e_discovery.o
 .text.I2Cx_WriteData
                0x08008bd8       0x50 ./STM32F411E-Discovery/stm32f411e_discovery.o
 .text.I2Cx_ReadData
                0x08008c28       0x58 ./STM32F411E-Discovery/stm32f411e_discovery.o
 .text.I2Cx_Error
                0x08008c80       0x18 ./STM32F411E-Discovery/stm32f411e_discovery.o
 .text.I2Cx_MspInit
                0x08008c98       0xac ./STM32F411E-Discovery/stm32f411e_discovery.o
 .text.COMPASSACCELERO_IO_Init
                0x08008d44       0x50 ./STM32F411E-Discovery/stm32f411e_discovery.o
                0x08008d44                COMPASSACCELERO_IO_Init
 .text.COMPASSACCELERO_IO_ITConfig
                0x08008d94       0x60 ./STM32F411E-Discovery/stm32f411e_discovery.o
                0x08008d94                COMPASSACCELERO_IO_ITConfig
 .text.COMPASSACCELERO_IO_Write
                0x08008df4       0x26 ./STM32F411E-Discovery/stm32f411e_discovery.o
                0x08008df4                COMPASSACCELERO_IO_Write
 .text.COMPASSACCELERO_IO_Read
                0x08008e1a       0x26 ./STM32F411E-Discovery/stm32f411e_discovery.o
                0x08008e1a                COMPASSACCELERO_IO_Read
 .text.BSP_ACCELERO_Init
                0x08008e40      0x184 ./STM32F411E-Discovery/stm32f411e_discovery_accelerometer.o
                0x08008e40                BSP_ACCELERO_Init
 .text.BSP_ACCELERO_GetXYZ
                0x08008fc4       0x58 ./STM32F411E-Discovery/stm32f411e_discovery_accelerometer.o
                0x08008fc4                BSP_ACCELERO_GetXYZ
 .text.LSM303AGR_MagInit
                0x0800901c       0x16 ./STM32F411E-Discovery/stm32f411e_discovery_magnetometer.o
                0x0800901c                LSM303AGR_MagInit
 .text.LSM303AGR_MagReadXYZ
                0x08009032       0x9a ./STM32F411E-Discovery/stm32f411e_discovery_magnetometer.o
                0x08009032                LSM303AGR_MagReadXYZ
 .text.malloc   0x080090cc       0x10 C:/ST/STM32CubeIDE_1.16.1/STM32CubeIDE/plugins/com.st.stm32cube.ide.mcu.externaltools.gnu-tools-for-stm32.12.3.rel1.win32_1.0.200.202406191623/tools/bin/../lib/gcc/arm-none-eabi/12.3.1/../../../../arm-none-eabi/lib/thumb/v7e-m+fp/hard\libc_nano.a(libc_a-malloc.o)
                0x080090cc                malloc
 .text.sbrk_aligned
                0x080090dc       0x44 C:/ST/STM32CubeIDE_1.16.1/STM32CubeIDE/plugins/com.st.stm32cube.ide.mcu.externaltools.gnu-tools-for-stm32.12.3.rel1.win32_1.0.200.202406191623/tools/bin/../lib/gcc/arm-none-eabi/12.3.1/../../../../arm-none-eabi/lib/thumb/v7e-m+fp/hard\libc_nano.a(libc_a-mallocr.o)
 .text._malloc_r
                0x08009120      0x100 C:/ST/STM32CubeIDE_1.16.1/STM32CubeIDE/plugins/com.st.stm32cube.ide.mcu.externaltools.gnu-tools-for-stm32.12.3.rel1.win32_1.0.200.202406191623/tools/bin/../lib/gcc/arm-none-eabi/12.3.1/../../../../arm-none-eabi/lib/thumb/v7e-m+fp/hard\libc_nano.a(libc_a-mallocr.o)
                0x08009120                _malloc_r
 .text.__malloc_lock
                0x08009220        0xc C:/ST/STM32CubeIDE_1.16.1/STM32CubeIDE/plugins/com.st.stm32cube.ide.mcu.externaltools.gnu-tools-for-stm32.12.3.rel1.win32_1.0.200.202406191623/tools/bin/../lib/gcc/arm-none-eabi/12.3.1/../../../../arm-none-eabi/lib/thumb/v7e-m+fp/hard\libc_nano.a(libc_a-mlock.o)
                0x08009220                __malloc_lock
 .text.__malloc_unlock
                0x0800922c        0xc C:/ST/STM32CubeIDE_1.16.1/STM32CubeIDE/plugins/com.st.stm32cube.ide.mcu.externaltools.gnu-tools-for-stm32.12.3.rel1.win32_1.0.200.202406191623/tools/bin/../lib/gcc/arm-none-eabi/12.3.1/../../../../arm-none-eabi/lib/thumb/v7e-m+fp/hard\libc_nano.a(libc_a-mlock.o)
                0x0800922c                __malloc_unlock
 .text.std      0x08009238       0x6c C:/ST/STM32CubeIDE_1.16.1/STM32CubeIDE/plugins/com.st.stm32cube.ide.mcu.externaltools.gnu-tools-for-stm32.12.3.rel1.win32_1.0.200.202406191623/tools/bin/../lib/gcc/arm-none-eabi/12.3.1/../../../../arm-none-eabi/lib/thumb/v7e-m+fp/hard\libc_nano.a(libc_a-findfp.o)
 .text.stdio_exit_handler
                0x080092a4       0x18 C:/ST/STM32CubeIDE_1.16.1/STM32CubeIDE/plugins/com.st.stm32cube.ide.mcu.externaltools.gnu-tools-for-stm32.12.3.rel1.win32_1.0.200.202406191623/tools/bin/../lib/gcc/arm-none-eabi/12.3.1/../../../../arm-none-eabi/lib/thumb/v7e-m+fp/hard\libc_nano.a(libc_a-findfp.o)
 .text.cleanup_stdio
                0x080092bc       0x40 C:/ST/STM32CubeIDE_1.16.1/STM32CubeIDE/plugins/com.st.stm32cube.ide.mcu.externaltools.gnu-tools-for-stm32.12.3.rel1.win32_1.0.200.202406191623/tools/bin/../lib/gcc/arm-none-eabi/12.3.1/../../../../arm-none-eabi/lib/thumb/v7e-m+fp/hard\libc_nano.a(libc_a-findfp.o)
 .text.global_stdio_init.part.0
                0x080092fc       0x3c C:/ST/STM32CubeIDE_1.16.1/STM32CubeIDE/plugins/com.st.stm32cube.ide.mcu.externaltools.gnu-tools-for-stm32.12.3.rel1.win32_1.0.200.202406191623/tools/bin/../lib/gcc/arm-none-eabi/12.3.1/../../../../arm-none-eabi/lib/thumb/v7e-m+fp/hard\libc_nano.a(libc_a-findfp.o)
 .text.__sfp_lock_acquire
                0x08009338        0xc C:/ST/STM32CubeIDE_1.16.1/STM32CubeIDE/plugins/com.st.stm32cube.ide.mcu.externaltools.gnu-tools-for-stm32.12.3.rel1.win32_1.0.200.202406191623/tools/bin/../lib/gcc/arm-none-eabi/12.3.1/../../../../arm-none-eabi/lib/thumb/v7e-m+fp/hard\libc_nano.a(libc_a-findfp.o)
                0x08009338                __sfp_lock_acquire
 .text.__sfp_lock_release
                0x08009344        0xc C:/ST/STM32CubeIDE_1.16.1/STM32CubeIDE/plugins/com.st.stm32cube.ide.mcu.externaltools.gnu-tools-for-stm32.12.3.rel1.win32_1.0.200.202406191623/tools/bin/../lib/gcc/arm-none-eabi/12.3.1/../../../../arm-none-eabi/lib/thumb/v7e-m+fp/hard\libc_nano.a(libc_a-findfp.o)
                0x08009344                __sfp_lock_release
 .text.__sinit  0x08009350       0x30 C:/ST/STM32CubeIDE_1.16.1/STM32CubeIDE/plugins/com.st.stm32cube.ide.mcu.externaltools.gnu-tools-for-stm32.12.3.rel1.win32_1.0.200.202406191623/tools/bin/../lib/gcc/arm-none-eabi/12.3.1/../../../../arm-none-eabi/lib/thumb/v7e-m+fp/hard\libc_nano.a(libc_a-findfp.o)
                0x08009350                __sinit
 .text._fwalk_sglue
                0x08009380       0x3c C:/ST/STM32CubeIDE_1.16.1/STM32CubeIDE/plugins/com.st.stm32cube.ide.mcu.externaltools.gnu-tools-for-stm32.12.3.rel1.win32_1.0.200.202406191623/tools/bin/../lib/gcc/arm-none-eabi/12.3.1/../../../../arm-none-eabi/lib/thumb/v7e-m+fp/hard\libc_nano.a(libc_a-fwalk.o)
                0x08009380                _fwalk_sglue
 .text.printf   0x080093bc       0x24 C:/ST/STM32CubeIDE_1.16.1/STM32CubeIDE/plugins/com.st.stm32cube.ide.mcu.externaltools.gnu-tools-for-stm32.12.3.rel1.win32_1.0.200.202406191623/tools/bin/../lib/gcc/arm-none-eabi/12.3.1/../../../../arm-none-eabi/lib/thumb/v7e-m+fp/hard\libc_nano.a(libc_a-printf.o)
                0x080093bc                iprintf
                0x080093bc                printf
 .text.__sread  0x080093e0       0x22 C:/ST/STM32CubeIDE_1.16.1/STM32CubeIDE/plugins/com.st.stm32cube.ide.mcu.externaltools.gnu-tools-for-stm32.12.3.rel1.win32_1.0.200.202406191623/tools/bin/../lib/gcc/arm-none-eabi/12.3.1/../../../../arm-none-eabi/lib/thumb/v7e-m+fp/hard\libc_nano.a(libc_a-stdio.o)
                0x080093e0                __sread
 .text.__swrite
                0x08009402       0x38 C:/ST/STM32CubeIDE_1.16.1/STM32CubeIDE/plugins/com.st.stm32cube.ide.mcu.externaltools.gnu-tools-for-stm32.12.3.rel1.win32_1.0.200.202406191623/tools/bin/../lib/gcc/arm-none-eabi/12.3.1/../../../../arm-none-eabi/lib/thumb/v7e-m+fp/hard\libc_nano.a(libc_a-stdio.o)
                0x08009402                __swrite
 .text.__sseek  0x0800943a       0x24 C:/ST/STM32CubeIDE_1.16.1/STM32CubeIDE/plugins/com.st.stm32cube.ide.mcu.externaltools.gnu-tools-for-stm32.12.3.rel1.win32_1.0.200.202406191623/tools/bin/../lib/gcc/arm-none-eabi/12.3.1/../../../../arm-none-eabi/lib/thumb/v7e-m+fp/hard\libc_nano.a(libc_a-stdio.o)
                0x0800943a                __sseek
 .text.__sclose
                0x0800945e        0x8 C:/ST/STM32CubeIDE_1.16.1/STM32CubeIDE/plugins/com.st.stm32cube.ide.mcu.externaltools.gnu-tools-for-stm32.12.3.rel1.win32_1.0.200.202406191623/tools/bin/../lib/gcc/arm-none-eabi/12.3.1/../../../../arm-none-eabi/lib/thumb/v7e-m+fp/hard\libc_nano.a(libc_a-stdio.o)
                0x0800945e                __sclose
 .text.memset   0x08009466       0x10 C:/ST/STM32CubeIDE_1.16.1/STM32CubeIDE/plugins/com.st.stm32cube.ide.mcu.externaltools.gnu-tools-for-stm32.12.3.rel1.win32_1.0.200.202406191623/tools/bin/../lib/gcc/arm-none-eabi/12.3.1/../../../../arm-none-eabi/lib/thumb/v7e-m+fp/hard\libc_nano.a(libc_a-memset.o)
                0x08009466                memset
 *fill*         0x08009476        0x2 
 .text._close_r
                0x08009478       0x20 C:/ST/STM32CubeIDE_1.16.1/STM32CubeIDE/plugins/com.st.stm32cube.ide.mcu.externaltools.gnu-tools-for-stm32.12.3.rel1.win32_1.0.200.202406191623/tools/bin/../lib/gcc/arm-none-eabi/12.3.1/../../../../arm-none-eabi/lib/thumb/v7e-m+fp/hard\libc_nano.a(libc_a-closer.o)
                0x08009478                _close_r
 .text._reclaim_reent
                0x08009498       0xac C:/ST/STM32CubeIDE_1.16.1/STM32CubeIDE/plugins/com.st.stm32cube.ide.mcu.externaltools.gnu-tools-for-stm32.12.3.rel1.win32_1.0.200.202406191623/tools/bin/../lib/gcc/arm-none-eabi/12.3.1/../../../../arm-none-eabi/lib/thumb/v7e-m+fp/hard\libc_nano.a(libc_a-reent.o)
                0x08009498                _reclaim_reent
 .text._lseek_r
                0x08009544       0x24 C:/ST/STM32CubeIDE_1.16.1/STM32CubeIDE/plugins/com.st.stm32cube.ide.mcu.externaltools.gnu-tools-for-stm32.12.3.rel1.win32_1.0.200.202406191623/tools/bin/../lib/gcc/arm-none-eabi/12.3.1/../../../../arm-none-eabi/lib/thumb/v7e-m+fp/hard\libc_nano.a(libc_a-lseekr.o)
                0x08009544                _lseek_r
 .text._read_r  0x08009568       0x24 C:/ST/STM32CubeIDE_1.16.1/STM32CubeIDE/plugins/com.st.stm32cube.ide.mcu.externaltools.gnu-tools-for-stm32.12.3.rel1.win32_1.0.200.202406191623/tools/bin/../lib/gcc/arm-none-eabi/12.3.1/../../../../arm-none-eabi/lib/thumb/v7e-m+fp/hard\libc_nano.a(libc_a-readr.o)
                0x08009568                _read_r
 .text._sbrk_r  0x0800958c       0x20 C:/ST/STM32CubeIDE_1.16.1/STM32CubeIDE/plugins/com.st.stm32cube.ide.mcu.externaltools.gnu-tools-for-stm32.12.3.rel1.win32_1.0.200.202406191623/tools/bin/../lib/gcc/arm-none-eabi/12.3.1/../../../../arm-none-eabi/lib/thumb/v7e-m+fp/hard\libc_nano.a(libc_a-sbrkr.o)
                0x0800958c                _sbrk_r
 .text._write_r
                0x080095ac       0x24 C:/ST/STM32CubeIDE_1.16.1/STM32CubeIDE/plugins/com.st.stm32cube.ide.mcu.externaltools.gnu-tools-for-stm32.12.3.rel1.win32_1.0.200.202406191623/tools/bin/../lib/gcc/arm-none-eabi/12.3.1/../../../../arm-none-eabi/lib/thumb/v7e-m+fp/hard\libc_nano.a(libc_a-writer.o)
                0x080095ac                _write_r
 .text.__errno  0x080095d0        0xc C:/ST/STM32CubeIDE_1.16.1/STM32CubeIDE/plugins/com.st.stm32cube.ide.mcu.externaltools.gnu-tools-for-stm32.12.3.rel1.win32_1.0.200.202406191623/tools/bin/../lib/gcc/arm-none-eabi/12.3.1/../../../../arm-none-eabi/lib/thumb/v7e-m+fp/hard\libc_nano.a(libc_a-errno.o)
                0x080095d0                __errno
 .text.__libc_init_array
                0x080095dc       0x48 C:/ST/STM32CubeIDE_1.16.1/STM32CubeIDE/plugins/com.st.stm32cube.ide.mcu.externaltools.gnu-tools-for-stm32.12.3.rel1.win32_1.0.200.202406191623/tools/bin/../lib/gcc/arm-none-eabi/12.3.1/../../../../arm-none-eabi/lib/thumb/v7e-m+fp/hard\libc_nano.a(libc_a-init.o)
                0x080095dc                __libc_init_array
 .text.__retarget_lock_init_recursive
                0x08009624        0x2 C:/ST/STM32CubeIDE_1.16.1/STM32CubeIDE/plugins/com.st.stm32cube.ide.mcu.externaltools.gnu-tools-for-stm32.12.3.rel1.win32_1.0.200.202406191623/tools/bin/../lib/gcc/arm-none-eabi/12.3.1/../../../../arm-none-eabi/lib/thumb/v7e-m+fp/hard\libc_nano.a(libc_a-lock.o)
                0x08009624                __retarget_lock_init_recursive
 .text.__retarget_lock_acquire_recursive
                0x08009626        0x2 C:/ST/STM32CubeIDE_1.16.1/STM32CubeIDE/plugins/com.st.stm32cube.ide.mcu.externaltools.gnu-tools-for-stm32.12.3.rel1.win32_1.0.200.202406191623/tools/bin/../lib/gcc/arm-none-eabi/12.3.1/../../../../arm-none-eabi/lib/thumb/v7e-m+fp/hard\libc_nano.a(libc_a-lock.o)
                0x08009626                __retarget_lock_acquire_recursive
 .text.__retarget_lock_release_recursive
                0x08009628        0x2 C:/ST/STM32CubeIDE_1.16.1/STM32CubeIDE/plugins/com.st.stm32cube.ide.mcu.externaltools.gnu-tools-for-stm32.12.3.rel1.win32_1.0.200.202406191623/tools/bin/../lib/gcc/arm-none-eabi/12.3.1/../../../../arm-none-eabi/lib/thumb/v7e-m+fp/hard\libc_nano.a(libc_a-lock.o)
                0x08009628                __retarget_lock_release_recursive
 .text.memcpy   0x0800962a       0x1c C:/ST/STM32CubeIDE_1.16.1/STM32CubeIDE/plugins/com.st.stm32cube.ide.mcu.externaltools.gnu-tools-for-stm32.12.3.rel1.win32_1.0.200.202406191623/tools/bin/../lib/gcc/arm-none-eabi/12.3.1/../../../../arm-none-eabi/lib/thumb/v7e-m+fp/hard\libc_nano.a(libc_a-memcpy-stub.o)
                0x0800962a                memcpy
 *fill*         0x08009646        0x2 
 .text._free_r  0x08009648       0x94 C:/ST/STM32CubeIDE_1.16.1/STM32CubeIDE/plugins/com.st.stm32cube.ide.mcu.externaltools.gnu-tools-for-stm32.12.3.rel1.win32_1.0.200.202406191623/tools/bin/../lib/gcc/arm-none-eabi/12.3.1/../../../../arm-none-eabi/lib/thumb/v7e-m+fp/hard\libc_nano.a(libc_a-freer.o)
                0x08009648                _free_r
 .text.__sfputc_r
                0x080096dc       0x2e C:/ST/STM32CubeIDE_1.16.1/STM32CubeIDE/plugins/com.st.stm32cube.ide.mcu.externaltools.gnu-tools-for-stm32.12.3.rel1.win32_1.0.200.202406191623/tools/bin/../lib/gcc/arm-none-eabi/12.3.1/../../../../arm-none-eabi/lib/thumb/v7e-m+fp/hard\libc_nano.a(libc_a-nano-vfprintf.o)
 .text.__sfputs_r
                0x0800970a       0x24 C:/ST/STM32CubeIDE_1.16.1/STM32CubeIDE/plugins/com.st.stm32cube.ide.mcu.externaltools.gnu-tools-for-stm32.12.3.rel1.win32_1.0.200.202406191623/tools/bin/../lib/gcc/arm-none-eabi/12.3.1/../../../../arm-none-eabi/lib/thumb/v7e-m+fp/hard\libc_nano.a(libc_a-nano-vfprintf.o)
                0x0800970a                __sfputs_r
 *fill*         0x0800972e        0x2 
 .text._vfprintf_r
                0x08009730      0x230 C:/ST/STM32CubeIDE_1.16.1/STM32CubeIDE/plugins/com.st.stm32cube.ide.mcu.externaltools.gnu-tools-for-stm32.12.3.rel1.win32_1.0.200.202406191623/tools/bin/../lib/gcc/arm-none-eabi/12.3.1/../../../../arm-none-eabi/lib/thumb/v7e-m+fp/hard\libc_nano.a(libc_a-nano-vfprintf.o)
                0x08009730                _vfprintf_r
                0x08009730                _vfiprintf_r
 .text._printf_common
                0x08009960       0xda C:/ST/STM32CubeIDE_1.16.1/STM32CubeIDE/plugins/com.st.stm32cube.ide.mcu.externaltools.gnu-tools-for-stm32.12.3.rel1.win32_1.0.200.202406191623/tools/bin/../lib/gcc/arm-none-eabi/12.3.1/../../../../arm-none-eabi/lib/thumb/v7e-m+fp/hard\libc_nano.a(libc_a-nano-vfprintf_i.o)
                0x08009960                _printf_common
 *fill*         0x08009a3a        0x2 
 .text._printf_i
                0x08009a3c      0x240 C:/ST/STM32CubeIDE_1.16.1/STM32CubeIDE/plugins/com.st.stm32cube.ide.mcu.externaltools.gnu-tools-for-stm32.12.3.rel1.win32_1.0.200.202406191623/tools/bin/../lib/gcc/arm-none-eabi/12.3.1/../../../../arm-none-eabi/lib/thumb/v7e-m+fp/hard\libc_nano.a(libc_a-nano-vfprintf_i.o)
                0x08009a3c                _printf_i
 .text.__sflush_r
                0x08009c7c      0x108 C:/ST/STM32CubeIDE_1.16.1/STM32CubeIDE/plugins/com.st.stm32cube.ide.mcu.externaltools.gnu-tools-for-stm32.12.3.rel1.win32_1.0.200.202406191623/tools/bin/../lib/gcc/arm-none-eabi/12.3.1/../../../../arm-none-eabi/lib/thumb/v7e-m+fp/hard\libc_nano.a(libc_a-fflush.o)
                0x08009c7c                __sflush_r
 .text._fflush_r
                0x08009d84       0x50 C:/ST/STM32CubeIDE_1.16.1/STM32CubeIDE/plugins/com.st.stm32cube.ide.mcu.externaltools.gnu-tools-for-stm32.12.3.rel1.win32_1.0.200.202406191623/tools/bin/../lib/gcc/arm-none-eabi/12.3.1/../../../../arm-none-eabi/lib/thumb/v7e-m+fp/hard\libc_nano.a(libc_a-fflush.o)
                0x08009d84                _fflush_r
 .text.__swbuf_r
                0x08009dd4       0x7c C:/ST/STM32CubeIDE_1.16.1/STM32CubeIDE/plugins/com.st.stm32cube.ide.mcu.externaltools.gnu-tools-for-stm32.12.3.rel1.win32_1.0.200.202406191623/tools/bin/../lib/gcc/arm-none-eabi/12.3.1/../../../../arm-none-eabi/lib/thumb/v7e-m+fp/hard\libc_nano.a(libc_a-wbuf.o)
                0x08009dd4                __swbuf_r
 .text.__swsetup_r
                0x08009e50       0xac C:/ST/STM32CubeIDE_1.16.1/STM32CubeIDE/plugins/com.st.stm32cube.ide.mcu.externaltools.gnu-tools-for-stm32.12.3.rel1.win32_1.0.200.202406191623/tools/bin/../lib/gcc/arm-none-eabi/12.3.1/../../../../arm-none-eabi/lib/thumb/v7e-m+fp/hard\libc_nano.a(libc_a-wsetup.o)
                0x08009e50                __swsetup_r
 .text.__swhatbuf_r
                0x08009efc       0x4c C:/ST/STM32CubeIDE_1.16.1/STM32CubeIDE/plugins/com.st.stm32cube.ide.mcu.externaltools.gnu-tools-for-stm32.12.3.rel1.win32_1.0.200.202406191623/tools/bin/../lib/gcc/arm-none-eabi/12.3.1/../../../../arm-none-eabi/lib/thumb/v7e-m+fp/hard\libc_nano.a(libc_a-makebuf.o)
                0x08009efc                __swhatbuf_r
 .text.__smakebuf_r
                0x08009f48       0x78 C:/ST/STM32CubeIDE_1.16.1/STM32CubeIDE/plugins/com.st.stm32cube.ide.mcu.externaltools.gnu-tools-for-stm32.12.3.rel1.win32_1.0.200.202406191623/tools/bin/../lib/gcc/arm-none-eabi/12.3.1/../../../../arm-none-eabi/lib/thumb/v7e-m+fp/hard\libc_nano.a(libc_a-makebuf.o)
                0x08009f48                __smakebuf_r
 .text._fstat_r
                0x08009fc0       0x24 C:/ST/STM32CubeIDE_1.16.1/STM32CubeIDE/plugins/com.st.stm32cube.ide.mcu.externaltools.gnu-tools-for-stm32.12.3.rel1.win32_1.0.200.202406191623/tools/bin/../lib/gcc/arm-none-eabi/12.3.1/../../../../arm-none-eabi/lib/thumb/v7e-m+fp/hard\libc_nano.a(libc_a-fstatr.o)
                0x08009fc0                _fstat_r
 .text._isatty_r
                0x08009fe4       0x20 C:/ST/STM32CubeIDE_1.16.1/STM32CubeIDE/plugins/com.st.stm32cube.ide.mcu.externaltools.gnu-tools-for-stm32.12.3.rel1.win32_1.0.200.202406191623/tools/bin/../lib/gcc/arm-none-eabi/12.3.1/../../../../arm-none-eabi/lib/thumb/v7e-m+fp/hard\libc_nano.a(libc_a-isattyr.o)
                0x08009fe4                _isatty_r
 .text.sqrtf    0x0800a004       0x3c C:/ST/STM32CubeIDE_1.16.1/STM32CubeIDE/plugins/com.st.stm32cube.ide.mcu.externaltools.gnu-tools-for-stm32.12.3.rel1.win32_1.0.200.202406191623/tools/bin/../lib/gcc/arm-none-eabi/12.3.1/../../../../arm-none-eabi/lib/thumb/v7e-m+fp/hard\libm.a(libm_a-wf_sqrt.o)
                0x0800a004                sqrtf
 .text.__ieee754_sqrtf
                0x0800a040        0x6 C:/ST/STM32CubeIDE_1.16.1/STM32CubeIDE/plugins/com.st.stm32cube.ide.mcu.externaltools.gnu-tools-for-stm32.12.3.rel1.win32_1.0.200.202406191623/tools/bin/../lib/gcc/arm-none-eabi/12.3.1/../../../../arm-none-eabi/lib/thumb/v7e-m+fp/hard\libm.a(libm_a-ef_sqrt.o)
                0x0800a040                __ieee754_sqrtf
 *(.glue_7)
 .glue_7        0x0800a046        0x0 linker stubs
 *(.glue_7t)
 .glue_7t       0x0800a046        0x0 linker stubs
 *(.eh_frame)
 *fill*         0x0800a046        0x2 
 .eh_frame      0x0800a048        0x0 C:/ST/STM32CubeIDE_1.16.1/STM32CubeIDE/plugins/com.st.stm32cube.ide.mcu.externaltools.gnu-tools-for-stm32.12.3.rel1.win32_1.0.200.202406191623/tools/bin/../lib/gcc/arm-none-eabi/12.3.1/thumb/v7e-m+fp/hard/crtbegin.o
 *(.init)
 .init          0x0800a048        0x4 C:/ST/STM32CubeIDE_1.16.1/STM32CubeIDE/plugins/com.st.stm32cube.ide.mcu.externaltools.gnu-tools-for-stm32.12.3.rel1.win32_1.0.200.202406191623/tools/bin/../lib/gcc/arm-none-eabi/12.3.1/thumb/v7e-m+fp/hard/crti.o
                0x0800a048                _init
 .init          0x0800a04c        0x8 C:/ST/STM32CubeIDE_1.16.1/STM32CubeIDE/plugins/com.st.stm32cube.ide.mcu.externaltools.gnu-tools-for-stm32.12.3.rel1.win32_1.0.200.202406191623/tools/bin/../lib/gcc/arm-none-eabi/12.3.1/thumb/v7e-m+fp/hard/crtn.o
 *(.fini)
 .fini          0x0800a054        0x4 C:/ST/STM32CubeIDE_1.16.1/STM32CubeIDE/plugins/com.st.stm32cube.ide.mcu.externaltools.gnu-tools-for-stm32.12.3.rel1.win32_1.0.200.202406191623/tools/bin/../lib/gcc/arm-none-eabi/12.3.1/thumb/v7e-m+fp/hard/crti.o
                0x0800a054                _fini
 .fini          0x0800a058        0x8 C:/ST/STM32CubeIDE_1.16.1/STM32CubeIDE/plugins/com.st.stm32cube.ide.mcu.externaltools.gnu-tools-for-stm32.12.3.rel1.win32_1.0.200.202406191623/tools/bin/../lib/gcc/arm-none-eabi/12.3.1/thumb/v7e-m+fp/hard/crtn.o
                0x0800a060                        . = ALIGN (0x4)
                0x0800a060                        _etext = .

.vfp11_veneer   0x0800a060        0x0
 .vfp11_veneer  0x0800a060        0x0 linker stubs

.v4_bx          0x0800a060        0x0
 .v4_bx         0x0800a060        0x0 linker stubs

.iplt           0x0800a060        0x0
 .iplt          0x0800a060        0x0 C:/ST/STM32CubeIDE_1.16.1/STM32CubeIDE/plugins/com.st.stm32cube.ide.mcu.externaltools.gnu-tools-for-stm32.12.3.rel1.win32_1.0.200.202406191623/tools/bin/../lib/gcc/arm-none-eabi/12.3.1/thumb/v7e-m+fp/hard/crtbegin.o

.rodata         0x0800a060      0x1fc
                0x0800a060                        . = ALIGN (0x4)
 *(.rodata)
 .rodata        0x0800a060       0x71 ./Core/Src/main.o
 *fill*         0x0800a0d1        0x3 
 .rodata        0x0800a0d4        0x4 ./Core/Src/tasks.o
 .rodata        0x0800a0d8       0x30 ./Middlewares/Third_Party/FreeRTOS/Source/tasks.o
 .rodata        0x0800a108        0xd ./Middlewares/Third_Party/FreeRTOS/Source/timers.o
 *(.rodata*)
 *fill*         0x0800a115        0x3 
 .rodata.defaultTask_attributes
                0x0800a118       0x24 ./Core/Src/main.o
                0x0800a118                defaultTask_attributes
 .rodata.task_BlinkBlue_attributes
                0x0800a13c       0x24 ./Core/Src/main.o
                0x0800a13c                task_BlinkBlue_attributes
 .rodata.task_ReadAccel_attributes
                0x0800a160       0x24 ./Core/Src/main.o
                0x0800a160                task_ReadAccel_attributes
 .rodata.task_WriteGreen_attributes
                0x0800a184       0x24 ./Core/Src/main.o
                0x0800a184                task_WriteGreen_attributes
 .rodata.task_ReadMagnet_attributes
                0x0800a1a8       0x24 ./Core/Src/main.o
                0x0800a1a8                task_ReadMagnet_attributes
 .rodata.task_WriteRed_attributes
                0x0800a1cc       0x24 ./Core/Src/main.o
                0x0800a1cc                task_WriteRed_attributes
 .rodata.mutexi2c1_attributes
                0x0800a1f0       0x10 ./Core/Src/main.o
                0x0800a1f0                mutexi2c1_attributes
 .rodata.exti_sem_attributes
                0x0800a200       0x10 ./Core/Src/main.o
                0x0800a200                exti_sem_attributes
 .rodata.AHBPrescTable
                0x0800a210       0x10 ./Core/Src/system_stm32f4xx.o
                0x0800a210                AHBPrescTable
 .rodata.APBPrescTable
                0x0800a220        0x8 ./Core/Src/system_stm32f4xx.o
                0x0800a220                APBPrescTable
 .rodata._vfprintf_r.str1.1
                0x0800a228       0x11 C:/ST/STM32CubeIDE_1.16.1/STM32CubeIDE/plugins/com.st.stm32cube.ide.mcu.externaltools.gnu-tools-for-stm32.12.3.rel1.win32_1.0.200.202406191623/tools/bin/../lib/gcc/arm-none-eabi/12.3.1/../../../../arm-none-eabi/lib/thumb/v7e-m+fp/hard\libc_nano.a(libc_a-nano-vfprintf.o)
 .rodata._printf_i.str1.1
                0x0800a239       0x22 C:/ST/STM32CubeIDE_1.16.1/STM32CubeIDE/plugins/com.st.stm32cube.ide.mcu.externaltools.gnu-tools-for-stm32.12.3.rel1.win32_1.0.200.202406191623/tools/bin/../lib/gcc/arm-none-eabi/12.3.1/../../../../arm-none-eabi/lib/thumb/v7e-m+fp/hard\libc_nano.a(libc_a-nano-vfprintf_i.o)
                0x0800a25c                        . = ALIGN (0x4)
 *fill*         0x0800a25b        0x1 

.ARM.extab      0x0800a25c        0x0
                0x0800a25c                        . = ALIGN (0x4)
 *(.ARM.extab* .gnu.linkonce.armextab.*)
                0x0800a25c                        . = ALIGN (0x4)

.ARM            0x0800a25c        0x8
                0x0800a25c                        . = ALIGN (0x4)
                0x0800a25c                        __exidx_start = .
 *(.ARM.exidx*)
 .ARM.exidx     0x0800a25c        0x8 C:/ST/STM32CubeIDE_1.16.1/STM32CubeIDE/plugins/com.st.stm32cube.ide.mcu.externaltools.gnu-tools-for-stm32.12.3.rel1.win32_1.0.200.202406191623/tools/bin/../lib/gcc/arm-none-eabi/12.3.1/../../../../arm-none-eabi/lib/thumb/v7e-m+fp/hard\libc_nano.a(libc_a-memchr.o)
 .ARM.exidx     0x0800a264        0x0 C:/ST/STM32CubeIDE_1.16.1/STM32CubeIDE/plugins/com.st.stm32cube.ide.mcu.externaltools.gnu-tools-for-stm32.12.3.rel1.win32_1.0.200.202406191623/tools/bin/../lib/gcc/arm-none-eabi/12.3.1/thumb/v7e-m+fp/hard\libgcc.a(_udivmoddi4.o)
                                  0x8 (size before relaxing)
                0x0800a264                        __exidx_end = .
                0x0800a264                        . = ALIGN (0x4)

.preinit_array  0x0800a264        0x0
                0x0800a264                        . = ALIGN (0x4)
                0x0800a264                        PROVIDE (__preinit_array_start = .)
 *(.preinit_array*)
                0x0800a264                        PROVIDE (__preinit_array_end = .)
                0x0800a264                        . = ALIGN (0x4)

.init_array     0x0800a264        0x4
                0x0800a264                        . = ALIGN (0x4)
                0x0800a264                        PROVIDE (__init_array_start = .)
 *(SORT_BY_NAME(.init_array.*))
 *(.init_array*)
 .init_array    0x0800a264        0x4 C:/ST/STM32CubeIDE_1.16.1/STM32CubeIDE/plugins/com.st.stm32cube.ide.mcu.externaltools.gnu-tools-for-stm32.12.3.rel1.win32_1.0.200.202406191623/tools/bin/../lib/gcc/arm-none-eabi/12.3.1/thumb/v7e-m+fp/hard/crtbegin.o
                0x0800a268                        PROVIDE (__init_array_end = .)
                0x0800a268                        . = ALIGN (0x4)

.fini_array     0x0800a268        0x4
                0x0800a268                        . = ALIGN (0x4)
                [!provide]                        PROVIDE (__fini_array_start = .)
 *(SORT_BY_NAME(.fini_array.*))
 *(.fini_array*)
 .fini_array    0x0800a268        0x4 C:/ST/STM32CubeIDE_1.16.1/STM32CubeIDE/plugins/com.st.stm32cube.ide.mcu.externaltools.gnu-tools-for-stm32.12.3.rel1.win32_1.0.200.202406191623/tools/bin/../lib/gcc/arm-none-eabi/12.3.1/thumb/v7e-m+fp/hard/crtbegin.o
                [!provide]                        PROVIDE (__fini_array_end = .)
                0x0800a26c                        . = ALIGN (0x4)
                0x0800a26c                        _sidata = LOADADDR (.data)

.rel.dyn        0x0800a26c        0x0
 .rel.iplt      0x0800a26c        0x0 C:/ST/STM32CubeIDE_1.16.1/STM32CubeIDE/plugins/com.st.stm32cube.ide.mcu.externaltools.gnu-tools-for-stm32.12.3.rel1.win32_1.0.200.202406191623/tools/bin/../lib/gcc/arm-none-eabi/12.3.1/thumb/v7e-m+fp/hard/crtbegin.o

.data           0x20000000      0x12c load address 0x0800a26c
                0x20000000                        . = ALIGN (0x4)
                0x20000000                        _sdata = .
 *(.data)
 *(.data*)
 .data.Lsm303agrDrv
                0x20000000       0x34 ./Components/lsm303agr/lsm303agr.o
                0x20000000                Lsm303agrDrv
 .data.Lsm303dlhcDrv
                0x20000034       0x34 ./Components/lsm303dlhc/lsm303dlhc.o
                0x20000034                Lsm303dlhcDrv
 .data.encendido
                0x20000068        0x4 ./Core/Src/main.o
                0x20000068                encendido
 .data.data_green
                0x2000006c       0x10 ./Core/Src/main.o
                0x2000006c                data_green
 .data.data_red
                0x2000007c       0x10 ./Core/Src/main.o
                0x2000007c                data_red
 .data.ledfsm   0x2000008c       0x30 ./Core/Src/main.o
 .data.SystemCoreClock
                0x200000bc        0x4 ./Core/Src/system_stm32f4xx.o
                0x200000bc                SystemCoreClock
 .data.uwTickPrio
                0x200000c0        0x4 ./Drivers/STM32F4xx_HAL_Driver/Src/stm32f4xx_hal.o
                0x200000c0                uwTickPrio
 .data.uwTickFreq
                0x200000c4        0x1 ./Drivers/STM32F4xx_HAL_Driver/Src/stm32f4xx_hal.o
                0x200000c4                uwTickFreq
 *fill*         0x200000c5        0x3 
 .data.uxCriticalNesting
                0x200000c8        0x4 ./Middlewares/Third_Party/FreeRTOS/Source/portable/GCC/ARM_CM4F/port.o
 .data.I2cxTimeout
                0x200000cc        0x4 ./STM32F411E-Discovery/stm32f411e_discovery.o
                0x200000cc                I2cxTimeout
 .data.__sglue  0x200000d0        0xc C:/ST/STM32CubeIDE_1.16.1/STM32CubeIDE/plugins/com.st.stm32cube.ide.mcu.externaltools.gnu-tools-for-stm32.12.3.rel1.win32_1.0.200.202406191623/tools/bin/../lib/gcc/arm-none-eabi/12.3.1/../../../../arm-none-eabi/lib/thumb/v7e-m+fp/hard\libc_nano.a(libc_a-findfp.o)
                0x200000d0                __sglue
 .data._impure_ptr
                0x200000dc        0x4 C:/ST/STM32CubeIDE_1.16.1/STM32CubeIDE/plugins/com.st.stm32cube.ide.mcu.externaltools.gnu-tools-for-stm32.12.3.rel1.win32_1.0.200.202406191623/tools/bin/../lib/gcc/arm-none-eabi/12.3.1/../../../../arm-none-eabi/lib/thumb/v7e-m+fp/hard\libc_nano.a(libc_a-impure.o)
                0x200000dc                _impure_ptr
 .data._impure_data
                0x200000e0       0x4c C:/ST/STM32CubeIDE_1.16.1/STM32CubeIDE/plugins/com.st.stm32cube.ide.mcu.externaltools.gnu-tools-for-stm32.12.3.rel1.win32_1.0.200.202406191623/tools/bin/../lib/gcc/arm-none-eabi/12.3.1/../../../../arm-none-eabi/lib/thumb/v7e-m+fp/hard\libc_nano.a(libc_a-impure.o)
                0x200000e0                _impure_data
 *(.RamFunc)
 *(.RamFunc*)
                0x2000012c                        . = ALIGN (0x4)
                0x2000012c                        _edata = .

.igot.plt       0x2000012c        0x0 load address 0x0800a398
 .igot.plt      0x2000012c        0x0 C:/ST/STM32CubeIDE_1.16.1/STM32CubeIDE/plugins/com.st.stm32cube.ide.mcu.externaltools.gnu-tools-for-stm32.12.3.rel1.win32_1.0.200.202406191623/tools/bin/../lib/gcc/arm-none-eabi/12.3.1/thumb/v7e-m+fp/hard/crtbegin.o
                0x2000012c                        . = ALIGN (0x4)

.bss            0x2000012c     0x4d3c load address 0x0800a398
                0x2000012c                        _sbss = .
                0x2000012c                        __bss_start__ = _sbss
 *(.bss)
 .bss           0x2000012c       0x1c C:/ST/STM32CubeIDE_1.16.1/STM32CubeIDE/plugins/com.st.stm32cube.ide.mcu.externaltools.gnu-tools-for-stm32.12.3.rel1.win32_1.0.200.202406191623/tools/bin/../lib/gcc/arm-none-eabi/12.3.1/thumb/v7e-m+fp/hard/crtbegin.o
 *(.bss*)
 .bss.hi2c1     0x20000148       0x54 ./Core/Src/main.o
                0x20000148                hi2c1
 .bss.hspi1     0x2000019c       0x58 ./Core/Src/main.o
                0x2000019c                hspi1
 .bss.htim4     0x200001f4       0x48 ./Core/Src/main.o
                0x200001f4                htim4
 .bss.defaultTaskHandle
                0x2000023c        0x4 ./Core/Src/main.o
                0x2000023c                defaultTaskHandle
 .bss.task_BlinkBlueHandle
                0x20000240        0x4 ./Core/Src/main.o
                0x20000240                task_BlinkBlueHandle
 .bss.task_ReadAccelHandle
                0x20000244        0x4 ./Core/Src/main.o
                0x20000244                task_ReadAccelHandle
 .bss.task_WriteGreenHandle
                0x20000248        0x4 ./Core/Src/main.o
                0x20000248                task_WriteGreenHandle
 .bss.task_ReadMagnetHandle
                0x2000024c        0x4 ./Core/Src/main.o
                0x2000024c                task_ReadMagnetHandle
 .bss.task_WriteRedHandle
                0x20000250        0x4 ./Core/Src/main.o
                0x20000250                task_WriteRedHandle
 .bss.mutexi2c1Handle
                0x20000254        0x4 ./Core/Src/main.o
                0x20000254                mutexi2c1Handle
 .bss.exti_semHandle
                0x20000258        0x4 ./Core/Src/main.o
                0x20000258                exti_semHandle
 .bss.LEDazul   0x2000025c        0x4 ./Core/Src/main.o
                0x2000025c                LEDazul
 .bss.htim10    0x20000260       0x48 ./Core/Src/stm32f4xx_hal_timebase_tim.o
                0x20000260                htim10
 .bss.__sbrk_heap_end
                0x200002a8        0x4 ./Core/Src/sysmem.o
 .bss.accxyz    0x200002ac        0x6 ./Core/Src/tasks.o
                0x200002ac                accxyz
 *fill*         0x200002b2        0x2 
 .bss.magxyz    0x200002b4        0x6 ./Core/Src/tasks.o
                0x200002b4                magxyz
 *fill*         0x200002ba        0x2 
 .bss.cumxyz    0x200002bc        0x6 ./Core/Src/tasks.o
                0x200002bc                cumxyz
 *fill*         0x200002c2        0x2 
 .bss.magcumxyz
                0x200002c4        0x6 ./Core/Src/tasks.o
                0x200002c4                magcumxyz
 *fill*         0x200002ca        0x2 
 .bss.uwTick    0x200002cc        0x4 ./Drivers/STM32F4xx_HAL_Driver/Src/stm32f4xx_hal.o
                0x200002cc                uwTick
 .bss.KernelState
                0x200002d0        0x4 ./Middlewares/Third_Party/FreeRTOS/Source/CMSIS_RTOS_V2/cmsis_os2.o
 .bss.Idle_TCB.3
                0x200002d4       0xb0 ./Middlewares/Third_Party/FreeRTOS/Source/CMSIS_RTOS_V2/cmsis_os2.o
 .bss.Idle_Stack.2
                0x20000384      0x200 ./Middlewares/Third_Party/FreeRTOS/Source/CMSIS_RTOS_V2/cmsis_os2.o
 .bss.Timer_TCB.1
                0x20000584       0xb0 ./Middlewares/Third_Party/FreeRTOS/Source/CMSIS_RTOS_V2/cmsis_os2.o
 .bss.Timer_Stack.0
                0x20000634      0x400 ./Middlewares/Third_Party/FreeRTOS/Source/CMSIS_RTOS_V2/cmsis_os2.o
 .bss.xQueueRegistry
                0x20000a34       0x40 ./Middlewares/Third_Party/FreeRTOS/Source/queue.o
                0x20000a34                xQueueRegistry
 .bss.pxCurrentTCB
                0x20000a74        0x4 ./Middlewares/Third_Party/FreeRTOS/Source/tasks.o
                0x20000a74                pxCurrentTCB
 .bss.pxReadyTasksLists
                0x20000a78      0x460 ./Middlewares/Third_Party/FreeRTOS/Source/tasks.o
 .bss.xDelayedTaskList1
                0x20000ed8       0x14 ./Middlewares/Third_Party/FreeRTOS/Source/tasks.o
 .bss.xDelayedTaskList2
                0x20000eec       0x14 ./Middlewares/Third_Party/FreeRTOS/Source/tasks.o
 .bss.pxDelayedTaskList
                0x20000f00        0x4 ./Middlewares/Third_Party/FreeRTOS/Source/tasks.o
 .bss.pxOverflowDelayedTaskList
                0x20000f04        0x4 ./Middlewares/Third_Party/FreeRTOS/Source/tasks.o
 .bss.xPendingReadyList
                0x20000f08       0x14 ./Middlewares/Third_Party/FreeRTOS/Source/tasks.o
 .bss.xTasksWaitingTermination
                0x20000f1c       0x14 ./Middlewares/Third_Party/FreeRTOS/Source/tasks.o
 .bss.uxDeletedTasksWaitingCleanUp
                0x20000f30        0x4 ./Middlewares/Third_Party/FreeRTOS/Source/tasks.o
 .bss.xSuspendedTaskList
                0x20000f34       0x14 ./Middlewares/Third_Party/FreeRTOS/Source/tasks.o
 .bss.uxCurrentNumberOfTasks
                0x20000f48        0x4 ./Middlewares/Third_Party/FreeRTOS/Source/tasks.o
 .bss.xTickCount
                0x20000f4c        0x4 ./Middlewares/Third_Party/FreeRTOS/Source/tasks.o
 .bss.uxTopReadyPriority
                0x20000f50        0x4 ./Middlewares/Third_Party/FreeRTOS/Source/tasks.o
 .bss.xSchedulerRunning
                0x20000f54        0x4 ./Middlewares/Third_Party/FreeRTOS/Source/tasks.o
 .bss.xPendedTicks
                0x20000f58        0x4 ./Middlewares/Third_Party/FreeRTOS/Source/tasks.o
 .bss.xYieldPending
                0x20000f5c        0x4 ./Middlewares/Third_Party/FreeRTOS/Source/tasks.o
 .bss.xNumOfOverflows
                0x20000f60        0x4 ./Middlewares/Third_Party/FreeRTOS/Source/tasks.o
 .bss.uxTaskNumber
                0x20000f64        0x4 ./Middlewares/Third_Party/FreeRTOS/Source/tasks.o
 .bss.xNextTaskUnblockTime
                0x20000f68        0x4 ./Middlewares/Third_Party/FreeRTOS/Source/tasks.o
 .bss.xIdleTaskHandle
                0x20000f6c        0x4 ./Middlewares/Third_Party/FreeRTOS/Source/tasks.o
 .bss.uxSchedulerSuspended
                0x20000f70        0x4 ./Middlewares/Third_Party/FreeRTOS/Source/tasks.o
 .bss.ulTaskSwitchedInTime
                0x20000f74        0x4 ./Middlewares/Third_Party/FreeRTOS/Source/tasks.o
 .bss.ulTotalRunTime
                0x20000f78        0x4 ./Middlewares/Third_Party/FreeRTOS/Source/tasks.o
 .bss.xActiveTimerList1
                0x20000f7c       0x14 ./Middlewares/Third_Party/FreeRTOS/Source/timers.o
 .bss.xActiveTimerList2
                0x20000f90       0x14 ./Middlewares/Third_Party/FreeRTOS/Source/timers.o
 .bss.pxCurrentTimerList
                0x20000fa4        0x4 ./Middlewares/Third_Party/FreeRTOS/Source/timers.o
 .bss.pxOverflowTimerList
                0x20000fa8        0x4 ./Middlewares/Third_Party/FreeRTOS/Source/timers.o
 .bss.xTimerQueue
                0x20000fac        0x4 ./Middlewares/Third_Party/FreeRTOS/Source/timers.o
 .bss.xTimerTaskHandle
                0x20000fb0        0x4 ./Middlewares/Third_Party/FreeRTOS/Source/timers.o
 .bss.xLastTime.2
                0x20000fb4        0x4 ./Middlewares/Third_Party/FreeRTOS/Source/timers.o
 .bss.ucStaticTimerQueueStorage.1
                0x20000fb8       0xa0 ./Middlewares/Third_Party/FreeRTOS/Source/timers.o
 .bss.xStaticTimerQueue.0
                0x20001058       0x50 ./Middlewares/Third_Party/FreeRTOS/Source/timers.o
 .bss.ulTimerCountsForOneTick
                0x200010a8        0x4 ./Middlewares/Third_Party/FreeRTOS/Source/portable/GCC/ARM_CM4F/port.o
 .bss.xMaximumPossibleSuppressedTicks
                0x200010ac        0x4 ./Middlewares/Third_Party/FreeRTOS/Source/portable/GCC/ARM_CM4F/port.o
 .bss.ulStoppedTimerCompensation
                0x200010b0        0x4 ./Middlewares/Third_Party/FreeRTOS/Source/portable/GCC/ARM_CM4F/port.o
 .bss.ucMaxSysCallPriority
                0x200010b4        0x1 ./Middlewares/Third_Party/FreeRTOS/Source/portable/GCC/ARM_CM4F/port.o
 *fill*         0x200010b5        0x3 
 .bss.ulMaxPRIGROUPValue
                0x200010b8        0x4 ./Middlewares/Third_Party/FreeRTOS/Source/portable/GCC/ARM_CM4F/port.o
 .bss.ucHeap    0x200010bc     0x3c00 ./Middlewares/Third_Party/FreeRTOS/Source/portable/MemMang/heap_1.o
 .bss.xNextFreeByte
                0x20004cbc        0x4 ./Middlewares/Third_Party/FreeRTOS/Source/portable/MemMang/heap_1.o
 .bss.pucAlignedHeap.0
                0x20004cc0        0x4 ./Middlewares/Third_Party/FreeRTOS/Source/portable/MemMang/heap_1.o
 .bss.I2cHandle
                0x20004cc4       0x54 ./STM32F411E-Discovery/stm32f411e_discovery.o
 .bss.AccelerometerDrv
                0x20004d18        0x4 ./STM32F411E-Discovery/stm32f411e_discovery_accelerometer.o
 .bss.__malloc_sbrk_start
                0x20004d1c        0x4 C:/ST/STM32CubeIDE_1.16.1/STM32CubeIDE/plugins/com.st.stm32cube.ide.mcu.externaltools.gnu-tools-for-stm32.12.3.rel1.win32_1.0.200.202406191623/tools/bin/../lib/gcc/arm-none-eabi/12.3.1/../../../../arm-none-eabi/lib/thumb/v7e-m+fp/hard\libc_nano.a(libc_a-mallocr.o)
                0x20004d1c                __malloc_sbrk_start
 .bss.__malloc_free_list
                0x20004d20        0x4 C:/ST/STM32CubeIDE_1.16.1/STM32CubeIDE/plugins/com.st.stm32cube.ide.mcu.externaltools.gnu-tools-for-stm32.12.3.rel1.win32_1.0.200.202406191623/tools/bin/../lib/gcc/arm-none-eabi/12.3.1/../../../../arm-none-eabi/lib/thumb/v7e-m+fp/hard\libc_nano.a(libc_a-mallocr.o)
                0x20004d20                __malloc_free_list
 .bss.__sf      0x20004d24      0x138 C:/ST/STM32CubeIDE_1.16.1/STM32CubeIDE/plugins/com.st.stm32cube.ide.mcu.externaltools.gnu-tools-for-stm32.12.3.rel1.win32_1.0.200.202406191623/tools/bin/../lib/gcc/arm-none-eabi/12.3.1/../../../../arm-none-eabi/lib/thumb/v7e-m+fp/hard\libc_nano.a(libc_a-findfp.o)
                0x20004d24                __sf
 .bss.__stdio_exit_handler
                0x20004e5c        0x4 C:/ST/STM32CubeIDE_1.16.1/STM32CubeIDE/plugins/com.st.stm32cube.ide.mcu.externaltools.gnu-tools-for-stm32.12.3.rel1.win32_1.0.200.202406191623/tools/bin/../lib/gcc/arm-none-eabi/12.3.1/../../../../arm-none-eabi/lib/thumb/v7e-m+fp/hard\libc_nano.a(libc_a-findfp.o)
                0x20004e5c                __stdio_exit_handler
 .bss.errno     0x20004e60        0x4 C:/ST/STM32CubeIDE_1.16.1/STM32CubeIDE/plugins/com.st.stm32cube.ide.mcu.externaltools.gnu-tools-for-stm32.12.3.rel1.win32_1.0.200.202406191623/tools/bin/../lib/gcc/arm-none-eabi/12.3.1/../../../../arm-none-eabi/lib/thumb/v7e-m+fp/hard\libc_nano.a(libc_a-reent.o)
                0x20004e60                errno
 .bss.__lock___malloc_recursive_mutex
                0x20004e64        0x1 C:/ST/STM32CubeIDE_1.16.1/STM32CubeIDE/plugins/com.st.stm32cube.ide.mcu.externaltools.gnu-tools-for-stm32.12.3.rel1.win32_1.0.200.202406191623/tools/bin/../lib/gcc/arm-none-eabi/12.3.1/../../../../arm-none-eabi/lib/thumb/v7e-m+fp/hard\libc_nano.a(libc_a-lock.o)
                0x20004e64                __lock___malloc_recursive_mutex
 .bss.__lock___sfp_recursive_mutex
                0x20004e65        0x1 C:/ST/STM32CubeIDE_1.16.1/STM32CubeIDE/plugins/com.st.stm32cube.ide.mcu.externaltools.gnu-tools-for-stm32.12.3.rel1.win32_1.0.200.202406191623/tools/bin/../lib/gcc/arm-none-eabi/12.3.1/../../../../arm-none-eabi/lib/thumb/v7e-m+fp/hard\libc_nano.a(libc_a-lock.o)
                0x20004e65                __lock___sfp_recursive_mutex
 *(COMMON)
                0x20004e68                        . = ALIGN (0x4)
 *fill*         0x20004e66        0x2 
                0x20004e68                        _ebss = .
                0x20004e68                        __bss_end__ = _ebss

._user_heap_stack
                0x20004e68      0x600 load address 0x0800a398
                0x20004e68                        . = ALIGN (0x8)
                [!provide]                        PROVIDE (end = .)
                0x20004e68                        PROVIDE (_end = .)