../Core/Src/main.c:86:5:main	8	static
../Core/Src/main.c:173:6:SystemClock_Config	88	static
../Core/Src/main.c:218:6:PeriphCommonClock_Config	32	static
../Core/Src/main.c:239:13:MX_I2C1_Init	8	static
../Core/Src/main.c:273:13:MX_I2S2_Init	8	static
../Core/Src/main.c:307:13:MX_I2S3_Init	8	static
../Core/Src/main.c:341:13:MX_SPI1_Init	8	static
../Core/Src/main.c:379:13:MX_GPIO_Init	56	static
../Core/Src/main.c:465:6:StartDefaultTask	16	static
../Core/Src/main.c:486:6:HAL_TIM_PeriodElapsedCallback	16	static
../Core/Src/main.c:503:6:Error_Handler	4	static,ignoring_inline_asm
