../Drivers/CMSIS/Include/core_cm4.h:2064:26:ITM_SendChar	16	static,ignoring_inline_asm
../test/hw/test_runner.c:60:6:setUp	8	static
../test/hw/test_runner.c:66:6:tearDown	4	static
../test/hw/test_runner.c:74:1:test_tick_changes	16	static
../test/hw/test_runner.c:91:1:test_tick_correct	8	static
../test/hw/test_runner.c:100:1:test_button	16	static
../test/hw/test_runner.c:117:6:test_sqrt_1600	8	static
../test/hw/test_runner.c:125:6:test_acc_valid_module	8	static
../test/hw/test_runner.c:133:6:test_mag_valid_module	8	static
../test/hw/test_runner.c:141:6:test_led_red	8	static
../test/hw/test_runner.c:149:6:test_led_orange	8	static
../test/hw/test_runner.c:157:6:test_led_blue	8	static
../test/hw/test_runner.c:165:6:test_led_green	8	static
../test/hw/test_runner.c:173:6:test_led_green_50	8	static
../test/hw/test_runner.c:181:6:test_led_green_90	8	static
../test/hw/test_runner.c:189:6:test_led_red_50	8	static
../test/hw/test_runner.c:197:6:test_led_red_90	8	static
../test/hw/test_runner.c:205:6:test_acc_get_x	8	static
../test/hw/test_runner.c:213:6:test_acc_get_y	8	static
../test/hw/test_runner.c:221:6:test_acc_get_z	8	static
../test/hw/test_runner.c:229:6:test_mag_get_north	8	static
../test/hw/test_runner.c:239:5:main	8	static
../test/hw/test_runner.c:277:6:HAL_GPIO_EXTI_Callback	16	static
../test/hw/test_runner.c:289:6:HAL_TIM_PeriodElapsedCallback	16	static
../test/hw/test_runner.c:300:13:SystemClock_Config	88	static
../test/hw/test_runner.c:349:6:Error_Handler	4	static,ignoring_inline_asm
../test/hw/test_runner.c:362:5:__io_putchar	16	static
C:\ST\STM32CubeIDE_1.16.1\STM32CubeIDE\plugins\com.st.stm32cube.ide.mcu.externaltools.gnu-tools-for-stm32.12.3.rel1.win32_1.0.200.202406191623\tools\bin/../lib/gcc/arm-none-eabi/12.3.1/../../../../arm-none-eabi/include/stdio.h:226:5:putchar	16	static
